#
# There is insufficient memory for the Java Runtime Environment to continue.
# Native memory allocation (malloc) failed to allocate 184096 bytes for Chunk::new
# Possible reasons:
#   The system is out of physical RAM or swap space
#   The process is running with CompressedOops enabled, and the Java Heap may be blocking the growth of the native heap
# Possible solutions:
#   Reduce memory load on the system
#   Increase physical memory or swap space
#   Check if swap backing store is full
#   Decrease Java heap size (-Xmx/-Xms)
#   Decrease number of Java threads
#   Decrease Java thread stack sizes (-Xss)
#   Set larger code cache with -XX:ReservedCodeCacheSize=
#   JVM is running with Unscaled Compressed Oops mode in which the Java heap is
#     placed in the first 4GB address space. The Java Heap base address is the
#     maximum limit for the native heap growth. Please use -XX:HeapBaseMinAddress
#     to set the Java Heap base and to place the Java Heap above 4GB virtual address.
# This output file may be truncated or incomplete.
#
#  Out of Memory Error (arena.cpp:184), pid=22052, tid=30596
#
# JRE version: OpenJDK Runtime Environment Temurin-19.0.2+7 (19.0.2+7) (build 19.0.2+7)
# Java VM: OpenJDK 64-Bit Server VM Temurin-19.0.2+7 (19.0.2+7, mixed mode, sharing, tiered, compressed oops, compressed class ptrs, g1 gc, windows-amd64)
# No core dump will be written. Minidumps are not enabled by default on client versions of Windows
#

---------------  S U M M A R Y ------------

Command Line: --add-modules=ALL-SYSTEM --add-opens=java.base/java.util=ALL-UNNAMED --add-opens=java.base/java.lang=ALL-UNNAMED -Declipse.application=org.python.pydev.pydev_lsp.application -Dosgi.bundles.defaultStartLevel=4 -Declipse.product=org.python.pydev.pydev_lsp.product -Xmx1G -XX:+UseG1GC -XX:+UseStringDeduplication c:\Users\ranij\.vscode\extensions\fabioz.vscode-pydev-0.16.0\server\plugins\org.eclipse.equinox.launcher_1.6.700.v20240213-1244.jar -configuration c:\Users\ranij\.vscode\extensions\fabioz.vscode-pydev-0.16.0\server\config_win -data c:\Users\ranij\AppData\Roaming\Code\User\workspaceStorage\fd8b2cb8ee5520f83ed8649ec1cc86b8\fabioz.vscode-pydev\pydev_ws

Host: AMD Ryzen 3 5300U with Radeon Graphics         , 8 cores, 7G,  Windows 11 , 64 bit Build 26100 (10.0.26100.7920)
Time: Fri Mar 20 20:53:37 2026 India Standard Time elapsed time: 56.495850 seconds (0d 0h 0m 56s)

---------------  T H R E A D  ---------------

Current thread (0x0000027258681a70):  JavaThread "C2 CompilerThread1" daemon [_thread_in_native, id=30596, stack(0x00000084a8c00000,0x00000084a8d00000)]


Current CompileTask:
C2:  56495 3641 %     4       com.google.gson.stream.JsonReader::nextQuotedValue @ 23 (270 bytes)

Stack: [0x00000084a8c00000,0x00000084a8d00000]
Native frames: (J=compiled Java code, j=interpreted, Vv=VM code, C=native code)
V  [jvm.dll+0x6e9e1a]
V  [jvm.dll+0x8a36c0]
V  [jvm.dll+0x8a50ae]
V  [jvm.dll+0x8a5763]
V  [jvm.dll+0x27bcdf]
V  [jvm.dll+0xc221f]
V  [jvm.dll+0xc2595]
V  [jvm.dll+0x2f2acf]
V  [jvm.dll+0x5ea39e]
V  [jvm.dll+0x24e233]
V  [jvm.dll+0x2468bf]
V  [jvm.dll+0x244565]
V  [jvm.dll+0x1cf4b1]
V  [jvm.dll+0x254229]
V  [jvm.dll+0x252418]
V  [jvm.dll+0x85403d]
V  [jvm.dll+0x84de3a]
V  [jvm.dll+0x6e8abb]
C  [ucrtbase.dll+0x37b0]
C  [KERNEL32.DLL+0x2e8d7]
C  [ntdll.dll+0x8c48c]


---------------  P R O C E S S  ---------------

Threads class SMR info:
_java_thread_list=0x0000027259419000, length=34, elements={
0x00000272386f43f0, 0x0000027253c9ff10, 0x0000027253ca1750, 0x0000027253cabad0,
0x0000027253caf860, 0x0000027253cb8860, 0x0000027253cca7b0, 0x0000027253ccc390,
0x0000027253ccf880, 0x0000027253cda9e0, 0x00000272580b7cc0, 0x0000027258192b00,
0x0000027258351f70, 0x00000272589d03e0, 0x00000272584f7a70, 0x0000027258a1c7d0,
0x0000027258bc18f0, 0x00000272591357b0, 0x0000027258f1d3f0, 0x0000027258f1beb0,
0x0000027258f1c400, 0x0000027258f1ee80, 0x0000027258f1d940, 0x0000027258f1e930,
0x0000027258f1de90, 0x0000027258f1f3d0, 0x0000027258f1c950, 0x0000027258f1e3e0,
0x0000027258f1cea0, 0x0000027258681a70, 0x0000027258683bd0, 0x000002725a13f3a0,
0x000002725a13d3c0, 0x000002725a13f8f0
}

Java Threads: ( => current thread )
  0x00000272386f43f0 JavaThread "main" [_thread_blocked, id=30200, stack(0x00000084a5f00000,0x00000084a6000000)]
  0x0000027253c9ff10 JavaThread "Reference Handler" daemon [_thread_blocked, id=27612, stack(0x00000084a6700000,0x00000084a6800000)]
  0x0000027253ca1750 JavaThread "Finalizer" daemon [_thread_blocked, id=18500, stack(0x00000084a6800000,0x00000084a6900000)]
  0x0000027253cabad0 JavaThread "Signal Dispatcher" daemon [_thread_blocked, id=18832, stack(0x00000084a6900000,0x00000084a6a00000)]
  0x0000027253caf860 JavaThread "Attach Listener" daemon [_thread_blocked, id=9336, stack(0x00000084a6a00000,0x00000084a6b00000)]
  0x0000027253cb8860 JavaThread "Service Thread" daemon [_thread_blocked, id=26800, stack(0x00000084a6b00000,0x00000084a6c00000)]
  0x0000027253cca7b0 JavaThread "Monitor Deflation Thread" daemon [_thread_blocked, id=8548, stack(0x00000084a6c00000,0x00000084a6d00000)]
  0x0000027253ccc390 JavaThread "C2 CompilerThread0" daemon [_thread_blocked, id=2656, stack(0x00000084a6d00000,0x00000084a6e00000)]
  0x0000027253ccf880 JavaThread "C1 CompilerThread0" daemon [_thread_in_vm, id=3012, stack(0x00000084a6e00000,0x00000084a6f00000)]
  0x0000027253cda9e0 JavaThread "Sweeper thread" daemon [_thread_blocked, id=28260, stack(0x00000084a6f00000,0x00000084a7000000)]
  0x00000272580b7cc0 JavaThread "Common-Cleaner" daemon [_thread_blocked, id=2740, stack(0x00000084a7000000,0x00000084a7100000)]
  0x0000027258192b00 JavaThread "Notification Thread" daemon [_thread_blocked, id=27616, stack(0x00000084a7100000,0x00000084a7200000)]
  0x0000027258351f70 JavaThread "Active Thread: Equinox Container: 67cb398e-49c7-4050-8bb9-31afa5e492d5" [_thread_blocked, id=15604, stack(0x00000084a7400000,0x00000084a7500000)]
  0x00000272589d03e0 JavaThread "Framework Event Dispatcher: Equinox Container: 67cb398e-49c7-4050-8bb9-31afa5e492d5" daemon [_thread_blocked, id=15392, stack(0x00000084a7c00000,0x00000084a7d00000)]
  0x00000272584f7a70 JavaThread "Start Level: Equinox Container: 67cb398e-49c7-4050-8bb9-31afa5e492d5" daemon [_thread_blocked, id=6804, stack(0x00000084a7d00000,0x00000084a7e00000)]
  0x0000027258a1c7d0 JavaThread "SCR Component Actor" daemon [_thread_blocked, id=3368, stack(0x00000084a7e00000,0x00000084a7f00000)]
  0x0000027258bc18f0 JavaThread "Worker-JM" [_thread_blocked, id=21972, stack(0x00000084a8000000,0x00000084a8100000)]
  0x00000272591357b0 JavaThread "Worker-0: Refreshing workspace" [_thread_in_native, id=17148, stack(0x00000084a8100000,0x00000084a8200000)]
  0x0000027258f1d3f0 JavaThread "Worker-1: Auto-setup project/interpreter" [_thread_blocked, id=26976, stack(0x00000084a8200000,0x00000084a8300000)]
  0x0000027258f1beb0 JavaThread "Worker-2: Auto-setup project/interpreter" [_thread_in_native, id=30668, stack(0x00000084a8400000,0x00000084a8500000)]
  0x0000027258f1c400 JavaThread "Worker-3: Auto-setup project/interpreter" [_thread_in_native, id=4408, stack(0x00000084a7300000,0x00000084a7400000)]
  0x0000027258f1ee80 JavaThread "pool-2-thread-1" [_thread_blocked, id=2820, stack(0x00000084a8500000,0x00000084a8600000)]
  0x0000027258f1d940 JavaThread "pool-1-thread-1" [_thread_in_native, id=30448, stack(0x00000084a8300000,0x00000084a8400000)]
  0x0000027258f1e930 JavaThread "ForkJoinPool.commonPool-worker-1" daemon [_thread_blocked, id=22820, stack(0x00000084a8700000,0x00000084a8800000)]
  0x0000027258f1de90 JavaThread "Worker-4" [_thread_blocked, id=22216, stack(0x00000084a8b00000,0x00000084a8c00000)]
  0x0000027258f1f3d0 JavaThread "FileSystemWatchService" daemon [_thread_in_native, id=29248, stack(0x00000084a8900000,0x00000084a8a00000)]
  0x0000027258f1c950 JavaThread "Thread-5" daemon [_thread_blocked, id=26744, stack(0x00000084a8a00000,0x00000084a8b00000)]
  0x0000027258f1e3e0 JavaThread "Worker-5" [_thread_blocked, id=2376, stack(0x00000084a8600000,0x00000084a8700000)]
  0x0000027258f1cea0 JavaThread "Thread-10" daemon [_thread_blocked, id=2468, stack(0x00000084a8800000,0x00000084a8900000)]
=>0x0000027258681a70 JavaThread "C2 CompilerThread1" daemon [_thread_in_native, id=30596, stack(0x00000084a8c00000,0x00000084a8d00000)]
  0x0000027258683bd0 JavaThread "C2 CompilerThread2" daemon [_thread_blocked, id=7360, stack(0x00000084a8d00000,0x00000084a8e00000)]
  0x000002725a13f3a0 JavaThread "Worker-6: Auto-setup project/interpreter" [_thread_blocked, id=21852, stack(0x00000084a8e00000,0x00000084a8f00000)]
  0x000002725a13d3c0 JavaThread "Worker-7" [_thread_blocked, id=2032, stack(0x00000084a9100000,0x00000084a9200000)]
  0x000002725a13f8f0 JavaThread "Worker-8" [_thread_blocked, id=2636, stack(0x00000084a8f00000,0x00000084a9000000)]

Other Threads:
  0x0000027253c83710 VMThread "VM Thread" [stack: 0x00000084a6600000,0x00000084a6700000] [id=17820]
  0x0000027258193040 WatcherThread "VM Periodic Task Thread" [stack: 0x00000084a7200000,0x00000084a7300000] [id=720]
  0x0000027238738c10 WorkerThread "GC Thread#0" [stack: 0x00000084a6000000,0x00000084a6100000] [id=25444]
  0x00000272587fa880 WorkerThread "GC Thread#1" [stack: 0x00000084a7500000,0x00000084a7600000] [id=4184]
  0x00000272585a8fe0 WorkerThread "GC Thread#2" [stack: 0x00000084a7600000,0x00000084a7700000] [id=26336]
  0x00000272589c3f60 WorkerThread "GC Thread#3" [stack: 0x00000084a7700000,0x00000084a7800000] [id=30340]
  0x00000272589c36f0 WorkerThread "GC Thread#4" [stack: 0x00000084a7800000,0x00000084a7900000] [id=23104]
  0x00000272589c2e80 WorkerThread "GC Thread#5" [stack: 0x00000084a7900000,0x00000084a7a00000] [id=29824]
  0x00000272589c4230 WorkerThread "GC Thread#6" [stack: 0x00000084a7a00000,0x00000084a7b00000] [id=30572]
  0x00000272589c3420 WorkerThread "GC Thread#7" [stack: 0x00000084a7b00000,0x00000084a7c00000] [id=28712]
  0x0000027238741a80 ConcurrentGCThread "G1 Main Marker" [stack: 0x00000084a6100000,0x00000084a6200000] [id=30156]
  0x0000027238743230 WorkerThread "G1 Conc#0" [stack: 0x00000084a6200000,0x00000084a6300000] [id=29788]
  0x0000027259377dd0 WorkerThread "G1 Conc#1" [stack: 0x00000084a7f00000,0x00000084a8000000] [id=26592]
  0x0000027253b424c0 ConcurrentGCThread "G1 Refine#0" [stack: 0x00000084a6300000,0x00000084a6400000] [id=2040]
  0x0000027253b42f10 ConcurrentGCThread "G1 Service" [stack: 0x00000084a6400000,0x00000084a6500000] [id=14676]
  0x0000027253c7db30 ConcurrentGCThread "StringDedupProcessor" [stack: 0x00000084a6500000,0x00000084a6600000] [id=26644]

Threads with active compile tasks:
C1 CompilerThread0    56563 3724       3       java.io.File::getParent (65 bytes)
C2 CompilerThread1    56563 3641 %     4       com.google.gson.stream.JsonReader::nextQuotedValue @ 23 (270 bytes)

VM state: not at safepoint (normal execution)

VM Mutex/Monitor currently owned by a thread: None

Heap address: 0x00000000c0000000, size: 1024 MB, Compressed Oops mode: 32-bit

CDS archive(s) mapped at: [0x0000000800000000-0x0000000800ad0000-0x0000000800ad0000), size 11337728, SharedBaseAddress: 0x0000000800000000, ArchiveRelocationMode: 0.
Compressed class space mapped at: 0x0000000800c00000-0x0000000840c00000, reserved size: 1073741824
Narrow klass base: 0x0000000800000000, Narrow klass shift: 0, Narrow klass range: 0x100000000

GC Precious Log:
 CardTable entry size: 512
 Card Set container configuration: InlinePtr #cards 5 size 8 Array Of Cards #cards 12 size 40 Howl #buckets 4 coarsen threshold 1843 Howl Bitmap #cards 512 size 80 coarsen threshold 460 Card regions per heap region 1 cards per card region 2048
 CPUs: 8 total, 8 available
 Memory: 7502M
 Large Page Support: Disabled
 NUMA Support: Disabled
 Compressed Oops: Enabled (32-bit)
 Heap Region Size: 1M
 Heap Min Capacity: 8M
 Heap Initial Capacity: 118M
 Heap Max Capacity: 1G
 Pre-touch: Disabled
 Parallel Workers: 8
 Concurrent Workers: 2
 Concurrent Refinement Workers: 8
 Periodic GC: Disabled
 String Deduplication is enabled

Heap:
 garbage-first heap   total 150528K, used 90426K [0x00000000c0000000, 0x0000000100000000)
  region size 1024K, 41 young (41984K), 7 survivors (7168K)
 Metaspace       used 21238K, committed 22016K, reserved 1114112K
  class space    used 2215K, committed 2560K, reserved 1048576K

Heap Regions: E=young(eden), S=young(survivor), O=old, HS=humongous(starts), HC=humongous(continues), CS=collection set, F=free, OA=open archive, CA=closed archive, TAMS=top-at-mark-start (previous, next)
|   0|0x00000000c0000000, 0x00000000c0100000, 0x00000000c0100000|100%| O|  |TAMS 0x00000000c0100000, 0x00000000c0000000| Untracked 
|   1|0x00000000c0100000, 0x00000000c0200000, 0x00000000c0200000|100%| O|  |TAMS 0x00000000c0200000, 0x00000000c0100000| Untracked 
|   2|0x00000000c0200000, 0x00000000c0300000, 0x00000000c0300000|100%| O|  |TAMS 0x00000000c0300000, 0x00000000c0200000| Untracked 
|   3|0x00000000c0300000, 0x00000000c0400000, 0x00000000c0400000|100%| O|  |TAMS 0x00000000c0400000, 0x00000000c0300000| Untracked 
|   4|0x00000000c0400000, 0x00000000c0500000, 0x00000000c0500000|100%| O|  |TAMS 0x00000000c0500000, 0x00000000c0400000| Untracked 
|   5|0x00000000c0500000, 0x00000000c0600000, 0x00000000c0600000|100%| O|  |TAMS 0x00000000c0600000, 0x00000000c0500000| Untracked 
|   6|0x00000000c0600000, 0x00000000c0700000, 0x00000000c0700000|100%| O|  |TAMS 0x00000000c0700000, 0x00000000c0600000| Untracked 
|   7|0x00000000c0700000, 0x00000000c0800000, 0x00000000c0800000|100%| O|  |TAMS 0x00000000c0800000, 0x00000000c0700000| Untracked 
|   8|0x00000000c0800000, 0x00000000c0800000, 0x00000000c0900000|  0%| F|  |TAMS 0x00000000c0800000, 0x00000000c0800000| Untracked 
|   9|0x00000000c0900000, 0x00000000c0900000, 0x00000000c0a00000|  0%| F|  |TAMS 0x00000000c0900000, 0x00000000c0900000| Untracked 
|  10|0x00000000c0a00000, 0x00000000c0a00000, 0x00000000c0b00000|  0%| F|  |TAMS 0x00000000c0a00000, 0x00000000c0a00000| Untracked 
|  11|0x00000000c0b00000, 0x00000000c0c00000, 0x00000000c0c00000|100%| O|  |TAMS 0x00000000c0c00000, 0x00000000c0b00000| Untracked 
|  12|0x00000000c0c00000, 0x00000000c0d00000, 0x00000000c0d00000|100%| O|  |TAMS 0x00000000c0d00000, 0x00000000c0c00000| Untracked 
|  13|0x00000000c0d00000, 0x00000000c0e00000, 0x00000000c0e00000|100%| O|  |TAMS 0x00000000c0e00000, 0x00000000c0d00000| Untracked 
|  14|0x00000000c0e00000, 0x00000000c0f00000, 0x00000000c0f00000|100%| O|  |TAMS 0x00000000c0f00000, 0x00000000c0e00000| Untracked 
|  15|0x00000000c0f00000, 0x00000000c1000000, 0x00000000c1000000|100%| O|  |TAMS 0x00000000c1000000, 0x00000000c0f00000| Untracked 
|  16|0x00000000c1000000, 0x00000000c1100000, 0x00000000c1100000|100%| O|  |TAMS 0x00000000c1100000, 0x00000000c1000000| Untracked 
|  17|0x00000000c1100000, 0x00000000c1200000, 0x00000000c1200000|100%| O|  |TAMS 0x00000000c1200000, 0x00000000c1100000| Untracked 
|  18|0x00000000c1200000, 0x00000000c1300000, 0x00000000c1300000|100%| O|  |TAMS 0x00000000c1300000, 0x00000000c1200000| Untracked 
|  19|0x00000000c1300000, 0x00000000c1400000, 0x00000000c1400000|100%| O|  |TAMS 0x00000000c1400000, 0x00000000c1300000| Untracked 
|  20|0x00000000c1400000, 0x00000000c1500000, 0x00000000c1500000|100%| O|  |TAMS 0x00000000c1500000, 0x00000000c1400000| Untracked 
|  21|0x00000000c1500000, 0x00000000c1600000, 0x00000000c1600000|100%| O|  |TAMS 0x00000000c1600000, 0x00000000c1500000| Untracked 
|  22|0x00000000c1600000, 0x00000000c1700000, 0x00000000c1700000|100%| O|  |TAMS 0x00000000c1700000, 0x00000000c1600000| Untracked 
|  23|0x00000000c1700000, 0x00000000c1800000, 0x00000000c1800000|100%| O|  |TAMS 0x00000000c1800000, 0x00000000c1700000| Untracked 
|  24|0x00000000c1800000, 0x00000000c1900000, 0x00000000c1900000|100%| O|  |TAMS 0x00000000c1900000, 0x00000000c1800000| Untracked 
|  25|0x00000000c1900000, 0x00000000c1a00000, 0x00000000c1a00000|100%| O|  |TAMS 0x00000000c1a00000, 0x00000000c1900000| Untracked 
|  26|0x00000000c1a00000, 0x00000000c1b00000, 0x00000000c1b00000|100%| O|  |TAMS 0x00000000c1b00000, 0x00000000c1a00000| Untracked 
|  27|0x00000000c1b00000, 0x00000000c1c00000, 0x00000000c1c00000|100%| O|  |TAMS 0x00000000c1c00000, 0x00000000c1b00000| Untracked 
|  28|0x00000000c1c00000, 0x00000000c1d00000, 0x00000000c1d00000|100%| O|  |TAMS 0x00000000c1d00000, 0x00000000c1c00000| Untracked 
|  29|0x00000000c1d00000, 0x00000000c1e00000, 0x00000000c1e00000|100%| O|  |TAMS 0x00000000c1e00000, 0x00000000c1d00000| Untracked 
|  30|0x00000000c1e00000, 0x00000000c1f00000, 0x00000000c1f00000|100%| O|  |TAMS 0x00000000c1f00000, 0x00000000c1e00000| Untracked 
|  31|0x00000000c1f00000, 0x00000000c2000000, 0x00000000c2000000|100%| O|  |TAMS 0x00000000c2000000, 0x00000000c1f00000| Untracked 
|  32|0x00000000c2000000, 0x00000000c2100000, 0x00000000c2100000|100%| O|  |TAMS 0x00000000c2100000, 0x00000000c2000000| Untracked 
|  33|0x00000000c2100000, 0x00000000c2100000, 0x00000000c2200000|  0%| F|  |TAMS 0x00000000c2100000, 0x00000000c2100000| Untracked 
|  34|0x00000000c2200000, 0x00000000c2300000, 0x00000000c2300000|100%| O|  |TAMS 0x00000000c2200000, 0x00000000c2200000| Untracked 
|  35|0x00000000c2300000, 0x00000000c2400000, 0x00000000c2400000|100%| O|  |TAMS 0x00000000c2300000, 0x00000000c2300000| Untracked 
|  36|0x00000000c2400000, 0x00000000c2500000, 0x00000000c2500000|100%| O|  |TAMS 0x00000000c2400000, 0x00000000c2400000| Untracked 
|  37|0x00000000c2500000, 0x00000000c2600000, 0x00000000c2600000|100%| O|  |TAMS 0x00000000c2500000, 0x00000000c2500000| Untracked 
|  38|0x00000000c2600000, 0x00000000c2700000, 0x00000000c2700000|100%| O|  |TAMS 0x00000000c2600000, 0x00000000c2600000| Untracked 
|  39|0x00000000c2700000, 0x00000000c2800000, 0x00000000c2800000|100%| O|  |TAMS 0x00000000c2700000, 0x00000000c2700000| Untracked 
|  40|0x00000000c2800000, 0x00000000c2900000, 0x00000000c2900000|100%| O|  |TAMS 0x00000000c2800000, 0x00000000c2800000| Untracked 
|  41|0x00000000c2900000, 0x00000000c2a00000, 0x00000000c2a00000|100%| O|  |TAMS 0x00000000c2900000, 0x00000000c2900000| Untracked 
|  42|0x00000000c2a00000, 0x00000000c2b00000, 0x00000000c2b00000|100%| O|  |TAMS 0x00000000c2a00000, 0x00000000c2a00000| Untracked 
|  43|0x00000000c2b00000, 0x00000000c2c00000, 0x00000000c2c00000|100%| O|  |TAMS 0x00000000c2b00000, 0x00000000c2b00000| Untracked 
|  44|0x00000000c2c00000, 0x00000000c2d00000, 0x00000000c2d00000|100%| O|  |TAMS 0x00000000c2c00000, 0x00000000c2c00000| Untracked 
|  45|0x00000000c2d00000, 0x00000000c2e00000, 0x00000000c2e00000|100%| O|  |TAMS 0x00000000c2d00000, 0x00000000c2d00000| Untracked 
|  46|0x00000000c2e00000, 0x00000000c2f00000, 0x00000000c2f00000|100%| O|  |TAMS 0x00000000c2e00000, 0x00000000c2e00000| Untracked 
|  47|0x00000000c2f00000, 0x00000000c3000000, 0x00000000c3000000|100%| O|  |TAMS 0x00000000c2f00000, 0x00000000c2f00000| Untracked 
|  48|0x00000000c3000000, 0x00000000c3064e00, 0x00000000c3100000| 39%| O|  |TAMS 0x00000000c3000000, 0x00000000c3000000| Untracked 
|  49|0x00000000c3100000, 0x00000000c3100000, 0x00000000c3200000|  0%| F|  |TAMS 0x00000000c3100000, 0x00000000c3100000| Untracked 
|  50|0x00000000c3200000, 0x00000000c3200000, 0x00000000c3300000|  0%| F|  |TAMS 0x00000000c3200000, 0x00000000c3200000| Untracked 
|  51|0x00000000c3300000, 0x00000000c3300000, 0x00000000c3400000|  0%| F|  |TAMS 0x00000000c3300000, 0x00000000c3300000| Untracked 
|  52|0x00000000c3400000, 0x00000000c3400000, 0x00000000c3500000|  0%| F|  |TAMS 0x00000000c3400000, 0x00000000c3400000| Untracked 
|  53|0x00000000c3500000, 0x00000000c3500000, 0x00000000c3600000|  0%| F|  |TAMS 0x00000000c3500000, 0x00000000c3500000| Untracked 
|  54|0x00000000c3600000, 0x00000000c3600000, 0x00000000c3700000|  0%| F|  |TAMS 0x00000000c3600000, 0x00000000c3600000| Untracked 
|  55|0x00000000c3700000, 0x00000000c3700000, 0x00000000c3800000|  0%| F|  |TAMS 0x00000000c3700000, 0x00000000c3700000| Untracked 
|  56|0x00000000c3800000, 0x00000000c3800000, 0x00000000c3900000|  0%| F|  |TAMS 0x00000000c3800000, 0x00000000c3800000| Untracked 
|  57|0x00000000c3900000, 0x00000000c3900000, 0x00000000c3a00000|  0%| F|  |TAMS 0x00000000c3900000, 0x00000000c3900000| Untracked 
|  58|0x00000000c3a00000, 0x00000000c3a00000, 0x00000000c3b00000|  0%| F|  |TAMS 0x00000000c3a00000, 0x00000000c3a00000| Untracked 
|  59|0x00000000c3b00000, 0x00000000c3b00000, 0x00000000c3c00000|  0%| F|  |TAMS 0x00000000c3b00000, 0x00000000c3b00000| Untracked 
|  60|0x00000000c3c00000, 0x00000000c3c00000, 0x00000000c3d00000|  0%| F|  |TAMS 0x00000000c3c00000, 0x00000000c3c00000| Untracked 
|  61|0x00000000c3d00000, 0x00000000c3d00000, 0x00000000c3e00000|  0%| F|  |TAMS 0x00000000c3d00000, 0x00000000c3d00000| Untracked 
|  62|0x00000000c3e00000, 0x00000000c3e00000, 0x00000000c3f00000|  0%| F|  |TAMS 0x00000000c3e00000, 0x00000000c3e00000| Untracked 
|  63|0x00000000c3f00000, 0x00000000c3f00000, 0x00000000c4000000|  0%| F|  |TAMS 0x00000000c3f00000, 0x00000000c3f00000| Untracked 
|  64|0x00000000c4000000, 0x00000000c4000000, 0x00000000c4100000|  0%| F|  |TAMS 0x00000000c4000000, 0x00000000c4000000| Untracked 
|  65|0x00000000c4100000, 0x00000000c4100000, 0x00000000c4200000|  0%| F|  |TAMS 0x00000000c4100000, 0x00000000c4100000| Untracked 
|  66|0x00000000c4200000, 0x00000000c4200000, 0x00000000c4300000|  0%| F|  |TAMS 0x00000000c4200000, 0x00000000c4200000| Untracked 
|  67|0x00000000c4300000, 0x00000000c4300000, 0x00000000c4400000|  0%| F|  |TAMS 0x00000000c4300000, 0x00000000c4300000| Untracked 
|  68|0x00000000c4400000, 0x00000000c4400000, 0x00000000c4500000|  0%| F|  |TAMS 0x00000000c4400000, 0x00000000c4400000| Untracked 
|  69|0x00000000c4500000, 0x00000000c4500000, 0x00000000c4600000|  0%| F|  |TAMS 0x00000000c4500000, 0x00000000c4500000| Untracked 
|  70|0x00000000c4600000, 0x00000000c4600000, 0x00000000c4700000|  0%| F|  |TAMS 0x00000000c4600000, 0x00000000c4600000| Untracked 
|  71|0x00000000c4700000, 0x00000000c4700000, 0x00000000c4800000|  0%| F|  |TAMS 0x00000000c4700000, 0x00000000c4700000| Untracked 
|  72|0x00000000c4800000, 0x00000000c4800000, 0x00000000c4900000|  0%| F|  |TAMS 0x00000000c4800000, 0x00000000c4800000| Untracked 
|  73|0x00000000c4900000, 0x00000000c4900000, 0x00000000c4a00000|  0%| F|  |TAMS 0x00000000c4900000, 0x00000000c4900000| Untracked 
|  74|0x00000000c4a00000, 0x00000000c4a00000, 0x00000000c4b00000|  0%| F|  |TAMS 0x00000000c4a00000, 0x00000000c4a00000| Untracked 
|  75|0x00000000c4b00000, 0x00000000c4be9a00, 0x00000000c4c00000| 91%| S|CS|TAMS 0x00000000c4b00000, 0x00000000c4b00000| Complete 
|  76|0x00000000c4c00000, 0x00000000c4d00000, 0x00000000c4d00000|100%| S|CS|TAMS 0x00000000c4c00000, 0x00000000c4c00000| Complete 
|  77|0x00000000c4d00000, 0x00000000c4e00000, 0x00000000c4e00000|100%| S|CS|TAMS 0x00000000c4d00000, 0x00000000c4d00000| Complete 
|  78|0x00000000c4e00000, 0x00000000c4f00000, 0x00000000c4f00000|100%| S|CS|TAMS 0x00000000c4e00000, 0x00000000c4e00000| Complete 
|  79|0x00000000c4f00000, 0x00000000c5000000, 0x00000000c5000000|100%| S|CS|TAMS 0x00000000c4f00000, 0x00000000c4f00000| Complete 
|  80|0x00000000c5000000, 0x00000000c5100000, 0x00000000c5100000|100%| S|CS|TAMS 0x00000000c5000000, 0x00000000c5000000| Complete 
|  81|0x00000000c5100000, 0x00000000c5200000, 0x00000000c5200000|100%| S|CS|TAMS 0x00000000c5100000, 0x00000000c5100000| Complete 
|  82|0x00000000c5200000, 0x00000000c5200000, 0x00000000c5300000|  0%| F|  |TAMS 0x00000000c5200000, 0x00000000c5200000| Untracked 
|  83|0x00000000c5300000, 0x00000000c5300000, 0x00000000c5400000|  0%| F|  |TAMS 0x00000000c5300000, 0x00000000c5300000| Untracked 
|  84|0x00000000c5400000, 0x00000000c5400000, 0x00000000c5500000|  0%| F|  |TAMS 0x00000000c5400000, 0x00000000c5400000| Untracked 
|  85|0x00000000c5500000, 0x00000000c5500000, 0x00000000c5600000|  0%| F|  |TAMS 0x00000000c5500000, 0x00000000c5500000| Untracked 
|  86|0x00000000c5600000, 0x00000000c5600000, 0x00000000c5700000|  0%| F|  |TAMS 0x00000000c5600000, 0x00000000c5600000| Untracked 
|  87|0x00000000c5700000, 0x00000000c5700000, 0x00000000c5800000|  0%| F|  |TAMS 0x00000000c5700000, 0x00000000c5700000| Untracked 
|  88|0x00000000c5800000, 0x00000000c5800000, 0x00000000c5900000|  0%| F|  |TAMS 0x00000000c5800000, 0x00000000c5800000| Untracked 
|  89|0x00000000c5900000, 0x00000000c5900000, 0x00000000c5a00000|  0%| F|  |TAMS 0x00000000c5900000, 0x00000000c5900000| Untracked 
|  90|0x00000000c5a00000, 0x00000000c5a00000, 0x00000000c5b00000|  0%| F|  |TAMS 0x00000000c5a00000, 0x00000000c5a00000| Untracked 
|  91|0x00000000c5b00000, 0x00000000c5b00000, 0x00000000c5c00000|  0%| F|  |TAMS 0x00000000c5b00000, 0x00000000c5b00000| Untracked 
|  92|0x00000000c5c00000, 0x00000000c5c00000, 0x00000000c5d00000|  0%| F|  |TAMS 0x00000000c5c00000, 0x00000000c5c00000| Untracked 
|  93|0x00000000c5d00000, 0x00000000c5d00000, 0x00000000c5e00000|  0%| F|  |TAMS 0x00000000c5d00000, 0x00000000c5d00000| Untracked 
|  94|0x00000000c5e00000, 0x00000000c5e00000, 0x00000000c5f00000|  0%| F|  |TAMS 0x00000000c5e00000, 0x00000000c5e00000| Untracked 
|  95|0x00000000c5f00000, 0x00000000c5f00000, 0x00000000c6000000|  0%| F|  |TAMS 0x00000000c5f00000, 0x00000000c5f00000| Untracked 
|  96|0x00000000c6000000, 0x00000000c6000000, 0x00000000c6100000|  0%| F|  |TAMS 0x00000000c6000000, 0x00000000c6000000| Untracked 
|  97|0x00000000c6100000, 0x00000000c6100000, 0x00000000c6200000|  0%| F|  |TAMS 0x00000000c6100000, 0x00000000c6100000| Untracked 
|  98|0x00000000c6200000, 0x00000000c6200000, 0x00000000c6300000|  0%| F|  |TAMS 0x00000000c6200000, 0x00000000c6200000| Untracked 
|  99|0x00000000c6300000, 0x00000000c6300000, 0x00000000c6400000|  0%| F|  |TAMS 0x00000000c6300000, 0x00000000c6300000| Untracked 
| 100|0x00000000c6400000, 0x00000000c6400000, 0x00000000c6500000|  0%| F|  |TAMS 0x00000000c6400000, 0x00000000c6400000| Untracked 
| 101|0x00000000c6500000, 0x00000000c6500000, 0x00000000c6600000|  0%| F|  |TAMS 0x00000000c6500000, 0x00000000c6500000| Untracked 
| 102|0x00000000c6600000, 0x00000000c6600000, 0x00000000c6700000|  0%| F|  |TAMS 0x00000000c6600000, 0x00000000c6600000| Untracked 
| 103|0x00000000c6700000, 0x00000000c6700000, 0x00000000c6800000|  0%| F|  |TAMS 0x00000000c6700000, 0x00000000c6700000| Untracked 
| 104|0x00000000c6800000, 0x00000000c6800000, 0x00000000c6900000|  0%| F|  |TAMS 0x00000000c6800000, 0x00000000c6800000| Untracked 
| 105|0x00000000c6900000, 0x00000000c6900000, 0x00000000c6a00000|  0%| F|  |TAMS 0x00000000c6900000, 0x00000000c6900000| Untracked 
| 106|0x00000000c6a00000, 0x00000000c6a00000, 0x00000000c6b00000|  0%| F|  |TAMS 0x00000000c6a00000, 0x00000000c6a00000| Untracked 
| 107|0x00000000c6b00000, 0x00000000c6b00000, 0x00000000c6c00000|  0%| F|  |TAMS 0x00000000c6b00000, 0x00000000c6b00000| Untracked 
| 108|0x00000000c6c00000, 0x00000000c6c00000, 0x00000000c6d00000|  0%| F|  |TAMS 0x00000000c6c00000, 0x00000000c6c00000| Untracked 
| 109|0x00000000c6d00000, 0x00000000c6df15c0, 0x00000000c6e00000| 94%| E|  |TAMS 0x00000000c6d00000, 0x00000000c6d00000| Complete 
| 110|0x00000000c6e00000, 0x00000000c6f00000, 0x00000000c6f00000|100%| E|CS|TAMS 0x00000000c6e00000, 0x00000000c6e00000| Complete 
| 111|0x00000000c6f00000, 0x00000000c7000000, 0x00000000c7000000|100%| E|CS|TAMS 0x00000000c6f00000, 0x00000000c6f00000| Complete 
| 112|0x00000000c7000000, 0x00000000c7100000, 0x00000000c7100000|100%| E|CS|TAMS 0x00000000c7000000, 0x00000000c7000000| Complete 
| 113|0x00000000c7100000, 0x00000000c7200000, 0x00000000c7200000|100%| E|CS|TAMS 0x00000000c7100000, 0x00000000c7100000| Complete 
| 114|0x00000000c7200000, 0x00000000c7300000, 0x00000000c7300000|100%| E|CS|TAMS 0x00000000c7200000, 0x00000000c7200000| Complete 
| 115|0x00000000c7300000, 0x00000000c7400000, 0x00000000c7400000|100%| E|CS|TAMS 0x00000000c7300000, 0x00000000c7300000| Complete 
| 116|0x00000000c7400000, 0x00000000c7500000, 0x00000000c7500000|100%| E|CS|TAMS 0x00000000c7400000, 0x00000000c7400000| Complete 
| 117|0x00000000c7500000, 0x00000000c7600000, 0x00000000c7600000|100%| E|CS|TAMS 0x00000000c7500000, 0x00000000c7500000| Complete 
| 118|0x00000000c7600000, 0x00000000c7700000, 0x00000000c7700000|100%| E|CS|TAMS 0x00000000c7600000, 0x00000000c7600000| Complete 
| 119|0x00000000c7700000, 0x00000000c7800000, 0x00000000c7800000|100%| E|CS|TAMS 0x00000000c7700000, 0x00000000c7700000| Complete 
| 120|0x00000000c7800000, 0x00000000c7900000, 0x00000000c7900000|100%| E|CS|TAMS 0x00000000c7800000, 0x00000000c7800000| Complete 
| 121|0x00000000c7900000, 0x00000000c7a00000, 0x00000000c7a00000|100%| E|CS|TAMS 0x00000000c7900000, 0x00000000c7900000| Complete 
| 122|0x00000000c7a00000, 0x00000000c7b00000, 0x00000000c7b00000|100%| E|CS|TAMS 0x00000000c7a00000, 0x00000000c7a00000| Complete 
| 123|0x00000000c7b00000, 0x00000000c7c00000, 0x00000000c7c00000|100%| E|CS|TAMS 0x00000000c7b00000, 0x00000000c7b00000| Complete 
| 124|0x00000000c7c00000, 0x00000000c7d00000, 0x00000000c7d00000|100%| E|CS|TAMS 0x00000000c7c00000, 0x00000000c7c00000| Complete 
| 125|0x00000000c7d00000, 0x00000000c7e00000, 0x00000000c7e00000|100%| E|CS|TAMS 0x00000000c7d00000, 0x00000000c7d00000| Complete 
| 126|0x00000000c7e00000, 0x00000000c7f00000, 0x00000000c7f00000|100%| E|CS|TAMS 0x00000000c7e00000, 0x00000000c7e00000| Complete 
| 127|0x00000000c7f00000, 0x00000000c8000000, 0x00000000c8000000|100%| E|CS|TAMS 0x00000000c7f00000, 0x00000000c7f00000| Complete 
| 128|0x00000000c8000000, 0x00000000c8100000, 0x00000000c8100000|100%| E|CS|TAMS 0x00000000c8000000, 0x00000000c8000000| Complete 
| 129|0x00000000c8100000, 0x00000000c8200000, 0x00000000c8200000|100%| E|CS|TAMS 0x00000000c8100000, 0x00000000c8100000| Complete 
| 130|0x00000000c8200000, 0x00000000c8300000, 0x00000000c8300000|100%| E|CS|TAMS 0x00000000c8200000, 0x00000000c8200000| Complete 
| 131|0x00000000c8300000, 0x00000000c8400000, 0x00000000c8400000|100%| E|CS|TAMS 0x00000000c8300000, 0x00000000c8300000| Complete 
| 132|0x00000000c8400000, 0x00000000c8500000, 0x00000000c8500000|100%| E|CS|TAMS 0x00000000c8400000, 0x00000000c8400000| Complete 
| 133|0x00000000c8500000, 0x00000000c8600000, 0x00000000c8600000|100%| E|CS|TAMS 0x00000000c8500000, 0x00000000c8500000| Complete 
| 134|0x00000000c8600000, 0x00000000c8700000, 0x00000000c8700000|100%| E|CS|TAMS 0x00000000c8600000, 0x00000000c8600000| Complete 
| 135|0x00000000c8700000, 0x00000000c8800000, 0x00000000c8800000|100%| E|CS|TAMS 0x00000000c8700000, 0x00000000c8700000| Complete 
| 136|0x00000000c8800000, 0x00000000c8900000, 0x00000000c8900000|100%| E|CS|TAMS 0x00000000c8800000, 0x00000000c8800000| Complete 
| 169|0x00000000ca900000, 0x00000000caa00000, 0x00000000caa00000|100%| O|  |TAMS 0x00000000caa00000, 0x00000000ca900000| Untracked 
| 170|0x00000000caa00000, 0x00000000cab00000, 0x00000000cab00000|100%| O|  |TAMS 0x00000000cab00000, 0x00000000caa00000| Untracked 
| 171|0x00000000cab00000, 0x00000000cac00000, 0x00000000cac00000|100%| O|  |TAMS 0x00000000cac00000, 0x00000000cab00000| Untracked 
| 172|0x00000000cac00000, 0x00000000cad00000, 0x00000000cad00000|100%| O|  |TAMS 0x00000000cad00000, 0x00000000cac00000| Untracked 
| 379|0x00000000d7b00000, 0x00000000d7c00000, 0x00000000d7c00000|100%| E|CS|TAMS 0x00000000d7b00000, 0x00000000d7b00000| Complete 
| 380|0x00000000d7c00000, 0x00000000d7d00000, 0x00000000d7d00000|100%| E|CS|TAMS 0x00000000d7c00000, 0x00000000d7c00000| Complete 
| 381|0x00000000d7d00000, 0x00000000d7e00000, 0x00000000d7e00000|100%| E|CS|TAMS 0x00000000d7d00000, 0x00000000d7d00000| Complete 
| 383|0x00000000d7f00000, 0x00000000d8000000, 0x00000000d8000000|100%| E|CS|TAMS 0x00000000d7f00000, 0x00000000d7f00000| Complete 
| 384|0x00000000d8000000, 0x00000000d8100000, 0x00000000d8100000|100%| E|CS|TAMS 0x00000000d8000000, 0x00000000d8000000| Complete 
| 385|0x00000000d8100000, 0x00000000d8200000, 0x00000000d8200000|100%| E|CS|TAMS 0x00000000d8100000, 0x00000000d8100000| Complete 

Card table byte_map: [0x000002724ee30000,0x000002724f030000] _byte_map_base: 0x000002724e830000

Marking Bits (Prev, Next): (CMBitMap*) 0x0000027238739190, (CMBitMap*) 0x0000027238739150
 Prev Bits: [0x0000027250230000, 0x0000027251230000)
 Next Bits: [0x000002724f230000, 0x0000027250230000)

Polling page: 0x00000272387b0000

Metaspace:

Usage:
  Non-class:     18.60 MB used.
      Class:      2.17 MB used.
       Both:     20.76 MB used.

Virtual space:
  Non-class space:       64.00 MB reserved,      19.00 MB ( 30%) committed,  1 nodes.
      Class space:        1.00 GB reserved,       2.50 MB ( <1%) committed,  1 nodes.
             Both:        1.06 GB reserved,      21.50 MB (  2%) committed. 

Chunk freelists:
   Non-Class:  864.00 KB
       Class:  1.53 MB
        Both:  2.37 MB

MaxMetaspaceSize: unlimited
CompressedClassSpaceSize: 1.00 GB
Initial GC threshold: 21.00 MB
Current GC threshold: 35.12 MB
CDS: on
MetaspaceReclaimPolicy: balanced
 - commit_granule_bytes: 65536.
 - commit_granule_words: 8192.
 - virtual_space_node_default_size: 8388608.
 - enlarge_chunks_in_place: 1.
 - new_chunks_are_fully_committed: 0.
 - uncommit_free_chunks: 1.
 - use_allocation_guard: 0.


Internal statistics:

num_allocs_failed_limit: 3.
num_arena_births: 458.
num_arena_deaths: 0.
num_vsnodes_births: 2.
num_vsnodes_deaths: 0.
num_space_committed: 344.
num_space_uncommitted: 0.
num_chunks_returned_to_freelist: 3.
num_chunks_taken_from_freelist: 1235.
num_chunk_merges: 0.
num_chunk_splits: 795.
num_chunks_enlarged: 536.
num_inconsistent_stats: 0.

CodeHeap 'non-profiled nmethods': size=120000Kb used=2121Kb max_used=2121Kb free=117878Kb
 bounds [0x0000027246ca0000, 0x0000027246f10000, 0x000002724e1d0000]
CodeHeap 'profiled nmethods': size=120000Kb used=7696Kb max_used=7696Kb free=112303Kb
 bounds [0x000002723f1d0000, 0x000002723f960000, 0x0000027246700000]
CodeHeap 'non-nmethods': size=5760Kb used=1333Kb max_used=1397Kb free=4426Kb
 bounds [0x0000027246700000, 0x0000027246970000, 0x0000027246ca0000]
 total_blobs=4282 nmethods=3723 adapters=468
 compilation: enabled
              stopped_count=0, restarted_count=0
 full_count=0

Compilation events (20 events):
Event: 54.439 Thread 0x0000027253ccf880 nmethod 3679 0x000002723f93a290 code [0x000002723f93a4a0, 0x000002723f93ab68]
Event: 54.439 Thread 0x0000027253ccf880 3678       1       org.python.pydev.shared_core.partitioner.AbstractCustomRuleBasedScanner::getLegalLineDelimiters (5 bytes)
Event: 54.439 Thread 0x0000027253ccf880 nmethod 3678 0x0000027246eaaa10 code [0x0000027246eaaba0, 0x0000027246eaac58]
Event: 54.442 Thread 0x0000027253ccf880 3680       3       org.eclipse.jface.text.CopyOnWriteTextStore$StringTextStore::get (42 bytes)
Event: 56.469 Thread 0x0000027253ccf880 nmethod 3680 0x000002723f93ae10 code [0x000002723f93b020, 0x000002723f93b488]
Event: 56.469 Thread 0x0000027253ccf880 3681       3       java.lang.invoke.BoundMethodHandle$Species_LLL::make (14 bytes)
Event: 56.470 Thread 0x0000027253ccf880 nmethod 3681 0x000002723f93b690 code [0x000002723f93b840, 0x000002723f93bb88]
Event: 56.470 Thread 0x0000027253ccf880 3683       3       org.eclipse.core.internal.jobs.JobManager$$Lambda$127/0x0000000800d367d8::<init> (10 bytes)
Event: 56.470 Thread 0x0000027253ccf880 nmethod 3683 0x000002723f93bc90 code [0x000002723f93be40, 0x000002723f93bff8]
Event: 56.470 Thread 0x0000027253ccf880 3684       3       java.util.concurrent.atomic.AtomicLong::updateAndGet (59 bytes)
Event: 56.471 Thread 0x0000027253ccf880 nmethod 3684 0x000002723f93c090 code [0x000002723f93c280, 0x000002723f93c7b8]
Event: 56.471 Thread 0x0000027253ccf880 3685       3       org.eclipse.core.internal.jobs.JobManager$$Lambda$127/0x0000000800d367d8::applyAsLong (9 bytes)
Event: 56.471 Thread 0x0000027253ccf880 nmethod 3685 0x000002723f93ca10 code [0x000002723f93cbc0, 0x000002723f93ce28]
Event: 56.471 Thread 0x0000027253ccf880 3686       3       org.eclipse.core.internal.jobs.JobManager::lambda$3 (9 bytes)
Event: 56.471 Thread 0x0000027253ccf880 nmethod 3686 0x000002723f93cf90 code [0x000002723f93d140, 0x000002723f93d328]
Event: 56.472 Thread 0x0000027253ccf880 3682       3       java.lang.invoke.BoundMethodHandle$Species_LLL::<init> (24 bytes)
Event: 56.472 Thread 0x0000027253ccf880 nmethod 3682 0x000002723f93d410 code [0x000002723f93d5c0, 0x000002723f93d8a8]
Event: 56.480 Thread 0x0000027253ccc390 nmethod 3674 0x0000027246eaad10 code [0x0000027246eaaf00, 0x0000027246eab928]
Event: 56.480 Thread 0x0000027253ccc390 3676       4       java.nio.CharBuffer::arrayOffset (35 bytes)
Event: 56.480 Thread 0x0000027253ccc390 nmethod 3676 0x0000027246eabf10 code [0x0000027246eac0a0, 0x0000027246eac158]

GC Heap History (20 events):
Event: 4.086 GC heap before
{Heap before GC invocations=21 (full 0):
 garbage-first heap   total 395264K, used 173129K [0x00000000c0000000, 0x0000000100000000)
  region size 1024K, 2 young (2048K), 1 survivors (1024K)
 Metaspace       used 12857K, committed 13312K, reserved 1114112K
  class space    used 1281K, committed 1472K, reserved 1048576K
}
Event: 4.088 GC heap after
{Heap after GC invocations=22 (full 0):
 garbage-first heap   total 395264K, used 13385K [0x00000000c0000000, 0x0000000100000000)
  region size 1024K, 1 young (1024K), 1 survivors (1024K)
 Metaspace       used 12857K, committed 13312K, reserved 1114112K
  class space    used 1281K, committed 1472K, reserved 1048576K
}
Event: 4.170 GC heap before
{Heap before GC invocations=22 (full 0):
 garbage-first heap   total 395264K, used 173129K [0x00000000c0000000, 0x0000000100000000)
  region size 1024K, 2 young (2048K), 1 survivors (1024K)
 Metaspace       used 12857K, committed 13312K, reserved 1114112K
  class space    used 1281K, committed 1472K, reserved 1048576K
}
Event: 4.172 GC heap after
{Heap after GC invocations=23 (full 0):
 garbage-first heap   total 395264K, used 13385K [0x00000000c0000000, 0x0000000100000000)
  region size 1024K, 1 young (1024K), 1 survivors (1024K)
 Metaspace       used 12857K, committed 13312K, reserved 1114112K
  class space    used 1281K, committed 1472K, reserved 1048576K
}
Event: 13.055 GC heap before
{Heap before GC invocations=23 (full 0):
 garbage-first heap   total 395264K, used 266313K [0x00000000c0000000, 0x0000000100000000)
  region size 1024K, 231 young (236544K), 1 survivors (1024K)
 Metaspace       used 20593K, committed 21184K, reserved 1114112K
  class space    used 2136K, committed 2368K, reserved 1048576K
}
Event: 13.096 GC heap after
{Heap after GC invocations=24 (full 0):
 garbage-first heap   total 395264K, used 36812K [0x00000000c0000000, 0x0000000100000000)
  region size 1024K, 29 young (29696K), 29 survivors (29696K)
 Metaspace       used 20593K, committed 21184K, reserved 1114112K
  class space    used 2136K, committed 2368K, reserved 1048576K
}
Event: 16.609 GC heap before
{Heap before GC invocations=24 (full 0):
 garbage-first heap   total 395264K, used 71628K [0x00000000c0000000, 0x0000000100000000)
  region size 1024K, 63 young (64512K), 29 survivors (29696K)
 Metaspace       used 20599K, committed 21184K, reserved 1114112K
  class space    used 2136K, committed 2368K, reserved 1048576K
}
Event: 16.636 GC heap after
{Heap after GC invocations=25 (full 0):
 garbage-first heap   total 395264K, used 40521K [0x00000000c0000000, 0x0000000100000000)
  region size 1024K, 8 young (8192K), 8 survivors (8192K)
 Metaspace       used 20599K, committed 21184K, reserved 1114112K
  class space    used 2136K, committed 2368K, reserved 1048576K
}
Event: 17.780 GC heap before
{Heap before GC invocations=25 (full 0):
 garbage-first heap   total 395264K, used 50761K [0x00000000c0000000, 0x0000000100000000)
  region size 1024K, 19 young (19456K), 8 survivors (8192K)
 Metaspace       used 20803K, committed 21504K, reserved 1114112K
  class space    used 2164K, committed 2496K, reserved 1048576K
}
Event: 17.794 GC heap after
{Heap after GC invocations=26 (full 0):
 garbage-first heap   total 395264K, used 41883K [0x00000000c0000000, 0x0000000100000000)
  region size 1024K, 3 young (3072K), 3 survivors (3072K)
 Metaspace       used 20803K, committed 21504K, reserved 1114112K
  class space    used 2164K, committed 2496K, reserved 1048576K
}
Event: 18.073 GC heap before
{Heap before GC invocations=26 (full 0):
 garbage-first heap   total 395264K, used 44955K [0x00000000c0000000, 0x0000000100000000)
  region size 1024K, 7 young (7168K), 3 survivors (3072K)
 Metaspace       used 20805K, committed 21504K, reserved 1114112K
  class space    used 2164K, committed 2496K, reserved 1048576K
}
Event: 18.081 GC heap after
{Heap after GC invocations=27 (full 0):
 garbage-first heap   total 395264K, used 41507K [0x00000000c0000000, 0x0000000100000000)
  region size 1024K, 3 young (3072K), 3 survivors (3072K)
 Metaspace       used 20805K, committed 21504K, reserved 1114112K
  class space    used 2164K, committed 2496K, reserved 1048576K
}
Event: 23.472 GC heap before
{Heap before GC invocations=28 (full 0):
 garbage-first heap   total 150528K, used 100899K [0x00000000c0000000, 0x0000000100000000)
  region size 1024K, 62 young (63488K), 3 survivors (3072K)
 Metaspace       used 20825K, committed 21568K, reserved 1114112K
  class space    used 2164K, committed 2496K, reserved 1048576K
}
Event: 23.488 GC heap after
{Heap after GC invocations=29 (full 0):
 garbage-first heap   total 150528K, used 51874K [0x00000000c0000000, 0x0000000100000000)
  region size 1024K, 8 young (8192K), 8 survivors (8192K)
 Metaspace       used 20825K, committed 21568K, reserved 1114112K
  class space    used 2164K, committed 2496K, reserved 1048576K
}
Event: 23.645 GC heap before
{Heap before GC invocations=29 (full 0):
 garbage-first heap   total 150528K, used 52898K [0x00000000c0000000, 0x0000000100000000)
  region size 1024K, 9 young (9216K), 8 survivors (8192K)
 Metaspace       used 20825K, committed 21568K, reserved 1114112K
  class space    used 2164K, committed 2496K, reserved 1048576K
}
Event: 23.657 GC heap after
{Heap after GC invocations=30 (full 0):
 garbage-first heap   total 150528K, used 50748K [0x00000000c0000000, 0x0000000100000000)
  region size 1024K, 2 young (2048K), 2 survivors (2048K)
 Metaspace       used 20825K, committed 21568K, reserved 1114112K
  class space    used 2164K, committed 2496K, reserved 1048576K
}
Event: 36.218 GC heap before
{Heap before GC invocations=30 (full 0):
 garbage-first heap   total 150528K, used 107068K [0x00000000c0000000, 0x0000000100000000)
  region size 1024K, 58 young (59392K), 2 survivors (2048K)
 Metaspace       used 20829K, committed 21568K, reserved 1114112K
  class space    used 2164K, committed 2496K, reserved 1048576K
}
Event: 36.226 GC heap after
{Heap after GC invocations=31 (full 0):
 garbage-first heap   total 150528K, used 52509K [0x00000000c0000000, 0x0000000100000000)
  region size 1024K, 3 young (3072K), 3 survivors (3072K)
 Metaspace       used 20829K, committed 21568K, reserved 1114112K
  class space    used 2164K, committed 2496K, reserved 1048576K
}
Event: 45.527 GC heap before
{Heap before GC invocations=31 (full 0):
 garbage-first heap   total 150528K, used 111901K [0x00000000c0000000, 0x0000000100000000)
  region size 1024K, 61 young (62464K), 3 survivors (3072K)
 Metaspace       used 20830K, committed 21568K, reserved 1114112K
  class space    used 2164K, committed 2496K, reserved 1048576K
}
Event: 45.534 GC heap after
{Heap after GC invocations=32 (full 0):
 garbage-first heap   total 150528K, used 56634K [0x00000000c0000000, 0x0000000100000000)
  region size 1024K, 7 young (7168K), 7 survivors (7168K)
 Metaspace       used 20830K, committed 21568K, reserved 1114112K
  class space    used 2164K, committed 2496K, reserved 1048576K
}

Dll operation events (9 events):
Event: 0.023 Loaded shared library C:\Users\ranij\.pydev_vscode\java19\jdk-19.0.2+7-jre\bin\java.dll
Event: 0.039 Loaded shared library C:\Users\ranij\.pydev_vscode\java19\jdk-19.0.2+7-jre\bin\jsvml.dll
Event: 0.175 Loaded shared library C:\Users\ranij\.pydev_vscode\java19\jdk-19.0.2+7-jre\bin\net.dll
Event: 0.182 Loaded shared library C:\Users\ranij\.pydev_vscode\java19\jdk-19.0.2+7-jre\bin\nio.dll
Event: 0.190 Loaded shared library C:\Users\ranij\.pydev_vscode\java19\jdk-19.0.2+7-jre\bin\zip.dll
Event: 0.332 Loaded shared library C:\Users\ranij\.pydev_vscode\java19\jdk-19.0.2+7-jre\bin\jimage.dll
Event: 1.516 Loaded shared library C:\Users\ranij\.vscode\extensions\fabioz.vscode-pydev-0.16.0\server\plugins\org.eclipse.equinox.launcher.win32.win32.x86_64_1.2.900.v20240213-1244\eclipse_11900.dll
Event: 4.369 Loaded shared library C:\Users\ranij\.vscode\extensions\fabioz.vscode-pydev-0.16.0\server\config_win\org.eclipse.osgi\13\0\.cp\os\win32\x86_64\localfile_1_0_0.dll
Event: 4.641 Loaded shared library C:\Users\ranij\.vscode\extensions\fabioz.vscode-pydev-0.16.0\server\config_win\org.eclipse.osgi\16\0\.cp\os\win32\x86_64\win32refresh.dll

Deoptimization events (20 events):
Event: 53.382 Thread 0x0000027258f1d940 DEOPT PACKING pc=0x000002723f913e7a sp=0x00000084a83fdf00
Event: 53.382 Thread 0x0000027258f1d940 DEOPT UNPACKING pc=0x0000027246767543 sp=0x00000084a83fd428 mode 0
Event: 53.382 Thread 0x0000027258f1d940 DEOPT PACKING pc=0x000002723f913e7a sp=0x00000084a83fdf00
Event: 53.382 Thread 0x0000027258f1d940 DEOPT UNPACKING pc=0x0000027246767543 sp=0x00000084a83fd428 mode 0
Event: 53.382 Thread 0x0000027258f1d940 DEOPT PACKING pc=0x000002723f913e7a sp=0x00000084a83fdf00
Event: 53.382 Thread 0x0000027258f1d940 DEOPT UNPACKING pc=0x0000027246767543 sp=0x00000084a83fd428 mode 0
Event: 53.385 Thread 0x0000027258f1d940 DEOPT PACKING pc=0x000002723f913e7a sp=0x00000084a83fdf20
Event: 53.385 Thread 0x0000027258f1d940 DEOPT UNPACKING pc=0x0000027246767543 sp=0x00000084a83fd448 mode 0
Event: 53.387 Thread 0x0000027258f1d940 DEOPT PACKING pc=0x000002723f913e7a sp=0x00000084a83fdf00
Event: 53.387 Thread 0x0000027258f1d940 DEOPT UNPACKING pc=0x0000027246767543 sp=0x00000084a83fd428 mode 0
Event: 53.389 Thread 0x0000027258f1d940 DEOPT PACKING pc=0x000002723f913e7a sp=0x00000084a83fdf00
Event: 53.389 Thread 0x0000027258f1d940 DEOPT UNPACKING pc=0x0000027246767543 sp=0x00000084a83fd428 mode 0
Event: 53.390 Thread 0x0000027258f1d940 DEOPT PACKING pc=0x000002723f913e7a sp=0x00000084a83fdf00
Event: 53.390 Thread 0x0000027258f1d940 DEOPT UNPACKING pc=0x0000027246767543 sp=0x00000084a83fd428 mode 0
Event: 53.391 Thread 0x0000027258f1d940 DEOPT PACKING pc=0x000002723f913e7a sp=0x00000084a83fdf00
Event: 53.391 Thread 0x0000027258f1d940 DEOPT UNPACKING pc=0x0000027246767543 sp=0x00000084a83fd428 mode 0
Event: 53.393 Thread 0x00000272591357b0 Uncommon trap: trap_request=0xffffff45 fr.pc=0x0000027246e90168 relative=0x0000000000000d88
Event: 53.393 Thread 0x00000272591357b0 Uncommon trap: reason=unstable_if action=reinterpret pc=0x0000027246e90168 method=org.eclipse.core.internal.localstore.UnifiedTree.addNodeChildrenToQueue(Lorg/eclipse/core/internal/localstore/UnifiedTreeNode;)V @ 4 c2
Event: 53.393 Thread 0x00000272591357b0 DEOPT PACKING pc=0x0000027246e90168 sp=0x00000084a81fed70
Event: 53.393 Thread 0x00000272591357b0 DEOPT UNPACKING pc=0x0000027246766da3 sp=0x00000084a81fecf8 mode 2

Classes loaded (20 events):
Event: 9.541 Loading class sun/nio/fs/AbstractPoller$1
Event: 9.541 Loading class sun/nio/fs/AbstractPoller$1 done
Event: 9.561 Loading class java/nio/file/ClosedWatchServiceException
Event: 9.561 Loading class java/nio/file/ClosedWatchServiceException done
Event: 17.238 Loading class java/nio/file/Files$AcceptAllFilter
Event: 17.238 Loading class java/nio/file/DirectoryStream$Filter
Event: 17.238 Loading class java/nio/file/DirectoryStream$Filter done
Event: 17.238 Loading class java/nio/file/Files$AcceptAllFilter done
Event: 17.238 Loading class sun/nio/fs/WindowsDirectoryStream
Event: 17.238 Loading class java/nio/file/DirectoryStream
Event: 17.239 Loading class java/nio/file/DirectoryStream done
Event: 17.239 Loading class sun/nio/fs/WindowsDirectoryStream done
Event: 17.239 Loading class sun/nio/fs/WindowsDirectoryStream$WindowsDirectoryIterator
Event: 17.240 Loading class sun/nio/fs/WindowsDirectoryStream$WindowsDirectoryIterator done
Event: 17.240 Loading class java/nio/file/Files$2
Event: 17.240 Loading class java/nio/file/Files$2 done
Event: 17.242 Loading class sun/nio/fs/WindowsPath$WindowsPathWithAttributes
Event: 17.242 Loading class sun/nio/fs/BasicFileAttributesHolder
Event: 17.242 Loading class sun/nio/fs/BasicFileAttributesHolder done
Event: 17.243 Loading class sun/nio/fs/WindowsPath$WindowsPathWithAttributes done

Classes unloaded (0 events):
No events

Classes redefined (0 events):
No events

Internal exceptions (20 events):
Event: 4.671 Thread 0x00000272591357b0 Exception <a 'java/lang/NoSuchMethodError'{0x00000000d6488f08}: 'java.lang.Object java.lang.invoke.DirectMethodHandle$Holder.newInvokeSpecial(java.lang.Object, java.lang.Object, int, java.lang.Object)'> (0x00000000d6488f08) 
thrown [s\src\hotspot\share\interpreter\linkResolver.cpp, line 774]
Event: 4.692 Thread 0x00000272584f7a70 Exception <a 'java/lang/NoSuchMethodError'{0x00000000d6217e30}: 'void java.lang.invoke.Invokers$Holder.invokeExact_MT(java.lang.Object, java.lang.Object, java.lang.Object, java.lang.Object)'> (0x00000000d6217e30) 
thrown [s\src\hotspot\share\interpreter\linkResolver.cpp, line 774]
Event: 4.704 Thread 0x00000272584f7a70 Exception <a 'java/lang/NoSuchMethodError'{0x00000000d6230ab8}: 'void java.lang.invoke.DirectMethodHandle$Holder.invokeSpecial(java.lang.Object, java.lang.Object, java.lang.Object, java.lang.Object, java.lang.Object)'> (0x00000000d6230ab8) 
thrown [s\src\hotspot\share\interpreter\linkResolver.cpp, line 774]
Event: 4.719 Thread 0x00000272591357b0 Exception <a 'java/lang/NoSuchMethodError'{0x00000000d64a4c70}: 'java.lang.Object java.lang.invoke.DirectMethodHandle$Holder.newInvokeSpecial(java.lang.Object, java.lang.Object, java.lang.Object, java.lang.Object, java.lang.Object)'> (0x00000000d64a4c70) 
thrown [s\src\hotspot\share\interpreter\linkResolver.cpp, line 774]
Event: 5.819 Thread 0x0000027258f1c400 Exception <a 'java/lang/NoSuchMethodError'{0x00000000d47083a0}: 'void java.lang.invoke.DirectMethodHandle$Holder.invokeStatic(java.lang.Object, java.lang.Object, java.lang.Object, java.lang.Object)'> (0x00000000d47083a0) 
thrown [s\src\hotspot\share\interpreter\linkResolver.cpp, line 774]
Event: 6.509 Thread 0x00000272386f43f0 Exception <a 'java/lang/NoSuchMethodError'{0x00000000d428e740}: 'void java.lang.invoke.DirectMethodHandle$Holder.invokeSpecial(java.lang.Object, java.lang.Object, java.lang.Object, java.lang.Object, java.lang.Object, java.lang.Object)'> (0x00000000d428e740) 
thrown [s\src\hotspot\share\interpreter\linkResolver.cpp, line 774]
Event: 6.511 Thread 0x00000272386f43f0 Exception <a 'java/lang/IncompatibleClassChangeError'{0x00000000d4296628}: Found class java.lang.Object, but interface was expected> (0x00000000d4296628) 
thrown [s\src\hotspot\share\interpreter\linkResolver.cpp, line 841]
Event: 6.513 Thread 0x00000272386f43f0 Exception <a 'java/lang/IncompatibleClassChangeError'{0x00000000d42983d8}: Found class java.lang.Object, but interface was expected> (0x00000000d42983d8) 
thrown [s\src\hotspot\share\interpreter\linkResolver.cpp, line 841]
Event: 6.805 Thread 0x0000027258f1d940 Exception <a 'java/lang/NoSuchMethodError'{0x00000000d3f17f18}: 'void java.lang.invoke.DirectMethodHandle$Holder.invokeSpecial(java.lang.Object, java.lang.Object, java.lang.Object, int)'> (0x00000000d3f17f18) 
thrown [s\src\hotspot\share\interpreter\linkResolver.cpp, line 774]
Event: 6.806 Thread 0x0000027258f1d940 Exception <a 'java/lang/NoSuchMethodError'{0x00000000d3f1bba8}: 'void java.lang.invoke.DelegatingMethodHandle$Holder.reinvoke_L(java.lang.Object, java.lang.Object, int)'> (0x00000000d3f1bba8) 
thrown [s\src\hotspot\share\interpreter\linkResolver.cpp, line 774]
Event: 6.807 Thread 0x0000027258f1d940 Exception <a 'java/lang/NoSuchMethodError'{0x00000000d3f22bd0}: 'int java.lang.invoke.Invokers$Holder.invokeExact_MT(java.lang.Object, java.lang.Object, java.lang.Object)'> (0x00000000d3f22bd0) 
thrown [s\src\hotspot\share\interpreter\linkResolver.cpp, line 774]
Event: 6.913 Thread 0x0000027258f1d940 Exception <a 'java/lang/NoSuchMethodError'{0x00000000d3d24a08}: 'void java.lang.invoke.Invokers$Holder.invokeExact_MT(java.lang.Object, java.lang.Object, int, java.lang.Object)'> (0x00000000d3d24a08) 
thrown [s\src\hotspot\share\interpreter\linkResolver.cpp, line 774]
Event: 6.924 Thread 0x0000027258f1d940 Exception <a 'java/lang/NoSuchMethodError'{0x00000000d3d3de80}: 'java.lang.Object java.lang.invoke.DirectMethodHandle$Holder.invokeInterface(java.lang.Object, java.lang.Object, java.lang.Object)'> (0x00000000d3d3de80) 
thrown [s\src\hotspot\share\interpreter\linkResolver.cpp, line 774]
Event: 8.331 Thread 0x0000027258f1e930 Exception <a 'java/lang/NoSuchMethodError'{0x00000000ccec4750}: 'void java.lang.invoke.DirectMethodHandle$Holder.invokeStatic(java.lang.Object, long)'> (0x00000000ccec4750) 
thrown [s\src\hotspot\share\interpreter\linkResolver.cpp, line 774]
Event: 8.333 Thread 0x0000027258f1e930 Exception <a 'java/lang/NoSuchMethodError'{0x00000000ccec9cb8}: 'java.lang.Object java.lang.invoke.DirectMethodHandle$Holder.newInvokeSpecial(java.lang.Object, long)'> (0x00000000ccec9cb8) 
thrown [s\src\hotspot\share\interpreter\linkResolver.cpp, line 774]
Event: 8.337 Thread 0x0000027258f1e930 Exception <a 'java/lang/NoSuchMethodError'{0x00000000cced0690}: 'java.lang.Object java.lang.invoke.DirectMethodHandle$Holder.invokeStatic(java.lang.Object, long, java.lang.Object)'> (0x00000000cced0690) 
thrown [s\src\hotspot\share\interpreter\linkResolver.cpp, line 774]
Event: 8.337 Thread 0x0000027258f1e930 Exception <a 'java/lang/NoSuchMethodError'{0x00000000cced3f90}: 'java.lang.Object java.lang.invoke.DirectMethodHandle$Holder.invokeStaticInit(java.lang.Object, long, java.lang.Object)'> (0x00000000cced3f90) 
thrown [s\src\hotspot\share\interpreter\linkResolver.cpp, line 774]
Event: 9.058 Thread 0x0000027258f1e930 Exception <a 'sun/nio/fs/WindowsException'{0x00000000cc7637d0}> (0x00000000cc7637d0) 
thrown [s\src\hotspot\share\prims\jni.cpp, line 517]
Event: 16.032 Thread 0x0000027258f1d940 Exception <a 'java/lang/IncompatibleClassChangeError'{0x00000000d64c3798}: Found class java.lang.Object, but interface was expected> (0x00000000d64c3798) 
thrown [s\src\hotspot\share\interpreter\linkResolver.cpp, line 841]
Event: 18.103 Thread 0x0000027258f1d940 Exception <a 'sun/nio/fs/WindowsException'{0x00000000d8035fa8}> (0x00000000d8035fa8) 
thrown [s\src\hotspot\share\prims\jni.cpp, line 517]

VM Operations (20 events):
Event: 18.156 Executing VM operation: G1PauseRemark
Event: 18.161 Executing VM operation: G1PauseRemark done
Event: 18.209 Executing VM operation: G1PauseCleanup
Event: 18.212 Executing VM operation: G1PauseCleanup done
Event: 23.471 Executing VM operation: G1CollectForAllocation
Event: 23.488 Executing VM operation: G1CollectForAllocation done
Event: 23.645 Executing VM operation: G1CollectForAllocation
Event: 23.657 Executing VM operation: G1CollectForAllocation done
Event: 33.688 Executing VM operation: Cleanup
Event: 33.688 Executing VM operation: Cleanup done
Event: 36.218 Executing VM operation: G1CollectForAllocation
Event: 36.226 Executing VM operation: G1CollectForAllocation done
Event: 45.527 Executing VM operation: G1CollectForAllocation
Event: 45.534 Executing VM operation: G1CollectForAllocation done
Event: 52.537 Executing VM operation: Cleanup
Event: 53.280 Executing VM operation: Cleanup done
Event: 54.281 Executing VM operation: Cleanup
Event: 54.425 Executing VM operation: Cleanup done
Event: 55.436 Executing VM operation: Cleanup
Event: 56.468 Executing VM operation: Cleanup done

Events (20 events):
Event: 13.634 Thread 0x0000027258f1cea0 Thread exited: 0x0000027258f1cea0
Event: 17.343 Thread 0x0000027258f1e3e0 Thread added: 0x0000027258f1e3e0
Event: 17.343 Thread 0x0000027258f1cea0 Thread added: 0x0000027258f1cea0
Event: 18.042 Thread 0x0000027258f1cea0 Thread exited: 0x0000027258f1cea0
Event: 18.042 Thread 0x0000027258f1e3e0 Thread exited: 0x0000027258f1e3e0
Event: 18.229 Thread 0x0000027258df1680 Thread added: 0x0000027258df1680
Event: 18.337 Thread 0x0000027258f1cea0 Thread added: 0x0000027258f1cea0
Event: 22.455 Thread 0x0000027258f1cea0 Thread exited: 0x0000027258f1cea0
Event: 22.455 Thread 0x0000027258df1680 Thread exited: 0x0000027258df1680
Event: 27.711 Thread 0x0000027258f1e3e0 Thread added: 0x0000027258f1e3e0
Event: 52.254 Thread 0x0000027258f1cea0 Thread added: 0x0000027258f1cea0
Event: 53.312 Thread 0x0000027258681a70 Thread added: 0x0000027258681a70
Event: 53.330 Thread 0x0000027258683bd0 Thread added: 0x0000027258683bd0
Event: 54.401 Thread 0x000002725a13f3a0 Thread added: 0x000002725a13f3a0
Event: 54.425 Thread 0x000002725a13e900 Thread added: 0x000002725a13e900
Event: 54.426 Thread 0x000002725a13ee50 Thread added: 0x000002725a13ee50
Event: 54.429 Thread 0x000002725a13d3c0 Thread added: 0x000002725a13d3c0
Event: 55.423 Thread 0x000002725a13ee50 Thread exited: 0x000002725a13ee50
Event: 55.423 Thread 0x000002725a13e900 Thread exited: 0x000002725a13e900
Event: 56.469 Thread 0x000002725a13f8f0 Thread added: 0x000002725a13f8f0


Dynamic libraries:
0x00007ff7edbb0000 - 0x00007ff7edbbe000 	C:\Users\ranij\.pydev_vscode\java19\jdk-19.0.2+7-jre\bin\java.exe
0x00007ffa60900000 - 0x00007ffa60b67000 	C:\WINDOWS\SYSTEM32\ntdll.dll
0x00007ffa5fc00000 - 0x00007ffa5fcc9000 	C:\WINDOWS\System32\KERNEL32.DLL
0x00007ffa5e080000 - 0x00007ffa5e471000 	C:\WINDOWS\System32\KERNELBASE.dll
0x00007ffa5d6c0000 - 0x00007ffa5d80b000 	C:\WINDOWS\System32\ucrtbase.dll
0x00007ffa107c0000 - 0x00007ffa107d7000 	C:\Users\ranij\.pydev_vscode\java19\jdk-19.0.2+7-jre\bin\jli.dll
0x00007ffa5e8c0000 - 0x00007ffa5ea85000 	C:\WINDOWS\System32\USER32.dll
0x00007ffa07780000 - 0x00007ffa07799000 	C:\Users\ranij\.pydev_vscode\java19\jdk-19.0.2+7-jre\bin\VCRUNTIME140.dll
0x00007ffa40300000 - 0x00007ffa40593000 	C:\WINDOWS\WinSxS\amd64_microsoft.windows.common-controls_6595b64144ccf1df_6.0.26100.8037_none_3e092faae333b53b\COMCTL32.dll
0x00007ffa5e480000 - 0x00007ffa5e4a7000 	C:\WINDOWS\System32\win32u.dll
0x00007ffa5ec80000 - 0x00007ffa5ed29000 	C:\WINDOWS\System32\msvcrt.dll
0x00007ffa5fb50000 - 0x00007ffa5fb7b000 	C:\WINDOWS\System32\GDI32.dll
0x00007ffa5d1e0000 - 0x00007ffa5d30b000 	C:\WINDOWS\System32\gdi32full.dll
0x00007ffa5e4b0000 - 0x00007ffa5e553000 	C:\WINDOWS\System32\msvcp_win.dll
0x00007ffa5feb0000 - 0x00007ffa5fee1000 	C:\WINDOWS\System32\IMM32.DLL
0x00007ffa0a930000 - 0x00007ffa0a93c000 	C:\Users\ranij\.pydev_vscode\java19\jdk-19.0.2+7-jre\bin\vcruntime140_1.dll
0x00007ff9d7c30000 - 0x00007ff9d7cc1000 	C:\Users\ranij\.pydev_vscode\java19\jdk-19.0.2+7-jre\bin\msvcp140.dll
0x00007ff977930000 - 0x00007ff978621000 	C:\Users\ranij\.pydev_vscode\java19\jdk-19.0.2+7-jre\bin\server\jvm.dll
0x00007ffa5f4f0000 - 0x00007ffa5f5ab000 	C:\WINDOWS\System32\ADVAPI32.dll
0x00007ffa60500000 - 0x00007ffa605a7000 	C:\WINDOWS\System32\sechost.dll
0x00007ffa5fef0000 - 0x00007ffa60008000 	C:\WINDOWS\System32\RPCRT4.dll
0x00007ffa588b0000 - 0x00007ffa588ba000 	C:\WINDOWS\SYSTEM32\WSOCK32.dll
0x00007ffa5fad0000 - 0x00007ffa5fb44000 	C:\WINDOWS\System32\WS2_32.dll
0x00007ffa56f00000 - 0x00007ffa56f0b000 	C:\WINDOWS\SYSTEM32\VERSION.dll
0x00007ffa56ec0000 - 0x00007ffa56ef5000 	C:\WINDOWS\SYSTEM32\WINMM.dll
0x00007ffa5bf70000 - 0x00007ffa5bf8b000 	C:\WINDOWS\SYSTEM32\kernel.appcore.dll
0x00007ffa08aa0000 - 0x00007ffa08aaa000 	C:\Users\ranij\.pydev_vscode\java19\jdk-19.0.2+7-jre\bin\jimage.dll
0x00007ffa50e00000 - 0x00007ffa51042000 	C:\WINDOWS\SYSTEM32\DBGHELP.DLL
0x00007ffa600f0000 - 0x00007ffa60472000 	C:\WINDOWS\System32\combase.dll
0x00007ffa605b0000 - 0x00007ffa60687000 	C:\WINDOWS\System32\OLEAUT32.dll
0x00007ffa400a0000 - 0x00007ffa400db000 	C:\WINDOWS\SYSTEM32\dbgcore.DLL
0x00007ffa5e5f0000 - 0x00007ffa5e695000 	C:\WINDOWS\System32\bcryptPrimitives.dll
0x00007ff9eb180000 - 0x00007ff9eb1a6000 	C:\Users\ranij\.pydev_vscode\java19\jdk-19.0.2+7-jre\bin\java.dll
0x00007ff9d0010000 - 0x00007ff9d00e6000 	C:\Users\ranij\.pydev_vscode\java19\jdk-19.0.2+7-jre\bin\jsvml.dll
0x00007ffa5ed80000 - 0x00007ffa5f4df000 	C:\WINDOWS\System32\SHELL32.dll
0x00007ffa5d3d0000 - 0x00007ffa5d53a000 	C:\WINDOWS\System32\wintypes.dll
0x00007ffa5d810000 - 0x00007ffa5e074000 	C:\WINDOWS\System32\windows.storage.dll
0x00007ffa5e7b0000 - 0x00007ffa5e8a7000 	C:\WINDOWS\System32\SHCORE.dll
0x00007ffa5fb90000 - 0x00007ffa5fbf7000 	C:\WINDOWS\System32\shlwapi.dll
0x00007ffa5d100000 - 0x00007ffa5d129000 	C:\WINDOWS\SYSTEM32\profapi.dll
0x00007ff9f2360000 - 0x00007ff9f2373000 	C:\Users\ranij\.pydev_vscode\java19\jdk-19.0.2+7-jre\bin\net.dll
0x00007ffa53d60000 - 0x00007ffa53e87000 	C:\WINDOWS\SYSTEM32\WINHTTP.dll
0x00007ffa5c4e0000 - 0x00007ffa5c54b000 	C:\WINDOWS\system32\mswsock.dll
0x00007ff9eaf90000 - 0x00007ff9eafa6000 	C:\Users\ranij\.pydev_vscode\java19\jdk-19.0.2+7-jre\bin\nio.dll
0x00007ff9ea810000 - 0x00007ff9ea828000 	C:\Users\ranij\.pydev_vscode\java19\jdk-19.0.2+7-jre\bin\zip.dll
0x00007ff9d76b0000 - 0x00007ff9d76ee000 	C:\Users\ranij\.vscode\extensions\fabioz.vscode-pydev-0.16.0\server\plugins\org.eclipse.equinox.launcher.win32.win32.x86_64_1.2.900.v20240213-1244\eclipse_11900.dll
0x00007ffa5ea90000 - 0x00007ffa5ec25000 	C:\WINDOWS\System32\ole32.dll
0x0000000180000000 - 0x0000000180012000 	C:\Users\ranij\.vscode\extensions\fabioz.vscode-pydev-0.16.0\server\config_win\org.eclipse.osgi\13\0\.cp\os\win32\x86_64\localfile_1_0_0.dll
0x00007ff9ea760000 - 0x00007ff9ea77b000 	C:\Users\ranij\.vscode\extensions\fabioz.vscode-pydev-0.16.0\server\config_win\org.eclipse.osgi\16\0\.cp\os\win32\x86_64\win32refresh.dll
0x00007ffa5c7c0000 - 0x00007ffa5c7cc000 	C:\WINDOWS\SYSTEM32\CRYPTBASE.DLL

dbghelp: loaded successfully - version: 4.0.5 - missing functions: none
symbol engine: initialized successfully - sym options: 0x614 - pdb path: .;C:\Users\ranij\.pydev_vscode\java19\jdk-19.0.2+7-jre\bin;C:\WINDOWS\SYSTEM32;C:\WINDOWS\WinSxS\amd64_microsoft.windows.common-controls_6595b64144ccf1df_6.0.26100.8037_none_3e092faae333b53b;C:\Users\ranij\.pydev_vscode\java19\jdk-19.0.2+7-jre\bin\server;C:\Users\ranij\.vscode\extensions\fabioz.vscode-pydev-0.16.0\server\plugins\org.eclipse.equinox.launcher.win32.win32.x86_64_1.2.900.v20240213-1244;C:\Users\ranij\.vscode\extensions\fabioz.vscode-pydev-0.16.0\server\config_win\org.eclipse.osgi\13\0\.cp\os\win32\x86_64;C:\Users\ranij\.vscode\extensions\fabioz.vscode-pydev-0.16.0\server\config_win\org.eclipse.osgi\16\0\.cp\os\win32\x86_64

VM Arguments:
jvm_args: --add-modules=ALL-SYSTEM --add-opens=java.base/java.util=ALL-UNNAMED --add-opens=java.base/java.lang=ALL-UNNAMED -Declipse.application=org.python.pydev.pydev_lsp.application -Dosgi.bundles.defaultStartLevel=4 -Declipse.product=org.python.pydev.pydev_lsp.product -Xmx1G -XX:+UseG1GC -XX:+UseStringDeduplication 
java_command: c:\Users\ranij\.vscode\extensions\fabioz.vscode-pydev-0.16.0\server\plugins\org.eclipse.equinox.launcher_1.6.700.v20240213-1244.jar -configuration c:\Users\ranij\.vscode\extensions\fabioz.vscode-pydev-0.16.0\server\config_win -data c:\Users\ranij\AppData\Roaming\Code\User\workspaceStorage\fd8b2cb8ee5520f83ed8649ec1cc86b8\fabioz.vscode-pydev\pydev_ws
java_class_path (initial): c:\Users\ranij\.vscode\extensions\fabioz.vscode-pydev-0.16.0\server\plugins\org.eclipse.equinox.launcher_1.6.700.v20240213-1244.jar
Launcher Type: SUN_STANDARD

[Global flags]
     intx CICompilerCount                          = 4                                         {product} {ergonomic}
     uint ConcGCThreads                            = 2                                         {product} {ergonomic}
     uint G1ConcRefinementThreads                  = 8                                         {product} {ergonomic}
   size_t G1HeapRegionSize                         = 1048576                                   {product} {ergonomic}
    uintx GCDrainStackTargetSize                   = 64                                        {product} {ergonomic}
   size_t InitialHeapSize                          = 123731968                                 {product} {ergonomic}
   size_t MarkStackSize                            = 4194304                                   {product} {ergonomic}
   size_t MaxHeapSize                              = 1073741824                                {product} {command line}
   size_t MaxNewSize                               = 643825664                                 {product} {ergonomic}
   size_t MinHeapDeltaBytes                        = 1048576                                   {product} {ergonomic}
   size_t MinHeapSize                              = 8388608                                   {product} {ergonomic}
    uintx NonNMethodCodeHeapSize                   = 5839372                                {pd product} {ergonomic}
    uintx NonProfiledCodeHeapSize                  = 122909434                              {pd product} {ergonomic}
    uintx ProfiledCodeHeapSize                     = 122909434                              {pd product} {ergonomic}
    uintx ReservedCodeCacheSize                    = 251658240                              {pd product} {ergonomic}
     bool SegmentedCodeCache                       = true                                      {product} {ergonomic}
   size_t SoftMaxHeapSize                          = 1073741824                             {manageable} {ergonomic}
     bool UseCompressedClassPointers               = true                           {product lp64_product} {ergonomic}
     bool UseCompressedOops                        = true                           {product lp64_product} {ergonomic}
     bool UseG1GC                                  = true                                      {product} {command line}
     bool UseLargePagesIndividualAllocation        = false                                  {pd product} {ergonomic}
     bool UseStringDeduplication                   = true                                      {product} {command line}

Logging:
Log output configuration:
 #0: stdout all=warning uptime,level,tags foldmultilines=false
 #1: stderr all=off uptime,level,tags foldmultilines=false

Environment Variables:
PATH=C:\Users\ranij\AppData\Local\Programs\Microsoft VS Code;C:\Program Files\Common Files\Oracle\Java\javapath;C:\Program Files (x86)\Common Files\Oracle\Java\java8path;C:\MinGW\bin;C:\Program Files\Python312\Scripts\;C:\Program Files\Python312\;C:\WINDOWS\system32;C:\WINDOWS;C:\WINDOWS\System32\Wbem;C:\WINDOWS\System32\WindowsPowerShell\v1.0\;C:\WINDOWS\System32\OpenSSH\;C:\Program Files\dotnet\;C:\Program Files\MySQL\MySQL Server 5.5\bin;C:\Program Files (x86)\Touch Portal\plugins\adb\platform-tools;C:\Program Files\HP\HP One Agent;C:\ProgramData\chocolatey\bin;C:\WINDOWS\system32;C:\WINDOWS;C:\WINDOWS\System32\Wbem;C:\WINDOWS\System32\WindowsPowerShell\v1.0\;C:\WINDOWS\System32\OpenSSH\;C:\Program Files\nodejs\;C:\Users\ranij\AppData\Roaming\Python\Python312\Scripts;C:\Program Files\Git\cmd;C:\Program Files\Git\mingw64\bin;C:\Program Files\Git\usr\bin;C:\iverilog\bin;C:\Program Files\PostgreSQL\18\bin;C:\Users\ranij\.local\bin;C:\Program Files\MySQL\MySQL Shell 8.0\bin\;C:\Users\ranij\AppData\Local\Programs\Python\Python310\Scripts\;C:\Users\ranij\AppData\Local\Programs\Python\Python310\;C:\Users\ranij\AppData\Local\Programs\Python\Python310\python.exe;C:\msys64\ucrt64\bin;C:\Program Files\JetBrains\PyCharm 2024.2.1\bin;;C:\FFmpeg;C:\Users\ranij\AppData\Local\Microsoft\WindowsApps;C:\Users\ranij\AppData\Local\Programs\Microsoft VS Code\bin;C:\Users\ranij\AppData\Roaming\npm;C:\ProgramData\ranij\GitHubDesktop\bin;C:\Users\ranij\AppData\Local\GitHubDesktop\bin;C:\Users\ranij\AppData\Local\Programs\MiKTeX\miktex\bin\x64\;C:\Program Files\JetBrains\IntelliJ IDEA 2025.1.2\bin;;C:\Program Files\JetBrains\IntelliJ IDEA Community Edition 2025.1.2\bin;;C:\Program Files\mongosh\;C:\Users\ranij\AppData\Local\Programs\Antigravity\bin
USERNAME=ranij
OS=Windows_NT
PROCESSOR_IDENTIFIER=AMD64 Family 23 Model 104 Stepping 1, AuthenticAMD
TMP=C:\Users\ranij\AppData\Local\Temp
TEMP=C:\Users\ranij\AppData\Local\Temp



---------------  S Y S T E M  ---------------

OS:
 Windows 11 , 64 bit Build 26100 (10.0.26100.7920)
OS uptime: 0 days 11:55 hours
Hyper-V role detected

CPU: total 8 (initial active 8) (8 cores per cpu, 2 threads per core) family 23 model 104 stepping 1 microcode 0x8608107, cx8, cmov, fxsr, ht, mmx, 3dnowpref, sse, sse2, sse3, ssse3, sse4a, sse4.1, sse4.2, popcnt, lzcnt, tsc, tscinvbit, avx, avx2, aes, clmul, bmi1, bmi2, adx, sha, fma, vzeroupper, clflush, clflushopt, hv, rdtscp, rdpid

Memory: 4k page, system-wide physical 7502M (748M free)
TotalPageFile size 30030M (AvailPageFile size 155M)
current process WorkingSet (physical memory assigned to process): 198M, peak: 491M
current process commit charge ("private bytes"): 281M, peak: 556M

vm_info: OpenJDK 64-Bit Server VM (19.0.2+7) for windows-amd64 JRE (19.0.2+7), built on 2023-01-17T00:00:00Z by "temurin" with MS VC++ 16.7 (VS2019)

END.
