#
# There is insufficient memory for the Java Runtime Environment to continue.
# Native memory allocation (malloc) failed to allocate 1301008 bytes for Chunk::new
# Possible reasons:
#   The system is out of physical RAM or swap space
#   The process is running with CompressedOops enabled, and the Java Heap may be blocking the growth of the native heap
# Possible solutions:
#   Reduce memory load on the system
#   Increase physical memory or swap space
#   Check if swap backing store is full
#   Decrease Java heap size (-Xmx/-Xms)
#   Decrease number of Java threads
#   Decrease Java thread stack sizes (-Xss)
#   Set larger code cache with -XX:ReservedCodeCacheSize=
#   JVM is running with Unscaled Compressed Oops mode in which the Java heap is
#     placed in the first 4GB address space. The Java Heap base address is the
#     maximum limit for the native heap growth. Please use -XX:HeapBaseMinAddress
#     to set the Java Heap base and to place the Java Heap above 4GB virtual address.
# This output file may be truncated or incomplete.
#
#  Out of Memory Error (arena.cpp:184), pid=30664, tid=23964
#
# JRE version: OpenJDK Runtime Environment Temurin-19.0.2+7 (19.0.2+7) (build 19.0.2+7)
# Java VM: OpenJDK 64-Bit Server VM Temurin-19.0.2+7 (19.0.2+7, mixed mode, sharing, tiered, compressed oops, compressed class ptrs, g1 gc, windows-amd64)
# No core dump will be written. Minidumps are not enabled by default on client versions of Windows
#

---------------  S U M M A R Y ------------

Command Line: --add-modules=ALL-SYSTEM --add-opens=java.base/java.util=ALL-UNNAMED --add-opens=java.base/java.lang=ALL-UNNAMED -Declipse.application=org.python.pydev.pydev_lsp.application -Dosgi.bundles.defaultStartLevel=4 -Declipse.product=org.python.pydev.pydev_lsp.product -Xmx1G -XX:+UseG1GC -XX:+UseStringDeduplication c:\Users\ranij\.vscode\extensions\fabioz.vscode-pydev-0.16.0\server\plugins\org.eclipse.equinox.launcher_1.6.700.v20240213-1244.jar -configuration c:\Users\ranij\.vscode\extensions\fabioz.vscode-pydev-0.16.0\server\config_win -data c:\Users\ranij\AppData\Roaming\Code\User\workspaceStorage\fd8b2cb8ee5520f83ed8649ec1cc86b8\fabioz.vscode-pydev\pydev_ws

Host: AMD Ryzen 3 5300U with Radeon Graphics         , 8 cores, 7G,  Windows 11 , 64 bit Build 26100 (10.0.26100.7920)
Time: Fri Mar 20 20:50:32 2026 India Standard Time elapsed time: 68.827095 seconds (0d 0h 1m 8s)

---------------  T H R E A D  ---------------

Current thread (0x000001fc78267220):  JavaThread "C2 CompilerThread0" daemon [_thread_in_native, id=23964, stack(0x000000748a800000,0x000000748a900000)]


Current CompileTask:
C2:  68827 5818       4       org.eclipse.core.internal.localstore.FileSystemResourceManager::getStoreRoot (229 bytes)

Stack: [0x000000748a800000,0x000000748a900000]
Native frames: (J=compiled Java code, j=interpreted, Vv=VM code, C=native code)
V  [jvm.dll+0x6e9e1a]
V  [jvm.dll+0x8a36c0]
V  [jvm.dll+0x8a50ae]
V  [jvm.dll+0x8a5763]
V  [jvm.dll+0x27bcdf]
V  [jvm.dll+0xc221f]
V  [jvm.dll+0xc2595]
V  [jvm.dll+0x3b7d9b]
V  [jvm.dll+0x3815f1]
V  [jvm.dll+0x380a9a]
V  [jvm.dll+0x2452db]
V  [jvm.dll+0x244671]
V  [jvm.dll+0x1cf4b1]
V  [jvm.dll+0x254229]
V  [jvm.dll+0x252418]
V  [jvm.dll+0x85403d]
V  [jvm.dll+0x84de3a]
V  [jvm.dll+0x6e8abb]
C  [ucrtbase.dll+0x37b0]
C  [KERNEL32.DLL+0x2e8d7]
C  [ntdll.dll+0x8c48c]


---------------  P R O C E S S  ---------------

Threads class SMR info:
_java_thread_list=0x000001fc10de8cf0, length=42, elements={
0x000001fc6b87cff0, 0x000001fc782107b0, 0x000001fc78215880, 0x000001fc7821b960,
0x000001fc7821f550, 0x000001fc7824ab50, 0x000001fc7825a9f0, 0x000001fc78267220,
0x000001fc782697b0, 0x000001fc78257a20, 0x000001fc782594b0, 0x000001fc782584c0,
0x000001fc78257f70, 0x000001fc7825af40, 0x000001fc78259a00, 0x000001fc78259f50,
0x000001fc7825a4a0, 0x000001fc7d4daaa0, 0x000001fc7d4d8570, 0x000001fc7d4d9ab0,
0x000001fc7d4d9010, 0x000001fc7d4da000, 0x000001fc7d4da550, 0x000001fc7d4daff0,
0x000001fc7d4d9560, 0x000001fc7d4db540, 0x000001fc7d4dba90, 0x000001fc7d4dbfe0,
0x000001fc7d4dcfd0, 0x000001fc7d4dd520, 0x000001fc7d4dc530, 0x000001fc7d4d8ac0,
0x000001fc7d4ddfc0, 0x000001fc7d4defb0, 0x000001fc7d4dfa50, 0x000001fc7d4dda70,
0x000001fc7d4de510, 0x000001fc7d4dea60, 0x000001fc7d4df500, 0x000001fc7d7fcd70,
0x000001fc7d7fc820, 0x000001fc7cd18530
}

Java Threads: ( => current thread )
  0x000001fc6b87cff0 JavaThread "main" [_thread_blocked, id=21524, stack(0x0000007489a00000,0x0000007489b00000)]
  0x000001fc782107b0 JavaThread "Reference Handler" daemon [_thread_blocked, id=912, stack(0x000000748a200000,0x000000748a300000)]
  0x000001fc78215880 JavaThread "Finalizer" daemon [_thread_blocked, id=22892, stack(0x000000748a300000,0x000000748a400000)]
  0x000001fc7821b960 JavaThread "Signal Dispatcher" daemon [_thread_blocked, id=19404, stack(0x000000748a400000,0x000000748a500000)]
  0x000001fc7821f550 JavaThread "Attach Listener" daemon [_thread_blocked, id=24748, stack(0x000000748a500000,0x000000748a600000)]
  0x000001fc7824ab50 JavaThread "Service Thread" daemon [_thread_blocked, id=27460, stack(0x000000748a600000,0x000000748a700000)]
  0x000001fc7825a9f0 JavaThread "Monitor Deflation Thread" daemon [_thread_blocked, id=17820, stack(0x000000748a700000,0x000000748a800000)]
=>0x000001fc78267220 JavaThread "C2 CompilerThread0" daemon [_thread_in_native, id=23964, stack(0x000000748a800000,0x000000748a900000)]
  0x000001fc782697b0 JavaThread "C1 CompilerThread0" daemon [_thread_blocked, id=30028, stack(0x000000748a900000,0x000000748aa00000)]
  0x000001fc78257a20 JavaThread "Sweeper thread" daemon [_thread_blocked, id=30468, stack(0x000000748aa00000,0x000000748ab00000)]
  0x000001fc782594b0 JavaThread "Common-Cleaner" daemon [_thread_blocked, id=30604, stack(0x000000748ab00000,0x000000748ac00000)]
  0x000001fc782584c0 JavaThread "Notification Thread" daemon [_thread_blocked, id=30712, stack(0x000000748ac00000,0x000000748ad00000)]
  0x000001fc78257f70 JavaThread "Active Thread: Equinox Container: 31647415-4b46-4216-81ac-ea827ec170e7" [_thread_blocked, id=7916, stack(0x000000748af00000,0x000000748b000000)]
  0x000001fc7825af40 JavaThread "Framework Event Dispatcher: Equinox Container: 31647415-4b46-4216-81ac-ea827ec170e7" daemon [_thread_blocked, id=12240, stack(0x000000748b000000,0x000000748b100000)]
  0x000001fc78259a00 JavaThread "Start Level: Equinox Container: 31647415-4b46-4216-81ac-ea827ec170e7" daemon [_thread_blocked, id=30596, stack(0x000000748b100000,0x000000748b200000)]
  0x000001fc78259f50 JavaThread "SCR Component Actor" daemon [_thread_blocked, id=30508, stack(0x000000748b900000,0x000000748ba00000)]
  0x000001fc7825a4a0 JavaThread "Worker-JM" [_thread_blocked, id=3368, stack(0x000000748bb00000,0x000000748bc00000)]
  0x000001fc7d4daaa0 JavaThread "Worker-0: Refreshing workspace" [_thread_in_native, id=29992, stack(0x000000748ba00000,0x000000748bb00000)]
  0x000001fc7d4d8570 JavaThread "Worker-1" [_thread_blocked, id=28036, stack(0x000000748bc00000,0x000000748bd00000)]
  0x000001fc7d4d9ab0 JavaThread "Worker-2" [_thread_blocked, id=26876, stack(0x000000748bd00000,0x000000748be00000)]
  0x000001fc7d4d9010 JavaThread "Worker-3: Check index integrity for: d07p989r8t_Program Elective_Assignment Program Elective" [_thread_in_native, id=24340, stack(0x000000748be00000,0x000000748bf00000)]
  0x000001fc7d4da000 JavaThread "pool-2-thread-1" [_thread_blocked, id=22652, stack(0x000000748bf00000,0x000000748c000000)]
  0x000001fc7d4da550 JavaThread "Worker-4" [_thread_blocked, id=28948, stack(0x000000748c000000,0x000000748c100000)]
  0x000001fc7d4daff0 JavaThread "pool-1-thread-1" [_thread_in_native, id=25696, stack(0x000000748c100000,0x000000748c200000)]
  0x000001fc7d4d9560 JavaThread "ForkJoinPool.commonPool-worker-1" daemon [_thread_blocked, id=2468, stack(0x000000748c300000,0x000000748c400000)]
  0x000001fc7d4db540 JavaThread "FileSystemWatchService" daemon [_thread_in_native, id=15976, stack(0x000000748c400000,0x000000748c500000)]
  0x000001fc7d4dba90 JavaThread "Thread-5" daemon [_thread_blocked, id=10500, stack(0x000000748c500000,0x000000748c600000)]
  0x000001fc7d4dbfe0 JavaThread "Thread-9" daemon [_thread_blocked, id=14220, stack(0x000000748ae00000,0x000000748af00000)]
  0x000001fc7d4dcfd0 JavaThread "Worker-5" [_thread_blocked, id=24392, stack(0x000000748c800000,0x000000748c900000)]
  0x000001fc7d4dd520 JavaThread "Worker-6" [_thread_blocked, id=30076, stack(0x000000748c900000,0x000000748ca00000)]
  0x000001fc7d4dc530 JavaThread "Worker-7" [_thread_blocked, id=1656, stack(0x000000748c200000,0x000000748c300000)]
  0x000001fc7d4d8ac0 JavaThread "Worker-8" [_thread_blocked, id=18064, stack(0x000000748c600000,0x000000748c700000)]
  0x000001fc7d4ddfc0 JavaThread "Worker-9" [_thread_blocked, id=14884, stack(0x000000748c700000,0x000000748c800000)]
  0x000001fc7d4defb0 JavaThread "Worker-10" [_thread_blocked, id=29896, stack(0x000000748ca00000,0x000000748cb00000)]
  0x000001fc7d4dfa50 JavaThread "Worker-11" [_thread_blocked, id=25892, stack(0x000000748cb00000,0x000000748cc00000)]
  0x000001fc7d4dda70 JavaThread "Worker-12" [_thread_blocked, id=2900, stack(0x000000748cc00000,0x000000748cd00000)]
  0x000001fc7d4de510 JavaThread "Worker-13" [_thread_blocked, id=1904, stack(0x000000748cd00000,0x000000748ce00000)]
  0x000001fc7d4dea60 JavaThread "Worker-14" [_thread_blocked, id=15528, stack(0x000000748ce00000,0x000000748cf00000)]
  0x000001fc7d4df500 JavaThread "Worker-15" [_thread_blocked, id=14480, stack(0x000000748cf00000,0x000000748d000000)]
  0x000001fc7d7fcd70 JavaThread "Shell reader (stdout)" daemon [_thread_in_native, id=28328, stack(0x0000007489800000,0x0000007489900000)]
  0x000001fc7d7fc820 JavaThread "Shell reader (stderr)" daemon [_thread_in_native, id=29948, stack(0x0000007489900000,0x0000007489a00000)]
  0x000001fc7cd18530 JavaThread "C2 CompilerThread1" daemon [_thread_in_native, id=4600, stack(0x000000748d000000,0x000000748d100000)]

Other Threads:
  0x000001fc781f2160 VMThread "VM Thread" [stack: 0x000000748a100000,0x000000748a200000] [id=17284]
  0x000001fc7c5c2090 WatcherThread "VM Periodic Task Thread" [stack: 0x000000748ad00000,0x000000748ae00000] [id=20216]
  0x000001fc6da35970 WorkerThread "GC Thread#0" [stack: 0x0000007489b00000,0x0000007489c00000] [id=30304]
  0x000001fc7cbd7010 WorkerThread "GC Thread#1" [stack: 0x000000748b200000,0x000000748b300000] [id=27144]
  0x000001fc7cbe9460 WorkerThread "GC Thread#2" [stack: 0x000000748b300000,0x000000748b400000] [id=30268]
  0x000001fc7cbeaae0 WorkerThread "GC Thread#3" [stack: 0x000000748b400000,0x000000748b500000] [id=26816]
  0x000001fc7cbe8ec0 WorkerThread "GC Thread#4" [stack: 0x000000748b500000,0x000000748b600000] [id=29016]
  0x000001fc7cbe9a00 WorkerThread "GC Thread#5" [stack: 0x000000748b600000,0x000000748b700000] [id=16872]
  0x000001fc7cbe9190 WorkerThread "GC Thread#6" [stack: 0x000000748b700000,0x000000748b800000] [id=25608]
  0x000001fc7cbe9fa0 WorkerThread "GC Thread#7" [stack: 0x000000748b800000,0x000000748b900000] [id=3104]
  0x000001fc6da3e940 ConcurrentGCThread "G1 Main Marker" [stack: 0x0000007489c00000,0x0000007489d00000] [id=23412]
  0x000001fc6da3ff90 WorkerThread "G1 Conc#0" [stack: 0x0000007489d00000,0x0000007489e00000] [id=13344]
  0x000001fc7d7b7260 WorkerThread "G1 Conc#1" [stack: 0x0000007489700000,0x0000007489800000] [id=4576]
  0x000001fc780a90f0 ConcurrentGCThread "G1 Refine#0" [stack: 0x0000007489e00000,0x0000007489f00000] [id=15320]
  0x000001fc780a94f0 ConcurrentGCThread "G1 Service" [stack: 0x0000007489f00000,0x000000748a000000] [id=24408]
  0x000001fc781eeb20 ConcurrentGCThread "StringDedupProcessor" [stack: 0x000000748a000000,0x000000748a100000] [id=7588]

Threads with active compile tasks:
C2 CompilerThread0    68901 5818       4       org.eclipse.core.internal.localstore.FileSystemResourceManager::getStoreRoot (229 bytes)
C2 CompilerThread1    68901 5819       4       org.python.pydev.ast.codecompletion.revisited.PythonPathHelper::isValidSourceFile (54 bytes)

VM state: not at safepoint (normal execution)

VM Mutex/Monitor currently owned by a thread: None

Heap address: 0x00000000c0000000, size: 1024 MB, Compressed Oops mode: 32-bit

CDS archive(s) mapped at: [0x0000000800000000-0x0000000800ad0000-0x0000000800ad0000), size 11337728, SharedBaseAddress: 0x0000000800000000, ArchiveRelocationMode: 0.
Compressed class space mapped at: 0x0000000800c00000-0x0000000840c00000, reserved size: 1073741824
Narrow klass base: 0x0000000800000000, Narrow klass shift: 0, Narrow klass range: 0x100000000

GC Precious Log:
 CardTable entry size: 512
 Card Set container configuration: InlinePtr #cards 5 size 8 Array Of Cards #cards 12 size 40 Howl #buckets 4 coarsen threshold 1843 Howl Bitmap #cards 512 size 80 coarsen threshold 460 Card regions per heap region 1 cards per card region 2048
 CPUs: 8 total, 8 available
 Memory: 7502M
 Large Page Support: Disabled
 NUMA Support: Disabled
 Compressed Oops: Enabled (32-bit)
 Heap Region Size: 1M
 Heap Min Capacity: 8M
 Heap Initial Capacity: 118M
 Heap Max Capacity: 1G
 Pre-touch: Disabled
 Parallel Workers: 8
 Concurrent Workers: 2
 Concurrent Refinement Workers: 8
 Periodic GC: Disabled
 String Deduplication is enabled

Heap:
 garbage-first heap   total 182272K, used 113473K [0x00000000c0000000, 0x0000000100000000)
  region size 1024K, 33 young (33792K), 5 survivors (5120K)
 Metaspace       used 26981K, committed 27904K, reserved 1114112K
  class space    used 2693K, committed 3136K, reserved 1048576K

Heap Regions: E=young(eden), S=young(survivor), O=old, HS=humongous(starts), HC=humongous(continues), CS=collection set, F=free, OA=open archive, CA=closed archive, TAMS=top-at-mark-start (previous, next)
|   0|0x00000000c0000000, 0x00000000c0100000, 0x00000000c0100000|100%| O|  |TAMS 0x00000000c0100000, 0x00000000c0000000| Untracked 
|   1|0x00000000c0100000, 0x00000000c0200000, 0x00000000c0200000|100%| O|  |TAMS 0x00000000c0200000, 0x00000000c0100000| Untracked 
|   2|0x00000000c0200000, 0x00000000c0300000, 0x00000000c0300000|100%| O|  |TAMS 0x00000000c0300000, 0x00000000c0200000| Untracked 
|   3|0x00000000c0300000, 0x00000000c0400000, 0x00000000c0400000|100%| O|  |TAMS 0x00000000c0400000, 0x00000000c0300000| Untracked 
|   4|0x00000000c0400000, 0x00000000c0500000, 0x00000000c0500000|100%| O|  |TAMS 0x00000000c0500000, 0x00000000c0400000| Untracked 
|   5|0x00000000c0500000, 0x00000000c0600000, 0x00000000c0600000|100%| O|  |TAMS 0x00000000c0600000, 0x00000000c0500000| Untracked 
|   6|0x00000000c0600000, 0x00000000c0700000, 0x00000000c0700000|100%| O|  |TAMS 0x00000000c0700000, 0x00000000c0600000| Untracked 
|   7|0x00000000c0700000, 0x00000000c0800000, 0x00000000c0800000|100%| O|  |TAMS 0x00000000c0800000, 0x00000000c0700000| Untracked 
|   8|0x00000000c0800000, 0x00000000c0900000, 0x00000000c0900000|100%| O|  |TAMS 0x00000000c0900000, 0x00000000c0800000| Untracked 
|   9|0x00000000c0900000, 0x00000000c0a00000, 0x00000000c0a00000|100%| O|  |TAMS 0x00000000c0a00000, 0x00000000c0900000| Untracked 
|  10|0x00000000c0a00000, 0x00000000c0b00000, 0x00000000c0b00000|100%| O|  |TAMS 0x00000000c0b00000, 0x00000000c0a00000| Untracked 
|  11|0x00000000c0b00000, 0x00000000c0c00000, 0x00000000c0c00000|100%| O|  |TAMS 0x00000000c0c00000, 0x00000000c0b00000| Untracked 
|  12|0x00000000c0c00000, 0x00000000c0d00000, 0x00000000c0d00000|100%| O|  |TAMS 0x00000000c0d00000, 0x00000000c0c00000| Untracked 
|  13|0x00000000c0d00000, 0x00000000c0e00000, 0x00000000c0e00000|100%| O|  |TAMS 0x00000000c0e00000, 0x00000000c0d00000| Untracked 
|  14|0x00000000c0e00000, 0x00000000c0f00000, 0x00000000c0f00000|100%| O|  |TAMS 0x00000000c0f00000, 0x00000000c0e00000| Untracked 
|  15|0x00000000c0f00000, 0x00000000c1000000, 0x00000000c1000000|100%| O|  |TAMS 0x00000000c1000000, 0x00000000c0f00000| Untracked 
|  16|0x00000000c1000000, 0x00000000c1100000, 0x00000000c1100000|100%| O|  |TAMS 0x00000000c1100000, 0x00000000c1000000| Untracked 
|  17|0x00000000c1100000, 0x00000000c1200000, 0x00000000c1200000|100%| O|  |TAMS 0x00000000c1200000, 0x00000000c1100000| Untracked 
|  18|0x00000000c1200000, 0x00000000c1300000, 0x00000000c1300000|100%| O|  |TAMS 0x00000000c1300000, 0x00000000c1200000| Untracked 
|  19|0x00000000c1300000, 0x00000000c1400000, 0x00000000c1400000|100%| O|  |TAMS 0x00000000c1400000, 0x00000000c1300000| Untracked 
|  20|0x00000000c1400000, 0x00000000c1500000, 0x00000000c1500000|100%| O|  |TAMS 0x00000000c1500000, 0x00000000c1400000| Untracked 
|  21|0x00000000c1500000, 0x00000000c1600000, 0x00000000c1600000|100%| O|  |TAMS 0x00000000c1600000, 0x00000000c1500000| Untracked 
|  22|0x00000000c1600000, 0x00000000c1700000, 0x00000000c1700000|100%| O|  |TAMS 0x00000000c1700000, 0x00000000c1600000| Untracked 
|  23|0x00000000c1700000, 0x00000000c1800000, 0x00000000c1800000|100%| O|  |TAMS 0x00000000c1800000, 0x00000000c1700000| Untracked 
|  24|0x00000000c1800000, 0x00000000c1900000, 0x00000000c1900000|100%| O|  |TAMS 0x00000000c1900000, 0x00000000c1800000| Untracked 
|  25|0x00000000c1900000, 0x00000000c1a00000, 0x00000000c1a00000|100%| O|  |TAMS 0x00000000c1a00000, 0x00000000c1900000| Untracked 
|  26|0x00000000c1a00000, 0x00000000c1b00000, 0x00000000c1b00000|100%| O|  |TAMS 0x00000000c1b00000, 0x00000000c1a00000| Untracked 
|  27|0x00000000c1b00000, 0x00000000c1c00000, 0x00000000c1c00000|100%| O|  |TAMS 0x00000000c1b00000, 0x00000000c1b00000| Untracked 
|  28|0x00000000c1c00000, 0x00000000c1d00000, 0x00000000c1d00000|100%| O|  |TAMS 0x00000000c1d00000, 0x00000000c1c00000| Untracked 
|  29|0x00000000c1d00000, 0x00000000c1e00000, 0x00000000c1e00000|100%| O|  |TAMS 0x00000000c1e00000, 0x00000000c1d00000| Untracked 
|  30|0x00000000c1e00000, 0x00000000c1f00000, 0x00000000c1f00000|100%| O|  |TAMS 0x00000000c1f00000, 0x00000000c1e00000| Untracked 
|  31|0x00000000c1f00000, 0x00000000c2000000, 0x00000000c2000000|100%| O|  |TAMS 0x00000000c1f00000, 0x00000000c1f00000| Untracked 
|  32|0x00000000c2000000, 0x00000000c2100000, 0x00000000c2100000|100%| O|  |TAMS 0x00000000c2000000, 0x00000000c2000000| Untracked 
|  33|0x00000000c2100000, 0x00000000c2200000, 0x00000000c2200000|100%| O|  |TAMS 0x00000000c2100000, 0x00000000c2100000| Untracked 
|  34|0x00000000c2200000, 0x00000000c2300000, 0x00000000c2300000|100%| O|  |TAMS 0x00000000c2200000, 0x00000000c2200000| Untracked 
|  35|0x00000000c2300000, 0x00000000c2400000, 0x00000000c2400000|100%| O|  |TAMS 0x00000000c2300000, 0x00000000c2300000| Untracked 
|  36|0x00000000c2400000, 0x00000000c2500000, 0x00000000c2500000|100%| O|  |TAMS 0x00000000c2400000, 0x00000000c2400000| Untracked 
|  37|0x00000000c2500000, 0x00000000c2600000, 0x00000000c2600000|100%| O|  |TAMS 0x00000000c2500000, 0x00000000c2500000| Untracked 
|  38|0x00000000c2600000, 0x00000000c2700000, 0x00000000c2700000|100%| O|  |TAMS 0x00000000c2600000, 0x00000000c2600000| Untracked 
|  39|0x00000000c2700000, 0x00000000c2800000, 0x00000000c2800000|100%| O|  |TAMS 0x00000000c2700000, 0x00000000c2700000| Untracked 
|  40|0x00000000c2800000, 0x00000000c2900000, 0x00000000c2900000|100%| O|  |TAMS 0x00000000c2800000, 0x00000000c2800000| Untracked 
|  41|0x00000000c2900000, 0x00000000c2a00000, 0x00000000c2a00000|100%| O|  |TAMS 0x00000000c2900000, 0x00000000c2900000| Untracked 
|  42|0x00000000c2a00000, 0x00000000c2b00000, 0x00000000c2b00000|100%| O|  |TAMS 0x00000000c2a00000, 0x00000000c2a00000| Untracked 
|  43|0x00000000c2b00000, 0x00000000c2c00000, 0x00000000c2c00000|100%| O|  |TAMS 0x00000000c2b00000, 0x00000000c2b00000| Untracked 
|  44|0x00000000c2c00000, 0x00000000c2d00000, 0x00000000c2d00000|100%| O|  |TAMS 0x00000000c2c00000, 0x00000000c2c00000| Untracked 
|  45|0x00000000c2d00000, 0x00000000c2e00000, 0x00000000c2e00000|100%| O|  |TAMS 0x00000000c2d00000, 0x00000000c2d00000| Untracked 
|  46|0x00000000c2e00000, 0x00000000c2f00000, 0x00000000c2f00000|100%| O|  |TAMS 0x00000000c2e00000, 0x00000000c2e00000| Untracked 
|  47|0x00000000c2f00000, 0x00000000c3000000, 0x00000000c3000000|100%| O|  |TAMS 0x00000000c2f00000, 0x00000000c2f00000| Untracked 
|  48|0x00000000c3000000, 0x00000000c3100000, 0x00000000c3100000|100%| O|  |TAMS 0x00000000c3000000, 0x00000000c3000000| Untracked 
|  49|0x00000000c3100000, 0x00000000c3200000, 0x00000000c3200000|100%| O|  |TAMS 0x00000000c3100000, 0x00000000c3100000| Untracked 
|  50|0x00000000c3200000, 0x00000000c3300000, 0x00000000c3300000|100%| O|  |TAMS 0x00000000c3200000, 0x00000000c3200000| Untracked 
|  51|0x00000000c3300000, 0x00000000c3400000, 0x00000000c3400000|100%| O|  |TAMS 0x00000000c3300000, 0x00000000c3300000| Untracked 
|  52|0x00000000c3400000, 0x00000000c3500000, 0x00000000c3500000|100%| O|  |TAMS 0x00000000c3400000, 0x00000000c3400000| Untracked 
|  53|0x00000000c3500000, 0x00000000c3600000, 0x00000000c3600000|100%| O|  |TAMS 0x00000000c3600000, 0x00000000c3500000| Untracked 
|  54|0x00000000c3600000, 0x00000000c3700000, 0x00000000c3700000|100%| O|  |TAMS 0x00000000c3700000, 0x00000000c3600000| Untracked 
|  55|0x00000000c3700000, 0x00000000c3800000, 0x00000000c3800000|100%| O|  |TAMS 0x00000000c3800000, 0x00000000c3700000| Untracked 
|  56|0x00000000c3800000, 0x00000000c3900000, 0x00000000c3900000|100%| O|  |TAMS 0x00000000c3900000, 0x00000000c3800000| Untracked 
|  57|0x00000000c3900000, 0x00000000c3a00000, 0x00000000c3a00000|100%| O|  |TAMS 0x00000000c3900000, 0x00000000c3900000| Untracked 
|  58|0x00000000c3a00000, 0x00000000c3b00000, 0x00000000c3b00000|100%| O|  |TAMS 0x00000000c3a00000, 0x00000000c3a00000| Untracked 
|  59|0x00000000c3b00000, 0x00000000c3c00000, 0x00000000c3c00000|100%| O|  |TAMS 0x00000000c3b00000, 0x00000000c3b00000| Untracked 
|  60|0x00000000c3c00000, 0x00000000c3d00000, 0x00000000c3d00000|100%| O|  |TAMS 0x00000000c3c00000, 0x00000000c3c00000| Untracked 
|  61|0x00000000c3d00000, 0x00000000c3e00000, 0x00000000c3e00000|100%| O|  |TAMS 0x00000000c3d00000, 0x00000000c3d00000| Untracked 
|  62|0x00000000c3e00000, 0x00000000c3ef1000, 0x00000000c3f00000| 94%| O|  |TAMS 0x00000000c3e00000, 0x00000000c3e00000| Untracked 
|  63|0x00000000c3f00000, 0x00000000c3f00000, 0x00000000c4000000|  0%| F|  |TAMS 0x00000000c3f00000, 0x00000000c3f00000| Untracked 
|  64|0x00000000c4000000, 0x00000000c4000000, 0x00000000c4100000|  0%| F|  |TAMS 0x00000000c4000000, 0x00000000c4000000| Untracked 
|  65|0x00000000c4100000, 0x00000000c4100000, 0x00000000c4200000|  0%| F|  |TAMS 0x00000000c4100000, 0x00000000c4100000| Untracked 
|  66|0x00000000c4200000, 0x00000000c4200000, 0x00000000c4300000|  0%| F|  |TAMS 0x00000000c4200000, 0x00000000c4200000| Untracked 
|  67|0x00000000c4300000, 0x00000000c4300000, 0x00000000c4400000|  0%| F|  |TAMS 0x00000000c4300000, 0x00000000c4300000| Untracked 
|  68|0x00000000c4400000, 0x00000000c4400000, 0x00000000c4500000|  0%| F|  |TAMS 0x00000000c4400000, 0x00000000c4400000| Untracked 
|  69|0x00000000c4500000, 0x00000000c4500000, 0x00000000c4600000|  0%| F|  |TAMS 0x00000000c4500000, 0x00000000c4500000| Untracked 
|  70|0x00000000c4600000, 0x00000000c4600000, 0x00000000c4700000|  0%| F|  |TAMS 0x00000000c4600000, 0x00000000c4600000| Untracked 
|  71|0x00000000c4700000, 0x00000000c4800000, 0x00000000c4800000|100%| O|  |TAMS 0x00000000c4700000, 0x00000000c4700000| Untracked 
|  72|0x00000000c4800000, 0x00000000c4900000, 0x00000000c4900000|100%| O|  |TAMS 0x00000000c4800000, 0x00000000c4800000| Untracked 
|  73|0x00000000c4900000, 0x00000000c4a00000, 0x00000000c4a00000|100%| O|  |TAMS 0x00000000c4900000, 0x00000000c4900000| Untracked 
|  74|0x00000000c4a00000, 0x00000000c4b00000, 0x00000000c4b00000|100%| O|  |TAMS 0x00000000c4a00000, 0x00000000c4a00000| Untracked 
|  75|0x00000000c4b00000, 0x00000000c4c00000, 0x00000000c4c00000|100%| O|  |TAMS 0x00000000c4b00000, 0x00000000c4b00000| Untracked 
|  76|0x00000000c4c00000, 0x00000000c4d00000, 0x00000000c4d00000|100%| O|  |TAMS 0x00000000c4c00000, 0x00000000c4c00000| Untracked 
|  77|0x00000000c4d00000, 0x00000000c4e00000, 0x00000000c4e00000|100%| O|  |TAMS 0x00000000c4d00000, 0x00000000c4d00000| Untracked 
|  78|0x00000000c4e00000, 0x00000000c4f00000, 0x00000000c4f00000|100%| O|  |TAMS 0x00000000c4e00000, 0x00000000c4e00000| Untracked 
|  79|0x00000000c4f00000, 0x00000000c5000000, 0x00000000c5000000|100%| O|  |TAMS 0x00000000c4f00000, 0x00000000c4f00000| Untracked 
|  80|0x00000000c5000000, 0x00000000c5100000, 0x00000000c5100000|100%| O|  |TAMS 0x00000000c5000000, 0x00000000c5000000| Untracked 
|  81|0x00000000c5100000, 0x00000000c5200000, 0x00000000c5200000|100%| O|  |TAMS 0x00000000c5100000, 0x00000000c5100000| Untracked 
|  82|0x00000000c5200000, 0x00000000c5300000, 0x00000000c5300000|100%| O|  |TAMS 0x00000000c5200000, 0x00000000c5200000| Untracked 
|  83|0x00000000c5300000, 0x00000000c5400000, 0x00000000c5400000|100%| O|  |TAMS 0x00000000c5300000, 0x00000000c5300000| Untracked 
|  84|0x00000000c5400000, 0x00000000c5500000, 0x00000000c5500000|100%| O|  |TAMS 0x00000000c5400000, 0x00000000c5400000| Untracked 
|  85|0x00000000c5500000, 0x00000000c5600000, 0x00000000c5600000|100%| O|  |TAMS 0x00000000c5500000, 0x00000000c5500000| Untracked 
|  86|0x00000000c5600000, 0x00000000c5600000, 0x00000000c5700000|  0%| F|  |TAMS 0x00000000c5600000, 0x00000000c5600000| Untracked 
|  87|0x00000000c5700000, 0x00000000c5700000, 0x00000000c5800000|  0%| F|  |TAMS 0x00000000c5700000, 0x00000000c5700000| Untracked 
|  88|0x00000000c5800000, 0x00000000c5800000, 0x00000000c5900000|  0%| F|  |TAMS 0x00000000c5800000, 0x00000000c5800000| Untracked 
|  89|0x00000000c5900000, 0x00000000c5900000, 0x00000000c5a00000|  0%| F|  |TAMS 0x00000000c5900000, 0x00000000c5900000| Untracked 
|  90|0x00000000c5a00000, 0x00000000c5a00000, 0x00000000c5b00000|  0%| F|  |TAMS 0x00000000c5a00000, 0x00000000c5a00000| Untracked 
|  91|0x00000000c5b00000, 0x00000000c5b00000, 0x00000000c5c00000|  0%| F|  |TAMS 0x00000000c5b00000, 0x00000000c5b00000| Untracked 
|  92|0x00000000c5c00000, 0x00000000c5c00000, 0x00000000c5d00000|  0%| F|  |TAMS 0x00000000c5c00000, 0x00000000c5c00000| Untracked 
|  93|0x00000000c5d00000, 0x00000000c5d00000, 0x00000000c5e00000|  0%| F|  |TAMS 0x00000000c5d00000, 0x00000000c5d00000| Untracked 
|  94|0x00000000c5e00000, 0x00000000c5e00000, 0x00000000c5f00000|  0%| F|  |TAMS 0x00000000c5e00000, 0x00000000c5e00000| Untracked 
|  95|0x00000000c5f00000, 0x00000000c5f00000, 0x00000000c6000000|  0%| F|  |TAMS 0x00000000c5f00000, 0x00000000c5f00000| Untracked 
|  96|0x00000000c6000000, 0x00000000c6000000, 0x00000000c6100000|  0%| F|  |TAMS 0x00000000c6000000, 0x00000000c6000000| Untracked 
|  97|0x00000000c6100000, 0x00000000c6100000, 0x00000000c6200000|  0%| F|  |TAMS 0x00000000c6100000, 0x00000000c6100000| Untracked 
|  98|0x00000000c6200000, 0x00000000c6200000, 0x00000000c6300000|  0%| F|  |TAMS 0x00000000c6200000, 0x00000000c6200000| Untracked 
|  99|0x00000000c6300000, 0x00000000c6300000, 0x00000000c6400000|  0%| F|  |TAMS 0x00000000c6300000, 0x00000000c6300000| Untracked 
| 100|0x00000000c6400000, 0x00000000c6400000, 0x00000000c6500000|  0%| F|  |TAMS 0x00000000c6400000, 0x00000000c6400000| Untracked 
| 101|0x00000000c6500000, 0x00000000c6500000, 0x00000000c6600000|  0%| F|  |TAMS 0x00000000c6500000, 0x00000000c6500000| Untracked 
| 102|0x00000000c6600000, 0x00000000c6600000, 0x00000000c6700000|  0%| F|  |TAMS 0x00000000c6600000, 0x00000000c6600000| Untracked 
| 103|0x00000000c6700000, 0x00000000c6700000, 0x00000000c6800000|  0%| F|  |TAMS 0x00000000c6700000, 0x00000000c6700000| Untracked 
| 104|0x00000000c6800000, 0x00000000c6800000, 0x00000000c6900000|  0%| F|  |TAMS 0x00000000c6800000, 0x00000000c6800000| Untracked 
| 105|0x00000000c6900000, 0x00000000c6900000, 0x00000000c6a00000|  0%| F|  |TAMS 0x00000000c6900000, 0x00000000c6900000| Untracked 
| 106|0x00000000c6a00000, 0x00000000c6a00000, 0x00000000c6b00000|  0%| F|  |TAMS 0x00000000c6a00000, 0x00000000c6a00000| Untracked 
| 107|0x00000000c6b00000, 0x00000000c6b00000, 0x00000000c6c00000|  0%| F|  |TAMS 0x00000000c6b00000, 0x00000000c6b00000| Untracked 
| 108|0x00000000c6c00000, 0x00000000c6c00000, 0x00000000c6d00000|  0%| F|  |TAMS 0x00000000c6c00000, 0x00000000c6c00000| Untracked 
| 109|0x00000000c6d00000, 0x00000000c6d00000, 0x00000000c6e00000|  0%| F|  |TAMS 0x00000000c6d00000, 0x00000000c6d00000| Untracked 
| 110|0x00000000c6e00000, 0x00000000c6e00000, 0x00000000c6f00000|  0%| F|  |TAMS 0x00000000c6e00000, 0x00000000c6e00000| Untracked 
| 111|0x00000000c6f00000, 0x00000000c6f00000, 0x00000000c7000000|  0%| F|  |TAMS 0x00000000c6f00000, 0x00000000c6f00000| Untracked 
| 112|0x00000000c7000000, 0x00000000c7000000, 0x00000000c7100000|  0%| F|  |TAMS 0x00000000c7000000, 0x00000000c7000000| Untracked 
| 113|0x00000000c7100000, 0x00000000c7100000, 0x00000000c7200000|  0%| F|  |TAMS 0x00000000c7100000, 0x00000000c7100000| Untracked 
| 114|0x00000000c7200000, 0x00000000c7200000, 0x00000000c7300000|  0%| F|  |TAMS 0x00000000c7200000, 0x00000000c7200000| Untracked 
| 115|0x00000000c7300000, 0x00000000c7300000, 0x00000000c7400000|  0%| F|  |TAMS 0x00000000c7300000, 0x00000000c7300000| Untracked 
| 116|0x00000000c7400000, 0x00000000c7400000, 0x00000000c7500000|  0%| F|  |TAMS 0x00000000c7400000, 0x00000000c7400000| Untracked 
| 117|0x00000000c7500000, 0x00000000c7500000, 0x00000000c7600000|  0%| F|  |TAMS 0x00000000c7500000, 0x00000000c7500000| Untracked 
| 118|0x00000000c7600000, 0x00000000c7600000, 0x00000000c7700000|  0%| F|  |TAMS 0x00000000c7600000, 0x00000000c7600000| Untracked 
| 119|0x00000000c7700000, 0x00000000c7700000, 0x00000000c7800000|  0%| F|  |TAMS 0x00000000c7700000, 0x00000000c7700000| Untracked 
| 120|0x00000000c7800000, 0x00000000c7800000, 0x00000000c7900000|  0%| F|  |TAMS 0x00000000c7800000, 0x00000000c7800000| Untracked 
| 121|0x00000000c7900000, 0x00000000c7900000, 0x00000000c7a00000|  0%| F|  |TAMS 0x00000000c7900000, 0x00000000c7900000| Untracked 
| 122|0x00000000c7a00000, 0x00000000c7a00000, 0x00000000c7b00000|  0%| F|  |TAMS 0x00000000c7a00000, 0x00000000c7a00000| Untracked 
| 123|0x00000000c7b00000, 0x00000000c7bdf430, 0x00000000c7c00000| 87%| S|CS|TAMS 0x00000000c7b00000, 0x00000000c7b00000| Complete 
| 124|0x00000000c7c00000, 0x00000000c7d00000, 0x00000000c7d00000|100%| S|CS|TAMS 0x00000000c7c00000, 0x00000000c7c00000| Complete 
| 125|0x00000000c7d00000, 0x00000000c7e00000, 0x00000000c7e00000|100%| S|CS|TAMS 0x00000000c7d00000, 0x00000000c7d00000| Complete 
| 126|0x00000000c7e00000, 0x00000000c7f00000, 0x00000000c7f00000|100%| S|CS|TAMS 0x00000000c7e00000, 0x00000000c7e00000| Complete 
| 127|0x00000000c7f00000, 0x00000000c8000000, 0x00000000c8000000|100%| S|CS|TAMS 0x00000000c7f00000, 0x00000000c7f00000| Complete 
| 128|0x00000000c8000000, 0x00000000c8000000, 0x00000000c8100000|  0%| F|  |TAMS 0x00000000c8000000, 0x00000000c8000000| Untracked 
| 129|0x00000000c8100000, 0x00000000c8100000, 0x00000000c8200000|  0%| F|  |TAMS 0x00000000c8100000, 0x00000000c8100000| Untracked 
| 130|0x00000000c8200000, 0x00000000c8200000, 0x00000000c8300000|  0%| F|  |TAMS 0x00000000c8200000, 0x00000000c8200000| Untracked 
| 131|0x00000000c8300000, 0x00000000c8300000, 0x00000000c8400000|  0%| F|  |TAMS 0x00000000c8300000, 0x00000000c8300000| Untracked 
| 132|0x00000000c8400000, 0x00000000c8400000, 0x00000000c8500000|  0%| F|  |TAMS 0x00000000c8400000, 0x00000000c8400000| Untracked 
| 133|0x00000000c8500000, 0x00000000c8500000, 0x00000000c8600000|  0%| F|  |TAMS 0x00000000c8500000, 0x00000000c8500000| Untracked 
| 134|0x00000000c8600000, 0x00000000c8600000, 0x00000000c8700000|  0%| F|  |TAMS 0x00000000c8600000, 0x00000000c8600000| Untracked 
| 135|0x00000000c8700000, 0x00000000c8700000, 0x00000000c8800000|  0%| F|  |TAMS 0x00000000c8700000, 0x00000000c8700000| Untracked 
| 136|0x00000000c8800000, 0x00000000c8800000, 0x00000000c8900000|  0%| F|  |TAMS 0x00000000c8800000, 0x00000000c8800000| Untracked 
| 137|0x00000000c8900000, 0x00000000c8900000, 0x00000000c8a00000|  0%| F|  |TAMS 0x00000000c8900000, 0x00000000c8900000| Untracked 
| 138|0x00000000c8a00000, 0x00000000c8a00000, 0x00000000c8b00000|  0%| F|  |TAMS 0x00000000c8a00000, 0x00000000c8a00000| Untracked 
| 139|0x00000000c8b00000, 0x00000000c8b00000, 0x00000000c8c00000|  0%| F|  |TAMS 0x00000000c8b00000, 0x00000000c8b00000| Untracked 
| 140|0x00000000c8c00000, 0x00000000c8c00000, 0x00000000c8d00000|  0%| F|  |TAMS 0x00000000c8c00000, 0x00000000c8c00000| Untracked 
| 141|0x00000000c8d00000, 0x00000000c8d00000, 0x00000000c8e00000|  0%| F|  |TAMS 0x00000000c8d00000, 0x00000000c8d00000| Untracked 
| 142|0x00000000c8e00000, 0x00000000c8e00000, 0x00000000c8f00000|  0%| F|  |TAMS 0x00000000c8e00000, 0x00000000c8e00000| Untracked 
| 143|0x00000000c8f00000, 0x00000000c8f00000, 0x00000000c9000000|  0%| F|  |TAMS 0x00000000c8f00000, 0x00000000c8f00000| Untracked 
| 144|0x00000000c9000000, 0x00000000c9000000, 0x00000000c9100000|  0%| F|  |TAMS 0x00000000c9000000, 0x00000000c9000000| Untracked 
| 145|0x00000000c9100000, 0x00000000c9100000, 0x00000000c9200000|  0%| F|  |TAMS 0x00000000c9100000, 0x00000000c9100000| Untracked 
| 146|0x00000000c9200000, 0x00000000c9200000, 0x00000000c9300000|  0%| F|  |TAMS 0x00000000c9200000, 0x00000000c9200000| Untracked 
| 147|0x00000000c9300000, 0x00000000c9300000, 0x00000000c9400000|  0%| F|  |TAMS 0x00000000c9300000, 0x00000000c9300000| Untracked 
| 148|0x00000000c9400000, 0x00000000c9400000, 0x00000000c9500000|  0%| F|  |TAMS 0x00000000c9400000, 0x00000000c9400000| Untracked 
| 149|0x00000000c9500000, 0x00000000c953bd40, 0x00000000c9600000| 23%| E|  |TAMS 0x00000000c9500000, 0x00000000c9500000| Complete 
| 150|0x00000000c9600000, 0x00000000c9700000, 0x00000000c9700000|100%| E|CS|TAMS 0x00000000c9600000, 0x00000000c9600000| Complete 
| 151|0x00000000c9700000, 0x00000000c9800000, 0x00000000c9800000|100%| E|CS|TAMS 0x00000000c9700000, 0x00000000c9700000| Complete 
| 152|0x00000000c9800000, 0x00000000c9900000, 0x00000000c9900000|100%| E|CS|TAMS 0x00000000c9800000, 0x00000000c9800000| Complete 
| 153|0x00000000c9900000, 0x00000000c9a00000, 0x00000000c9a00000|100%| E|CS|TAMS 0x00000000c9900000, 0x00000000c9900000| Complete 
| 154|0x00000000c9a00000, 0x00000000c9b00000, 0x00000000c9b00000|100%| E|CS|TAMS 0x00000000c9a00000, 0x00000000c9a00000| Complete 
| 155|0x00000000c9b00000, 0x00000000c9c00000, 0x00000000c9c00000|100%| E|CS|TAMS 0x00000000c9b00000, 0x00000000c9b00000| Complete 
| 156|0x00000000c9c00000, 0x00000000c9d00000, 0x00000000c9d00000|100%| E|CS|TAMS 0x00000000c9c00000, 0x00000000c9c00000| Complete 
| 157|0x00000000c9d00000, 0x00000000c9e00000, 0x00000000c9e00000|100%| E|CS|TAMS 0x00000000c9d00000, 0x00000000c9d00000| Complete 
| 158|0x00000000c9e00000, 0x00000000c9f00000, 0x00000000c9f00000|100%| E|CS|TAMS 0x00000000c9e00000, 0x00000000c9e00000| Complete 
| 159|0x00000000c9f00000, 0x00000000ca000000, 0x00000000ca000000|100%| E|CS|TAMS 0x00000000c9f00000, 0x00000000c9f00000| Complete 
| 160|0x00000000ca000000, 0x00000000ca100000, 0x00000000ca100000|100%| E|CS|TAMS 0x00000000ca000000, 0x00000000ca000000| Complete 
| 161|0x00000000ca100000, 0x00000000ca200000, 0x00000000ca200000|100%| E|CS|TAMS 0x00000000ca100000, 0x00000000ca100000| Complete 
| 162|0x00000000ca200000, 0x00000000ca300000, 0x00000000ca300000|100%| E|CS|TAMS 0x00000000ca200000, 0x00000000ca200000| Complete 
| 163|0x00000000ca300000, 0x00000000ca400000, 0x00000000ca400000|100%| E|CS|TAMS 0x00000000ca300000, 0x00000000ca300000| Complete 
| 164|0x00000000ca400000, 0x00000000ca500000, 0x00000000ca500000|100%| E|CS|TAMS 0x00000000ca400000, 0x00000000ca400000| Complete 
| 165|0x00000000ca500000, 0x00000000ca600000, 0x00000000ca600000|100%| E|CS|TAMS 0x00000000ca500000, 0x00000000ca500000| Complete 
| 166|0x00000000ca600000, 0x00000000ca700000, 0x00000000ca700000|100%| E|CS|TAMS 0x00000000ca600000, 0x00000000ca600000| Complete 
| 167|0x00000000ca700000, 0x00000000ca800000, 0x00000000ca800000|100%| E|CS|TAMS 0x00000000ca700000, 0x00000000ca700000| Complete 
| 168|0x00000000ca800000, 0x00000000ca900000, 0x00000000ca900000|100%| E|CS|TAMS 0x00000000ca800000, 0x00000000ca800000| Complete 
| 169|0x00000000ca900000, 0x00000000caa00000, 0x00000000caa00000|100%| E|CS|TAMS 0x00000000ca900000, 0x00000000ca900000| Complete 
| 170|0x00000000caa00000, 0x00000000cab00000, 0x00000000cab00000|100%| E|CS|TAMS 0x00000000caa00000, 0x00000000caa00000| Complete 
| 171|0x00000000cab00000, 0x00000000cac00000, 0x00000000cac00000|100%| E|CS|TAMS 0x00000000cab00000, 0x00000000cab00000| Complete 
| 172|0x00000000cac00000, 0x00000000cad00000, 0x00000000cad00000|100%| E|CS|TAMS 0x00000000cac00000, 0x00000000cac00000| Complete 
| 258|0x00000000d0200000, 0x00000000d0300000, 0x00000000d0300000|100%| E|CS|TAMS 0x00000000d0200000, 0x00000000d0200000| Complete 
| 259|0x00000000d0300000, 0x00000000d0400000, 0x00000000d0400000|100%| E|CS|TAMS 0x00000000d0300000, 0x00000000d0300000| Complete 
| 260|0x00000000d0400000, 0x00000000d0500000, 0x00000000d0500000|100%| E|CS|TAMS 0x00000000d0400000, 0x00000000d0400000| Complete 
| 265|0x00000000d0900000, 0x00000000d0a00000, 0x00000000d0a00000|100%| E|CS|TAMS 0x00000000d0900000, 0x00000000d0900000| Complete 
|1023|0x00000000fff00000, 0x0000000100000000, 0x0000000100000000|100%| O|  |TAMS 0x00000000fff00000, 0x00000000fff00000| Untracked 

Card table byte_map: [0x000001fc73400000,0x000001fc73600000] _byte_map_base: 0x000001fc72e00000

Marking Bits (Prev, Next): (CMBitMap*) 0x000001fc6da35ef0, (CMBitMap*) 0x000001fc6da35eb0
 Prev Bits: [0x000001fc74800000, 0x000001fc75800000)
 Next Bits: [0x000001fc73800000, 0x000001fc74800000)

Polling page: 0x000001fc6bb40000

Metaspace:

Usage:
  Non-class:     23.72 MB used.
      Class:      2.63 MB used.
       Both:     26.35 MB used.

Virtual space:
  Non-class space:       64.00 MB reserved,      24.19 MB ( 38%) committed,  1 nodes.
      Class space:        1.00 GB reserved,       3.06 MB ( <1%) committed,  1 nodes.
             Both:        1.06 GB reserved,      27.25 MB (  3%) committed. 

Chunk freelists:
   Non-Class:  3.53 MB
       Class:  1022.00 KB
        Both:  4.53 MB

MaxMetaspaceSize: unlimited
CompressedClassSpaceSize: 1.00 GB
Initial GC threshold: 21.00 MB
Current GC threshold: 35.12 MB
CDS: on
MetaspaceReclaimPolicy: balanced
 - commit_granule_bytes: 65536.
 - commit_granule_words: 8192.
 - virtual_space_node_default_size: 8388608.
 - enlarge_chunks_in_place: 1.
 - new_chunks_are_fully_committed: 0.
 - uncommit_free_chunks: 1.
 - use_allocation_guard: 0.


Internal statistics:

num_allocs_failed_limit: 3.
num_arena_births: 848.
num_arena_deaths: 0.
num_vsnodes_births: 2.
num_vsnodes_deaths: 0.
num_space_committed: 436.
num_space_uncommitted: 0.
num_chunks_returned_to_freelist: 3.
num_chunks_taken_from_freelist: 1946.
num_chunk_merges: 3.
num_chunk_splits: 1231.
num_chunks_enlarged: 718.
num_inconsistent_stats: 0.

CodeHeap 'non-profiled nmethods': size=120000Kb used=2738Kb max_used=3118Kb free=117261Kb
 bounds [0x000001fc07ad0000, 0x000001fc07de0000, 0x000001fc0f000000]
CodeHeap 'profiled nmethods': size=120000Kb used=9694Kb max_used=11761Kb free=110305Kb
 bounds [0x000001fc00000000, 0x000001fc00b80000, 0x000001fc07530000]
CodeHeap 'non-nmethods': size=5760Kb used=1359Kb max_used=1405Kb free=4401Kb
 bounds [0x000001fc07530000, 0x000001fc077a0000, 0x000001fc07ad0000]
 total_blobs=5262 nmethods=4670 adapters=502
 compilation: enabled
              stopped_count=0, restarted_count=0
 full_count=0

Compilation events (20 events):
Event: 67.294 Thread 0x000001fc78267220 nmethod 5766 0x000001fc07ce7d10 code [0x000001fc07ce7ec0, 0x000001fc07ce8608]
Event: 67.295 Thread 0x000001fc78267220 5772       4       org.python.pydev.parser.grammarcommon.AbstractTreeBuilder::closeFuncDef (194 bytes)
Event: 67.645 Thread 0x000001fc78267220 nmethod 5772 0x000001fc07bff890 code [0x000001fc07bffc80, 0x000001fc07c03778]
Event: 67.648 Thread 0x000001fc78267220 5773       4       org.python.pydev.parser.jython.ast.argumentsType::<init> (62 bytes)
Event: 67.673 Thread 0x000001fc78267220 nmethod 5773 0x000001fc07c81f90 code [0x000001fc07c82120, 0x000001fc07c82b18]
Event: 67.674 Thread 0x000001fc78267220 5759   !   4       sun.nio.fs.WindowsNativeDispatcher::GetFileAttributesEx (73 bytes)
Event: 67.725 Thread 0x000001fc78267220 nmethod 5759 0x000001fc07bfd510 code [0x000001fc07bfd7e0, 0x000001fc07bfe978]
Event: 67.725 Thread 0x000001fc78267220 5760       4       sun.nio.fs.WindowsFileAttributes::fromFileAttributeData (104 bytes)
Event: 67.727 Thread 0x000001fc78267220 nmethod 5760 0x000001fc07ce7910 code [0x000001fc07ce7aa0, 0x000001fc07ce7bb8]
Event: 67.727 Thread 0x000001fc78267220 5779       4       org.python.pydev.parser.jython.ast.Attribute::accept (8 bytes)
Event: 67.728 Thread 0x000001fc78267220 nmethod 5779 0x000001fc07cf4410 code [0x000001fc07cf45a0, 0x000001fc07cf4638]
Event: 67.728 Thread 0x000001fc78267220 5790       4       org.python.pydev.parser.jython.ast.Num::accept (8 bytes)
Event: 67.729 Thread 0x000001fc78267220 nmethod 5790 0x000001fc07b00690 code [0x000001fc07b00820, 0x000001fc07b008b8]
Event: 67.729 Thread 0x000001fc78267220 5802       4       org.python.pydev.parser.jython.ast.Num::traverse (1 bytes)
Event: 67.729 Thread 0x000001fc78267220 nmethod 5802 0x000001fc07c81c90 code [0x000001fc07c81e00, 0x000001fc07c81e78]
Event: 67.729 Thread 0x000001fc78267220 5804       4       org.python.pydev.parser.jython.ast.VisitorBase::visitNum (13 bytes)
Event: 67.730 Thread 0x000001fc78267220 nmethod 5804 0x000001fc07c81810 code [0x000001fc07c819a0, 0x000001fc07c81a58]
Event: 67.732 Thread 0x000001fc78267220 5818       4       org.eclipse.core.internal.localstore.FileSystemResourceManager::getStoreRoot (229 bytes)
Event: 68.228 Thread 0x000001fc782697b0 5823       3       java.util.stream.AbstractPipeline::evaluate (94 bytes)
Event: 68.228 Thread 0x000001fc782697b0 nmethod 5823 0x000001fc0094cf10 code [0x000001fc0094d140, 0x000001fc0094d7e8]

GC Heap History (20 events):
Event: 24.597 GC heap before
{Heap before GC invocations=35 (full 0):
 garbage-first heap   total 272384K, used 66026K [0x00000000c0000000, 0x0000000100000000)
  region size 1024K, 26 young (26624K), 4 survivors (4096K)
 Metaspace       used 20799K, committed 21440K, reserved 1114112K
  class space    used 2165K, committed 2496K, reserved 1048576K
}
Event: 24.605 GC heap after
{Heap after GC invocations=36 (full 0):
 garbage-first heap   total 272384K, used 47035K [0x00000000c0000000, 0x0000000100000000)
  region size 1024K, 4 young (4096K), 4 survivors (4096K)
 Metaspace       used 20799K, committed 21440K, reserved 1114112K
  class space    used 2165K, committed 2496K, reserved 1048576K
}
Event: 30.723 GC heap before
{Heap before GC invocations=36 (full 0):
 garbage-first heap   total 272384K, used 72635K [0x00000000c0000000, 0x0000000100000000)
  region size 1024K, 29 young (29696K), 4 survivors (4096K)
 Metaspace       used 20800K, committed 21440K, reserved 1114112K
  class space    used 2165K, committed 2496K, reserved 1048576K
}
Event: 30.732 GC heap after
{Heap after GC invocations=37 (full 0):
 garbage-first heap   total 272384K, used 51200K [0x00000000c0000000, 0x0000000100000000)
  region size 1024K, 4 young (4096K), 4 survivors (4096K)
 Metaspace       used 20800K, committed 21440K, reserved 1114112K
  class space    used 2165K, committed 2496K, reserved 1048576K
}
Event: 35.583 GC heap before
{Heap before GC invocations=37 (full 0):
 garbage-first heap   total 272384K, used 81920K [0x00000000c0000000, 0x0000000100000000)
  region size 1024K, 34 young (34816K), 4 survivors (4096K)
 Metaspace       used 20804K, committed 21504K, reserved 1114112K
  class space    used 2165K, committed 2496K, reserved 1048576K
}
Event: 35.597 GC heap after
{Heap after GC invocations=38 (full 0):
 garbage-first heap   total 272384K, used 55296K [0x00000000c0000000, 0x0000000100000000)
  region size 1024K, 5 young (5120K), 5 survivors (5120K)
 Metaspace       used 20804K, committed 21504K, reserved 1114112K
  class space    used 2165K, committed 2496K, reserved 1048576K
}
Event: 39.324 GC heap before
{Heap before GC invocations=38 (full 0):
 garbage-first heap   total 272384K, used 90112K [0x00000000c0000000, 0x0000000100000000)
  region size 1024K, 39 young (39936K), 5 survivors (5120K)
 Metaspace       used 20804K, committed 21504K, reserved 1114112K
  class space    used 2165K, committed 2496K, reserved 1048576K
}
Event: 39.331 GC heap after
{Heap after GC invocations=39 (full 0):
 garbage-first heap   total 272384K, used 52744K [0x00000000c0000000, 0x0000000100000000)
  region size 1024K, 2 young (2048K), 2 survivors (2048K)
 Metaspace       used 20804K, committed 21504K, reserved 1114112K
  class space    used 2165K, committed 2496K, reserved 1048576K
}
Event: 52.729 GC heap before
{Heap before GC invocations=39 (full 0):
 garbage-first heap   total 272384K, used 128520K [0x00000000c0000000, 0x0000000100000000)
  region size 1024K, 76 young (77824K), 2 survivors (2048K)
 Metaspace       used 20808K, committed 21504K, reserved 1114112K
  class space    used 2165K, committed 2496K, reserved 1048576K
}
Event: 52.744 GC heap after
{Heap after GC invocations=40 (full 0):
 garbage-first heap   total 272384K, used 55261K [0x00000000c0000000, 0x0000000100000000)
  region size 1024K, 5 young (5120K), 5 survivors (5120K)
 Metaspace       used 20808K, committed 21504K, reserved 1114112K
  class space    used 2165K, committed 2496K, reserved 1048576K
}
Event: 53.211 GC heap before
{Heap before GC invocations=40 (full 0):
 garbage-first heap   total 272384K, used 59357K [0x00000000c0000000, 0x0000000100000000)
  region size 1024K, 10 young (10240K), 5 survivors (5120K)
 Metaspace       used 20808K, committed 21504K, reserved 1114112K
  class space    used 2165K, committed 2496K, reserved 1048576K
}
Event: 53.218 GC heap after
{Heap after GC invocations=41 (full 0):
 garbage-first heap   total 272384K, used 53397K [0x00000000c0000000, 0x0000000100000000)
  region size 1024K, 3 young (3072K), 3 survivors (3072K)
 Metaspace       used 20808K, committed 21504K, reserved 1114112K
  class space    used 2165K, committed 2496K, reserved 1048576K
}
Event: 60.125 GC heap before
{Heap before GC invocations=42 (full 0):
 garbage-first heap   total 181248K, used 156821K [0x00000000c0000000, 0x0000000100000000)
  region size 1024K, 106 young (108544K), 3 survivors (3072K)
 Metaspace       used 24595K, committed 25344K, reserved 1114112K
  class space    used 2480K, committed 2880K, reserved 1048576K
}
Event: 60.167 GC heap after
{Heap after GC invocations=43 (full 0):
 garbage-first heap   total 182272K, used 72944K [0x00000000c0000000, 0x0000000100000000)
  region size 1024K, 14 young (14336K), 14 survivors (14336K)
 Metaspace       used 24595K, committed 25344K, reserved 1114112K
  class space    used 2480K, committed 2880K, reserved 1048576K
}
Event: 60.188 GC heap before
{Heap before GC invocations=43 (full 0):
 garbage-first heap   total 182272K, used 73968K [0x00000000c0000000, 0x0000000100000000)
  region size 1024K, 15 young (15360K), 14 survivors (14336K)
 Metaspace       used 24595K, committed 25344K, reserved 1114112K
  class space    used 2480K, committed 2880K, reserved 1048576K
}
Event: 60.201 GC heap after
{Heap after GC invocations=44 (full 0):
 garbage-first heap   total 182272K, used 60012K [0x00000000c0000000, 0x0000000100000000)
  region size 1024K, 1 young (1024K), 1 survivors (1024K)
 Metaspace       used 24595K, committed 25344K, reserved 1114112K
  class space    used 2480K, committed 2880K, reserved 1048576K
}
Event: 62.198 GC heap before
{Heap before GC invocations=44 (full 0):
 garbage-first heap   total 182272K, used 127596K [0x00000000c0000000, 0x0000000100000000)
  region size 1024K, 68 young (69632K), 1 survivors (1024K)
 Metaspace       used 25729K, committed 26496K, reserved 1114112K
  class space    used 2589K, committed 2944K, reserved 1048576K
}
Event: 62.228 GC heap after
{Heap after GC invocations=45 (full 0):
 garbage-first heap   total 182272K, used 80030K [0x00000000c0000000, 0x0000000100000000)
  region size 1024K, 9 young (9216K), 9 survivors (9216K)
 Metaspace       used 25729K, committed 26496K, reserved 1114112K
  class space    used 2589K, committed 2944K, reserved 1048576K
}
Event: 65.065 GC heap before
{Heap before GC invocations=45 (full 0):
 garbage-first heap   total 182272K, used 129182K [0x00000000c0000000, 0x0000000100000000)
  region size 1024K, 58 young (59392K), 9 survivors (9216K)
 Metaspace       used 26838K, committed 27648K, reserved 1114112K
  class space    used 2684K, committed 3072K, reserved 1048576K
}
Event: 65.083 GC heap after
{Heap after GC invocations=46 (full 0):
 garbage-first heap   total 182272K, used 85825K [0x00000000c0000000, 0x0000000100000000)
  region size 1024K, 5 young (5120K), 5 survivors (5120K)
 Metaspace       used 26838K, committed 27648K, reserved 1114112K
  class space    used 2684K, committed 3072K, reserved 1048576K
}

Dll operation events (10 events):
Event: 0.019 Loaded shared library C:\Users\ranij\.pydev_vscode\java19\jdk-19.0.2+7-jre\bin\java.dll
Event: 0.037 Loaded shared library C:\Users\ranij\.pydev_vscode\java19\jdk-19.0.2+7-jre\bin\jsvml.dll
Event: 0.290 Loaded shared library C:\Users\ranij\.pydev_vscode\java19\jdk-19.0.2+7-jre\bin\net.dll
Event: 0.303 Loaded shared library C:\Users\ranij\.pydev_vscode\java19\jdk-19.0.2+7-jre\bin\nio.dll
Event: 0.323 Loaded shared library C:\Users\ranij\.pydev_vscode\java19\jdk-19.0.2+7-jre\bin\zip.dll
Event: 0.807 Loaded shared library C:\Users\ranij\.pydev_vscode\java19\jdk-19.0.2+7-jre\bin\jimage.dll
Event: 2.360 Loaded shared library C:\Users\ranij\.vscode\extensions\fabioz.vscode-pydev-0.16.0\server\plugins\org.eclipse.equinox.launcher.win32.win32.x86_64_1.2.900.v20240213-1244\eclipse_11900.dll
Event: 5.466 Loaded shared library C:\Users\ranij\.vscode\extensions\fabioz.vscode-pydev-0.16.0\server\config_win\org.eclipse.osgi\13\0\.cp\os\win32\x86_64\localfile_1_0_0.dll
Event: 5.641 Loaded shared library C:\Users\ranij\.vscode\extensions\fabioz.vscode-pydev-0.16.0\server\config_win\org.eclipse.osgi\16\0\.cp\os\win32\x86_64\win32refresh.dll
Event: 62.631 Loaded shared library C:\Users\ranij\.pydev_vscode\java19\jdk-19.0.2+7-jre\bin\extnet.dll

Deoptimization events (20 events):
Event: 63.548 Thread 0x000001fc7d4dc530 DEOPT PACKING pc=0x000001fc07b11b3c sp=0x000000748c2fe730
Event: 63.548 Thread 0x000001fc7d4dc530 DEOPT UNPACKING pc=0x000001fc07596da3 sp=0x000000748c2fe700 mode 2
Event: 64.069 Thread 0x000001fc7d4daaa0 DEOPT PACKING pc=0x000001fc000a05e7 sp=0x000000748bafeab0
Event: 64.069 Thread 0x000001fc7d4daaa0 DEOPT UNPACKING pc=0x000001fc07597543 sp=0x000000748bafded0 mode 0
Event: 64.309 Thread 0x000001fc7d4defb0 DEOPT PACKING pc=0x000001fc006e640e sp=0x000000748cafeaf0
Event: 64.309 Thread 0x000001fc7d4defb0 DEOPT UNPACKING pc=0x000001fc07597543 sp=0x000000748cafe070 mode 0
Event: 64.317 Thread 0x000001fc7d4defb0 DEOPT PACKING pc=0x000001fc0077cf03 sp=0x000000748cafe260
Event: 64.319 Thread 0x000001fc7d4defb0 DEOPT UNPACKING pc=0x000001fc07597543 sp=0x000000748cafd6d0 mode 0
Event: 64.641 Thread 0x000001fc7d4dfa50 Uncommon trap: trap_request=0xffffff45 fr.pc=0x000001fc07c3b760 relative=0x00000000000001c0
Event: 64.641 Thread 0x000001fc7d4dfa50 Uncommon trap: reason=unstable_if action=reinterpret pc=0x000001fc07c3b760 method=java.lang.String.compareTo(Ljava/lang/String;)I @ 22 c2
Event: 64.641 Thread 0x000001fc7d4dfa50 DEOPT PACKING pc=0x000001fc07c3b760 sp=0x000000748cbfdfb0
Event: 64.642 Thread 0x000001fc7d4dfa50 DEOPT UNPACKING pc=0x000001fc07596da3 sp=0x000000748cbfdeb8 mode 2
Event: 64.642 Thread 0x000001fc7d4dfa50 Uncommon trap: trap_request=0xffffffbe fr.pc=0x000001fc07b28580 relative=0x00000000000011c0
Event: 64.642 Thread 0x000001fc7d4dfa50 Uncommon trap: reason=profile_predicate action=maybe_recompile pc=0x000001fc07b28580 method=java.util.TreeMap.put(Ljava/lang/Object;Ljava/lang/Object;Z)Ljava/lang/Object; @ 123 c2
Event: 64.642 Thread 0x000001fc7d4dfa50 DEOPT PACKING pc=0x000001fc07b28580 sp=0x000000748cbfdfc0
Event: 64.642 Thread 0x000001fc7d4dfa50 DEOPT UNPACKING pc=0x000001fc07596da3 sp=0x000000748cbfdf78 mode 2
Event: 65.909 Thread 0x000001fc7d4daff0 DEOPT PACKING pc=0x000001fc0099e132 sp=0x000000748c1fee00
Event: 65.909 Thread 0x000001fc7d4daff0 DEOPT UNPACKING pc=0x000001fc07597543 sp=0x000000748c1fe330 mode 0
Event: 65.910 Thread 0x000001fc7d4daff0 DEOPT PACKING pc=0x000001fc0099e132 sp=0x000000748c1fe4c0
Event: 65.910 Thread 0x000001fc7d4daff0 DEOPT UNPACKING pc=0x000001fc07597543 sp=0x000000748c1fd9f0 mode 0

Classes loaded (20 events):
Event: 62.897 Loading class java/util/TreeMap$NavigableSubMap$SubMapEntryIterator
Event: 62.897 Loading class java/util/TreeMap$NavigableSubMap$SubMapIterator
Event: 62.897 Loading class java/util/TreeMap$NavigableSubMap$SubMapIterator done
Event: 62.897 Loading class java/util/TreeMap$NavigableSubMap$SubMapEntryIterator done
Event: 67.086 Loading class sun/nio/ch/SocketAdaptor
Event: 67.087 Loading class java/net/Socket
Event: 67.088 Loading class java/net/Socket done
Event: 67.088 Loading class sun/nio/ch/SocketAdaptor done
Event: 67.091 Loading class java/io/CharArrayWriter
Event: 67.091 Loading class java/io/CharArrayWriter done
Event: 67.093 Loading class sun/nio/ch/SocketOutputStream
Event: 67.094 Loading class sun/nio/ch/SocketOutputStream done
Event: 67.095 Loading class java/nio/channels/spi/AbstractInterruptibleChannel$1
Event: 67.095 Loading class sun/nio/ch/Interruptible
Event: 67.095 Loading class sun/nio/ch/Interruptible done
Event: 67.095 Loading class java/nio/channels/spi/AbstractInterruptibleChannel$1 done
Event: 67.096 Loading class sun/nio/ch/SocketInputStream
Event: 67.097 Loading class sun/nio/ch/SocketInputStream done
Event: 67.097 Loading class java/util/function/IntSupplier
Event: 67.097 Loading class java/util/function/IntSupplier done

Classes unloaded (0 events):
No events

Classes redefined (0 events):
No events

Internal exceptions (20 events):
Event: 56.758 Thread 0x000001fc7d4ddfc0 Exception <a 'java/lang/NoSuchMethodError'{0x00000000c922c4d8}: 'int java.lang.invoke.Invokers$Holder.invokeExact_MT(java.lang.Object, java.lang.Object)'> (0x00000000c922c4d8) 
thrown [s\src\hotspot\share\interpreter\linkResolver.cpp, line 774]
Event: 56.866 Thread 0x000001fc7d4de510 Exception <a 'java/lang/ArrayIndexOutOfBoundsException'{0x00000000c9152b78}> (0x00000000c9152b78) 
thrown [s\src\hotspot\share\runtime\sharedRuntime.cpp, line 630]
Event: 56.868 Thread 0x000001fc7d4ddfc0 Exception <a 'java/lang/ArrayIndexOutOfBoundsException'{0x00000000c92585a0}> (0x00000000c92585a0) 
thrown [s\src\hotspot\share\runtime\sharedRuntime.cpp, line 630]
Event: 57.132 Thread 0x000001fc7d4dda70 Exception <a 'java/lang/ArrayIndexOutOfBoundsException'{0x00000000c8edfc10}> (0x00000000c8edfc10) 
thrown [s\src\hotspot\share\runtime\sharedRuntime.cpp, line 630]
Event: 57.217 Thread 0x000001fc7d4dfa50 Exception <a 'java/lang/ArrayIndexOutOfBoundsException'{0x00000000c8ce6be0}: Index 10534 out of bounds for length 10534> (0x00000000c8ce6be0) 
thrown [s\src\hotspot\share\interpreter\interpreterRuntime.cpp, line 432]
Event: 57.232 Thread 0x000001fc7d4d8570 Exception <a 'java/lang/ArrayIndexOutOfBoundsException'{0x00000000c8a8ed58}: Index 10534 out of bounds for length 10534> (0x00000000c8a8ed58) 
thrown [s\src\hotspot\share\interpreter\interpreterRuntime.cpp, line 432]
Event: 57.257 Thread 0x000001fc7d4dea60 Exception <a 'java/lang/ArrayIndexOutOfBoundsException'{0x00000000c8bdae98}: Index 10264 out of bounds for length 10264> (0x00000000c8bdae98) 
thrown [s\src\hotspot\share\interpreter\interpreterRuntime.cpp, line 432]
Event: 57.259 Thread 0x000001fc7d4defb0 Exception <a 'java/lang/ArrayIndexOutOfBoundsException'{0x00000000c8dfb440}: Index 10264 out of bounds for length 10264> (0x00000000c8dfb440) 
thrown [s\src\hotspot\share\interpreter\interpreterRuntime.cpp, line 432]
Event: 57.263 Thread 0x000001fc7d4dc530 Exception <a 'java/lang/ArrayIndexOutOfBoundsException'{0x00000000c8a312f8}: Index 9455 out of bounds for length 9455> (0x00000000c8a312f8) 
thrown [s\src\hotspot\share\interpreter\interpreterRuntime.cpp, line 432]
Event: 57.617 Thread 0x000001fc7d4df500 Exception <a 'java/lang/ArrayIndexOutOfBoundsException'{0x00000000c8717b30}: Index 2424 out of bounds for length 2424> (0x00000000c8717b30) 
thrown [s\src\hotspot\share\interpreter\interpreterRuntime.cpp, line 432]
Event: 57.999 Thread 0x000001fc7d4dda70 Exception <a 'java/lang/NoSuchMethodError'{0x00000000c8097398}: 'long java.lang.invoke.DirectMethodHandle$Holder.invokeSpecial(java.lang.Object, java.lang.Object, long, java.lang.Object, int, java.lang.Object, java.lang.Object)'> (0x00000000c8097398) 
thrown [s\src\hotspot\share\interpreter\linkResolver.cpp, line 774]
Event: 58.001 Thread 0x000001fc7d4defb0 Exception <a 'java/lang/NoSuchMethodError'{0x00000000c80310a0}: 'long java.lang.invoke.DirectMethodHandle$Holder.invokeSpecial(java.lang.Object, java.lang.Object, long, java.lang.Object, int, java.lang.Object, java.lang.Object)'> (0x00000000c80310a0) 
thrown [s\src\hotspot\share\interpreter\linkResolver.cpp, line 774]
Event: 59.476 Thread 0x000001fc7d4de510 Exception <a 'java/io/FileNotFoundException'{0x00000000c73072f8}> (0x00000000c73072f8) 
thrown [s\src\hotspot\share\prims\jni.cpp, line 517]
Event: 59.477 Thread 0x000001fc7d4de510 Exception <a 'java/io/FileNotFoundException'{0x00000000c7308848}> (0x00000000c7308848) 
thrown [s\src\hotspot\share\prims\jni.cpp, line 517]
Event: 59.485 Thread 0x000001fc7d4de510 Exception <a 'java/lang/NoSuchMethodError'{0x00000000c73108d0}: 'void java.lang.invoke.DirectMethodHandle$Holder.invokeStaticInit(java.lang.Object, java.lang.Object, java.lang.Object)'> (0x00000000c73108d0) 
thrown [s\src\hotspot\share\interpreter\linkResolver.cpp, line 774]
Event: 61.128 Thread 0x000001fc7d4dda70 Exception <a 'java/lang/NoSuchMethodError'{0x00000000c899d380}: 'long java.lang.invoke.DirectMethodHandle$Holder.invokeSpecial(java.lang.Object, java.lang.Object)'> (0x00000000c899d380) 
thrown [s\src\hotspot\share\interpreter\linkResolver.cpp, line 774]
Event: 61.129 Thread 0x000001fc7d4d8570 Exception <a 'java/lang/NoSuchMethodError'{0x00000000c8bcc2f0}: 'long java.lang.invoke.DirectMethodHandle$Holder.invokeSpecial(java.lang.Object, java.lang.Object)'> (0x00000000c8bcc2f0) 
thrown [s\src\hotspot\share\interpreter\linkResolver.cpp, line 774]
Event: 61.130 Thread 0x000001fc7d4d8570 Exception <a 'java/lang/NoSuchMethodError'{0x00000000c8bcfc48}: 'long java.lang.invoke.Invokers$Holder.invokeExact_MT(java.lang.Object, java.lang.Object)'> (0x00000000c8bcfc48) 
thrown [s\src\hotspot\share\interpreter\linkResolver.cpp, line 774]
Event: 61.364 Thread 0x000001fc7d4dda70 Exception <a 'java/lang/NoSuchMethodError'{0x00000000c83fb9b8}: 'long java.lang.invoke.Invokers$Holder.invokeExact_MT(java.lang.Object, java.lang.Object)'> (0x00000000c83fb9b8) 
thrown [s\src\hotspot\share\interpreter\linkResolver.cpp, line 774]
Event: 62.466 Thread 0x000001fc7d4defb0 Implicit null exception at 0x000001fc07b75b9c to 0x000001fc07b77ec4

VM Operations (20 events):
Event: 61.950 Executing VM operation: HandshakeAllThreads
Event: 62.197 Executing VM operation: HandshakeAllThreads done
Event: 62.197 Executing VM operation: G1CollectForAllocation
Event: 62.232 Executing VM operation: G1CollectForAllocation done
Event: 62.980 Executing VM operation: ICBufferFull
Event: 63.008 Executing VM operation: ICBufferFull done
Event: 64.508 Executing VM operation: ICBufferFull
Event: 64.508 Executing VM operation: ICBufferFull done
Event: 65.065 Executing VM operation: G1CollectForAllocation
Event: 65.083 Executing VM operation: G1CollectForAllocation done
Event: 66.213 Executing VM operation: HandshakeAllThreads
Event: 66.214 Executing VM operation: HandshakeAllThreads done
Event: 66.214 Executing VM operation: Cleanup
Event: 66.214 Executing VM operation: Cleanup done
Event: 66.966 Executing VM operation: HandshakeAllThreads
Event: 66.967 Executing VM operation: HandshakeAllThreads done
Event: 67.143 Executing VM operation: HandshakeAllThreads
Event: 67.143 Executing VM operation: HandshakeAllThreads done
Event: 68.144 Executing VM operation: Cleanup
Event: 68.144 Executing VM operation: Cleanup done

Events (20 events):
Event: 67.158 Thread 0x000001fc78257a20 flushing nmethod 0x000001fc008f6510
Event: 67.158 Thread 0x000001fc78257a20 flushing nmethod 0x000001fc0090a490
Event: 67.158 Thread 0x000001fc78257a20 flushing nmethod 0x000001fc00933390
Event: 67.158 Thread 0x000001fc78257a20 flushing nmethod 0x000001fc00933d10
Event: 67.158 Thread 0x000001fc78257a20 flushing nmethod 0x000001fc00938010
Event: 67.158 Thread 0x000001fc78257a20 flushing nmethod 0x000001fc0094df90
Event: 67.158 Thread 0x000001fc78257a20 flushing nmethod 0x000001fc0095cb10
Event: 67.158 Thread 0x000001fc78257a20 flushing nmethod 0x000001fc00968210
Event: 67.158 Thread 0x000001fc78257a20 flushing nmethod 0x000001fc00968a90
Event: 67.158 Thread 0x000001fc78257a20 flushing nmethod 0x000001fc0096b390
Event: 67.158 Thread 0x000001fc78257a20 flushing nmethod 0x000001fc00983410
Event: 67.159 Thread 0x000001fc78257a20 flushing nmethod 0x000001fc0099d210
Event: 67.159 Thread 0x000001fc78257a20 flushing nmethod 0x000001fc0099db90
Event: 67.159 Thread 0x000001fc78257a20 flushing nmethod 0x000001fc009a3190
Event: 67.159 Thread 0x000001fc78257a20 flushing nmethod 0x000001fc009a5610
Event: 67.159 Thread 0x000001fc78257a20 flushing nmethod 0x000001fc00a07d90
Event: 67.159 Thread 0x000001fc78257a20 flushing nmethod 0x000001fc00a15110
Event: 67.159 Thread 0x000001fc78257a20 flushing nmethod 0x000001fc00a5de10
Event: 67.159 Thread 0x000001fc78257a20 flushing nmethod 0x000001fc00a74190
Event: 67.159 Thread 0x000001fc78257a20 flushing nmethod 0x000001fc00a8cc10


Dynamic libraries:
0x00007ff75ca60000 - 0x00007ff75ca6e000 	C:\Users\ranij\.pydev_vscode\java19\jdk-19.0.2+7-jre\bin\java.exe
0x00007ffa60900000 - 0x00007ffa60b67000 	C:\WINDOWS\SYSTEM32\ntdll.dll
0x00007ffa5fc00000 - 0x00007ffa5fcc9000 	C:\WINDOWS\System32\KERNEL32.DLL
0x00007ffa5e080000 - 0x00007ffa5e471000 	C:\WINDOWS\System32\KERNELBASE.dll
0x00007ffa5d6c0000 - 0x00007ffa5d80b000 	C:\WINDOWS\System32\ucrtbase.dll
0x00007ff9f2360000 - 0x00007ff9f2377000 	C:\Users\ranij\.pydev_vscode\java19\jdk-19.0.2+7-jre\bin\jli.dll
0x00007ff9eb190000 - 0x00007ff9eb1a9000 	C:\Users\ranij\.pydev_vscode\java19\jdk-19.0.2+7-jre\bin\VCRUNTIME140.dll
0x00007ffa5e8c0000 - 0x00007ffa5ea85000 	C:\WINDOWS\System32\USER32.dll
0x00007ffa5e480000 - 0x00007ffa5e4a7000 	C:\WINDOWS\System32\win32u.dll
0x00007ffa40300000 - 0x00007ffa40593000 	C:\WINDOWS\WinSxS\amd64_microsoft.windows.common-controls_6595b64144ccf1df_6.0.26100.8037_none_3e092faae333b53b\COMCTL32.dll
0x00007ffa5ec80000 - 0x00007ffa5ed29000 	C:\WINDOWS\System32\msvcrt.dll
0x00007ffa5fb50000 - 0x00007ffa5fb7b000 	C:\WINDOWS\System32\GDI32.dll
0x00007ffa5d1e0000 - 0x00007ffa5d30b000 	C:\WINDOWS\System32\gdi32full.dll
0x00007ffa5e4b0000 - 0x00007ffa5e553000 	C:\WINDOWS\System32\msvcp_win.dll
0x00007ffa5feb0000 - 0x00007ffa5fee1000 	C:\WINDOWS\System32\IMM32.DLL
0x00007ffa115f0000 - 0x00007ffa115fc000 	C:\Users\ranij\.pydev_vscode\java19\jdk-19.0.2+7-jre\bin\vcruntime140_1.dll
0x00007ff9cf2c0000 - 0x00007ff9cf351000 	C:\Users\ranij\.pydev_vscode\java19\jdk-19.0.2+7-jre\bin\msvcp140.dll
0x00007ff977930000 - 0x00007ff978621000 	C:\Users\ranij\.pydev_vscode\java19\jdk-19.0.2+7-jre\bin\server\jvm.dll
0x00007ffa5f4f0000 - 0x00007ffa5f5ab000 	C:\WINDOWS\System32\ADVAPI32.dll
0x00007ffa60500000 - 0x00007ffa605a7000 	C:\WINDOWS\System32\sechost.dll
0x00007ffa5fef0000 - 0x00007ffa60008000 	C:\WINDOWS\System32\RPCRT4.dll
0x00007ffa588b0000 - 0x00007ffa588ba000 	C:\WINDOWS\SYSTEM32\WSOCK32.dll
0x00007ffa5fad0000 - 0x00007ffa5fb44000 	C:\WINDOWS\System32\WS2_32.dll
0x00007ffa56ec0000 - 0x00007ffa56ef5000 	C:\WINDOWS\SYSTEM32\WINMM.dll
0x00007ffa56f00000 - 0x00007ffa56f0b000 	C:\WINDOWS\SYSTEM32\VERSION.dll
0x00007ffa5bf70000 - 0x00007ffa5bf8b000 	C:\WINDOWS\SYSTEM32\kernel.appcore.dll
0x00007ffa10e40000 - 0x00007ffa10e4a000 	C:\Users\ranij\.pydev_vscode\java19\jdk-19.0.2+7-jre\bin\jimage.dll
0x00007ffa50e00000 - 0x00007ffa51042000 	C:\WINDOWS\SYSTEM32\DBGHELP.DLL
0x00007ffa600f0000 - 0x00007ffa60472000 	C:\WINDOWS\System32\combase.dll
0x00007ffa605b0000 - 0x00007ffa60687000 	C:\WINDOWS\System32\OLEAUT32.dll
0x00007ffa400a0000 - 0x00007ffa400db000 	C:\WINDOWS\SYSTEM32\dbgcore.DLL
0x00007ffa5e5f0000 - 0x00007ffa5e695000 	C:\WINDOWS\System32\bcryptPrimitives.dll
0x00007ff9dc3a0000 - 0x00007ff9dc3c6000 	C:\Users\ranij\.pydev_vscode\java19\jdk-19.0.2+7-jre\bin\java.dll
0x00007ff9c3930000 - 0x00007ff9c3a06000 	C:\Users\ranij\.pydev_vscode\java19\jdk-19.0.2+7-jre\bin\jsvml.dll
0x00007ffa5ed80000 - 0x00007ffa5f4df000 	C:\WINDOWS\System32\SHELL32.dll
0x00007ffa5d3d0000 - 0x00007ffa5d53a000 	C:\WINDOWS\System32\wintypes.dll
0x00007ffa5d810000 - 0x00007ffa5e074000 	C:\WINDOWS\System32\windows.storage.dll
0x00007ffa5e7b0000 - 0x00007ffa5e8a7000 	C:\WINDOWS\System32\SHCORE.dll
0x00007ffa5fb90000 - 0x00007ffa5fbf7000 	C:\WINDOWS\System32\shlwapi.dll
0x00007ffa5d100000 - 0x00007ffa5d129000 	C:\WINDOWS\SYSTEM32\profapi.dll
0x00007ff9eaf90000 - 0x00007ff9eafa3000 	C:\Users\ranij\.pydev_vscode\java19\jdk-19.0.2+7-jre\bin\net.dll
0x00007ffa53d60000 - 0x00007ffa53e87000 	C:\WINDOWS\SYSTEM32\WINHTTP.dll
0x00007ffa5c4e0000 - 0x00007ffa5c54b000 	C:\WINDOWS\system32\mswsock.dll
0x00007ff9ea810000 - 0x00007ff9ea826000 	C:\Users\ranij\.pydev_vscode\java19\jdk-19.0.2+7-jre\bin\nio.dll
0x00007ff9ea760000 - 0x00007ff9ea778000 	C:\Users\ranij\.pydev_vscode\java19\jdk-19.0.2+7-jre\bin\zip.dll
0x00007ff9d6030000 - 0x00007ff9d606e000 	C:\Users\ranij\.vscode\extensions\fabioz.vscode-pydev-0.16.0\server\plugins\org.eclipse.equinox.launcher.win32.win32.x86_64_1.2.900.v20240213-1244\eclipse_11900.dll
0x00007ffa5ea90000 - 0x00007ffa5ec25000 	C:\WINDOWS\System32\ole32.dll
0x0000000180000000 - 0x0000000180012000 	C:\Users\ranij\.vscode\extensions\fabioz.vscode-pydev-0.16.0\server\config_win\org.eclipse.osgi\13\0\.cp\os\win32\x86_64\localfile_1_0_0.dll
0x00007ff9d90d0000 - 0x00007ff9d90eb000 	C:\Users\ranij\.vscode\extensions\fabioz.vscode-pydev-0.16.0\server\config_win\org.eclipse.osgi\16\0\.cp\os\win32\x86_64\win32refresh.dll
0x00007ffa5c7c0000 - 0x00007ffa5c7cc000 	C:\WINDOWS\SYSTEM32\CRYPTBASE.DLL
0x00007ffa0a090000 - 0x00007ffa0a098000 	C:\Users\ranij\.pydev_vscode\java19\jdk-19.0.2+7-jre\bin\extnet.dll

dbghelp: loaded successfully - version: 4.0.5 - missing functions: none
symbol engine: initialized successfully - sym options: 0x614 - pdb path: .;C:\Users\ranij\.pydev_vscode\java19\jdk-19.0.2+7-jre\bin;C:\WINDOWS\SYSTEM32;C:\WINDOWS\WinSxS\amd64_microsoft.windows.common-controls_6595b64144ccf1df_6.0.26100.8037_none_3e092faae333b53b;C:\Users\ranij\.pydev_vscode\java19\jdk-19.0.2+7-jre\bin\server;C:\Users\ranij\.vscode\extensions\fabioz.vscode-pydev-0.16.0\server\plugins\org.eclipse.equinox.launcher.win32.win32.x86_64_1.2.900.v20240213-1244;C:\Users\ranij\.vscode\extensions\fabioz.vscode-pydev-0.16.0\server\config_win\org.eclipse.osgi\13\0\.cp\os\win32\x86_64;C:\Users\ranij\.vscode\extensions\fabioz.vscode-pydev-0.16.0\server\config_win\org.eclipse.osgi\16\0\.cp\os\win32\x86_64

VM Arguments:
jvm_args: --add-modules=ALL-SYSTEM --add-opens=java.base/java.util=ALL-UNNAMED --add-opens=java.base/java.lang=ALL-UNNAMED -Declipse.application=org.python.pydev.pydev_lsp.application -Dosgi.bundles.defaultStartLevel=4 -Declipse.product=org.python.pydev.pydev_lsp.product -Xmx1G -XX:+UseG1GC -XX:+UseStringDeduplication 
java_command: c:\Users\ranij\.vscode\extensions\fabioz.vscode-pydev-0.16.0\server\plugins\org.eclipse.equinox.launcher_1.6.700.v20240213-1244.jar -configuration c:\Users\ranij\.vscode\extensions\fabioz.vscode-pydev-0.16.0\server\config_win -data c:\Users\ranij\AppData\Roaming\Code\User\workspaceStorage\fd8b2cb8ee5520f83ed8649ec1cc86b8\fabioz.vscode-pydev\pydev_ws
java_class_path (initial): c:\Users\ranij\.vscode\extensions\fabioz.vscode-pydev-0.16.0\server\plugins\org.eclipse.equinox.launcher_1.6.700.v20240213-1244.jar
Launcher Type: SUN_STANDARD

[Global flags]
     intx CICompilerCount                          = 4                                         {product} {ergonomic}
     uint ConcGCThreads                            = 2                                         {product} {ergonomic}
     uint G1ConcRefinementThreads                  = 8                                         {product} {ergonomic}
   size_t G1HeapRegionSize                         = 1048576                                   {product} {ergonomic}
    uintx GCDrainStackTargetSize                   = 64                                        {product} {ergonomic}
   size_t InitialHeapSize                          = 123731968                                 {product} {ergonomic}
   size_t MarkStackSize                            = 4194304                                   {product} {ergonomic}
   size_t MaxHeapSize                              = 1073741824                                {product} {command line}
   size_t MaxNewSize                               = 643825664                                 {product} {ergonomic}
   size_t MinHeapDeltaBytes                        = 1048576                                   {product} {ergonomic}
   size_t MinHeapSize                              = 8388608                                   {product} {ergonomic}
    uintx NonNMethodCodeHeapSize                   = 5839372                                {pd product} {ergonomic}
    uintx NonProfiledCodeHeapSize                  = 122909434                              {pd product} {ergonomic}
    uintx ProfiledCodeHeapSize                     = 122909434                              {pd product} {ergonomic}
    uintx ReservedCodeCacheSize                    = 251658240                              {pd product} {ergonomic}
     bool SegmentedCodeCache                       = true                                      {product} {ergonomic}
   size_t SoftMaxHeapSize                          = 1073741824                             {manageable} {ergonomic}
     bool UseCompressedClassPointers               = true                           {product lp64_product} {ergonomic}
     bool UseCompressedOops                        = true                           {product lp64_product} {ergonomic}
     bool UseG1GC                                  = true                                      {product} {command line}
     bool UseLargePagesIndividualAllocation        = false                                  {pd product} {ergonomic}
     bool UseStringDeduplication                   = true                                      {product} {command line}

Logging:
Log output configuration:
 #0: stdout all=warning uptime,level,tags foldmultilines=false
 #1: stderr all=off uptime,level,tags foldmultilines=false

Environment Variables:
PATH=C:\Users\ranij\AppData\Local\Programs\Microsoft VS Code;C:\Program Files\Common Files\Oracle\Java\javapath;C:\Program Files (x86)\Common Files\Oracle\Java\java8path;C:\MinGW\bin;C:\Program Files\Python312\Scripts\;C:\Program Files\Python312\;C:\WINDOWS\system32;C:\WINDOWS;C:\WINDOWS\System32\Wbem;C:\WINDOWS\System32\WindowsPowerShell\v1.0\;C:\WINDOWS\System32\OpenSSH\;C:\Program Files\dotnet\;C:\Program Files\MySQL\MySQL Server 5.5\bin;C:\Program Files (x86)\Touch Portal\plugins\adb\platform-tools;C:\Program Files\HP\HP One Agent;C:\ProgramData\chocolatey\bin;C:\WINDOWS\system32;C:\WINDOWS;C:\WINDOWS\System32\Wbem;C:\WINDOWS\System32\WindowsPowerShell\v1.0\;C:\WINDOWS\System32\OpenSSH\;C:\Program Files\nodejs\;C:\Users\ranij\AppData\Roaming\Python\Python312\Scripts;C:\Program Files\Git\cmd;C:\Program Files\Git\mingw64\bin;C:\Program Files\Git\usr\bin;C:\iverilog\bin;C:\Program Files\PostgreSQL\18\bin;C:\Users\ranij\.local\bin;C:\Program Files\MySQL\MySQL Shell 8.0\bin\;C:\Users\ranij\AppData\Local\Programs\Python\Python310\Scripts\;C:\Users\ranij\AppData\Local\Programs\Python\Python310\;C:\Users\ranij\AppData\Local\Programs\Python\Python310\python.exe;C:\msys64\ucrt64\bin;C:\Program Files\JetBrains\PyCharm 2024.2.1\bin;;C:\FFmpeg;C:\Users\ranij\AppData\Local\Microsoft\WindowsApps;C:\Users\ranij\AppData\Local\Programs\Microsoft VS Code\bin;C:\Users\ranij\AppData\Roaming\npm;C:\ProgramData\ranij\GitHubDesktop\bin;C:\Users\ranij\AppData\Local\GitHubDesktop\bin;C:\Users\ranij\AppData\Local\Programs\MiKTeX\miktex\bin\x64\;C:\Program Files\JetBrains\IntelliJ IDEA 2025.1.2\bin;;C:\Program Files\JetBrains\IntelliJ IDEA Community Edition 2025.1.2\bin;;C:\Program Files\mongosh\;C:\Users\ranij\AppData\Local\Programs\Antigravity\bin
USERNAME=ranij
OS=Windows_NT
PROCESSOR_IDENTIFIER=AMD64 Family 23 Model 104 Stepping 1, AuthenticAMD
TMP=C:\Users\ranij\AppData\Local\Temp
TEMP=C:\Users\ranij\AppData\Local\Temp



---------------  S Y S T E M  ---------------

OS:
 Windows 11 , 64 bit Build 26100 (10.0.26100.7920)
OS uptime: 0 days 11:52 hours
Hyper-V role detected

CPU: total 8 (initial active 8) (8 cores per cpu, 2 threads per core) family 23 model 104 stepping 1 microcode 0x8608107, cx8, cmov, fxsr, ht, mmx, 3dnowpref, sse, sse2, sse3, ssse3, sse4a, sse4.1, sse4.2, popcnt, lzcnt, tsc, tscinvbit, avx, avx2, aes, clmul, bmi1, bmi2, adx, sha, fma, vzeroupper, clflush, clflushopt, hv, rdtscp, rdpid

Memory: 4k page, system-wide physical 7502M (576M free)
TotalPageFile size 30030M (AvailPageFile size 15M)
current process WorkingSet (physical memory assigned to process): 261M, peak: 373M
current process commit charge ("private bytes"): 336M, peak: 423M

vm_info: OpenJDK 64-Bit Server VM (19.0.2+7) for windows-amd64 JRE (19.0.2+7), built on 2023-01-17T00:00:00Z by "temurin" with MS VC++ 16.7 (VS2019)

END.
