#
# There is insufficient memory for the Java Runtime Environment to continue.
# Native memory allocation (malloc) failed to allocate 1090576 bytes for Chunk::new
# Possible reasons:
#   The system is out of physical RAM or swap space
#   The process is running with CompressedOops enabled, and the Java Heap may be blocking the growth of the native heap
# Possible solutions:
#   Reduce memory load on the system
#   Increase physical memory or swap space
#   Check if swap backing store is full
#   Decrease Java heap size (-Xmx/-Xms)
#   Decrease number of Java threads
#   Decrease Java thread stack sizes (-Xss)
#   Set larger code cache with -XX:ReservedCodeCacheSize=
#   JVM is running with Unscaled Compressed Oops mode in which the Java heap is
#     placed in the first 4GB address space. The Java Heap base address is the
#     maximum limit for the native heap growth. Please use -XX:HeapBaseMinAddress
#     to set the Java Heap base and to place the Java Heap above 4GB virtual address.
# This output file may be truncated or incomplete.
#
#  Out of Memory Error (arena.cpp:184), pid=13500, tid=21524
#
# JRE version: OpenJDK Runtime Environment Temurin-19.0.2+7 (19.0.2+7) (build 19.0.2+7)
# Java VM: OpenJDK 64-Bit Server VM Temurin-19.0.2+7 (19.0.2+7, mixed mode, sharing, tiered, compressed oops, compressed class ptrs, g1 gc, windows-amd64)
# No core dump will be written. Minidumps are not enabled by default on client versions of Windows
#

---------------  S U M M A R Y ------------

Command Line: --add-modules=ALL-SYSTEM --add-opens=java.base/java.util=ALL-UNNAMED --add-opens=java.base/java.lang=ALL-UNNAMED -Declipse.application=org.python.pydev.pydev_lsp.application -Dosgi.bundles.defaultStartLevel=4 -Declipse.product=org.python.pydev.pydev_lsp.product -Xmx1G -XX:+UseG1GC -XX:+UseStringDeduplication c:\Users\ranij\.vscode\extensions\fabioz.vscode-pydev-0.16.0\server\plugins\org.eclipse.equinox.launcher_1.6.700.v20240213-1244.jar -configuration c:\Users\ranij\.vscode\extensions\fabioz.vscode-pydev-0.16.0\server\config_win -data c:\Users\ranij\AppData\Roaming\Code\User\workspaceStorage\fd8b2cb8ee5520f83ed8649ec1cc86b8\fabioz.vscode-pydev\pydev_ws

Host: AMD Ryzen 3 5300U with Radeon Graphics         , 8 cores, 7G,  Windows 11 , 64 bit Build 26100 (10.0.26100.7920)
Time: Fri Mar 20 17:39:49 2026 India Standard Time elapsed time: 150.664760 seconds (0d 0h 2m 30s)

---------------  T H R E A D  ---------------

Current thread (0x000001e84aafab00):  JavaThread "C2 CompilerThread0" daemon [_thread_in_native, id=21524, stack(0x0000009fce600000,0x0000009fce700000)]


Current CompileTask:
C2: 150665 6470   !   4       org.python.pydev.core.docutils.StringSubstitution::initialize (258 bytes)

Stack: [0x0000009fce600000,0x0000009fce700000]
Native frames: (J=compiled Java code, j=interpreted, Vv=VM code, C=native code)
V  [jvm.dll+0x6e9e1a]
V  [jvm.dll+0x8a36c0]
V  [jvm.dll+0x8a50ae]
V  [jvm.dll+0x8a5763]
V  [jvm.dll+0x27bcdf]
V  [jvm.dll+0xc221f]
V  [jvm.dll+0xc2595]
V  [jvm.dll+0x2f2acf]
V  [jvm.dll+0x5ea39e]
V  [jvm.dll+0x24e233]
V  [jvm.dll+0x246bd6]
V  [jvm.dll+0x244565]
V  [jvm.dll+0x1cf4b1]
V  [jvm.dll+0x254229]
V  [jvm.dll+0x252418]
V  [jvm.dll+0x85403d]
V  [jvm.dll+0x84de3a]
V  [jvm.dll+0x6e8abb]
C  [ucrtbase.dll+0x37b0]
C  [KERNEL32.DLL+0x2e8d7]
C  [ntdll.dll+0x8c48c]


---------------  P R O C E S S  ---------------

Threads class SMR info:
_java_thread_list=0x000001e850144fd0, length=34, elements={
0x000001e8312c2b40, 0x000001e84aade2a0, 0x000001e84aae19f0, 0x000001e84aae5040,
0x000001e84aae5970, 0x000001e84aae8fd0, 0x000001e84aaf4a40, 0x000001e84aafab00,
0x000001e84ab13600, 0x000001e84ab278d0, 0x000001e84edcc1e0, 0x000001e84ee5b1f0,
0x000001e84f80b010, 0x000001e84f557ee0, 0x000001e84f541590, 0x000001e84f87f5f0,
0x000001e84fb9ff40, 0x000001e84fdbd7a0, 0x000001e84fcbd750, 0x000001e84fcbc210,
0x000001e84fcbd200, 0x000001e84fcbccb0, 0x000001e84fcbacd0, 0x000001e84fcbc760,
0x000001e84fcbb220, 0x000001e84ef1a510, 0x000001e84ef18fd0, 0x000001e84ef1afb0,
0x000001e84ef19fc0, 0x000001e84ef17540, 0x000001e84ef1b500, 0x000001e84ef19a70,
0x000001e84ef17fe0, 0x000001e84ef1bfa0
}

Java Threads: ( => current thread )
  0x000001e8312c2b40 JavaThread "main" [_thread_blocked, id=2712, stack(0x0000009fcd800000,0x0000009fcd900000)]
  0x000001e84aade2a0 JavaThread "Reference Handler" daemon [_thread_blocked, id=29084, stack(0x0000009fce000000,0x0000009fce100000)]
  0x000001e84aae19f0 JavaThread "Finalizer" daemon [_thread_blocked, id=21508, stack(0x0000009fce100000,0x0000009fce200000)]
  0x000001e84aae5040 JavaThread "Signal Dispatcher" daemon [_thread_blocked, id=28892, stack(0x0000009fce200000,0x0000009fce300000)]
  0x000001e84aae5970 JavaThread "Attach Listener" daemon [_thread_blocked, id=13608, stack(0x0000009fce300000,0x0000009fce400000)]
  0x000001e84aae8fd0 JavaThread "Service Thread" daemon [_thread_blocked, id=5288, stack(0x0000009fce400000,0x0000009fce500000)]
  0x000001e84aaf4a40 JavaThread "Monitor Deflation Thread" daemon [_thread_blocked, id=12876, stack(0x0000009fce500000,0x0000009fce600000)]
=>0x000001e84aafab00 JavaThread "C2 CompilerThread0" daemon [_thread_in_native, id=21524, stack(0x0000009fce600000,0x0000009fce700000)]
  0x000001e84ab13600 JavaThread "C1 CompilerThread0" daemon [_thread_blocked, id=18712, stack(0x0000009fce700000,0x0000009fce800000)]
  0x000001e84ab278d0 JavaThread "Sweeper thread" daemon [_thread_blocked, id=19424, stack(0x0000009fce800000,0x0000009fce900000)]
  0x000001e84edcc1e0 JavaThread "Common-Cleaner" daemon [_thread_blocked, id=27952, stack(0x0000009fce900000,0x0000009fcea00000)]
  0x000001e84ee5b1f0 JavaThread "Notification Thread" daemon [_thread_blocked, id=26228, stack(0x0000009fcea00000,0x0000009fceb00000)]
  0x000001e84f80b010 JavaThread "Active Thread: Equinox Container: f4445129-043a-4d26-87f5-6b7c97a6cd32" [_thread_blocked, id=14572, stack(0x0000009fced00000,0x0000009fcee00000)]
  0x000001e84f557ee0 JavaThread "Framework Event Dispatcher: Equinox Container: f4445129-043a-4d26-87f5-6b7c97a6cd32" daemon [_thread_blocked, id=21572, stack(0x0000009fcf500000,0x0000009fcf600000)]
  0x000001e84f541590 JavaThread "Start Level: Equinox Container: f4445129-043a-4d26-87f5-6b7c97a6cd32" daemon [_thread_blocked, id=28456, stack(0x0000009fcf600000,0x0000009fcf700000)]
  0x000001e84f87f5f0 JavaThread "SCR Component Actor" daemon [_thread_blocked, id=22792, stack(0x0000009fcf700000,0x0000009fcf800000)]
  0x000001e84fb9ff40 JavaThread "Worker-JM" [_thread_blocked, id=25648, stack(0x0000009fcf900000,0x0000009fcfa00000)]
  0x000001e84fdbd7a0 JavaThread "Worker-0" [_thread_blocked, id=19548, stack(0x0000009fcfb00000,0x0000009fcfc00000)]
  0x000001e84fcbd750 JavaThread "Worker-1" [_thread_blocked, id=27172, stack(0x0000009fcfc00000,0x0000009fcfd00000)]
  0x000001e84fcbc210 JavaThread "Worker-2" [_thread_blocked, id=27468, stack(0x0000009fcfd00000,0x0000009fcfe00000)]
  0x000001e84fcbd200 JavaThread "Worker-3: Building" [_thread_in_native, id=23612, stack(0x0000009fcfe00000,0x0000009fcff00000)]
  0x000001e84fcbccb0 JavaThread "Worker-4" [_thread_blocked, id=12164, stack(0x0000009fcfa00000,0x0000009fcfb00000)]
  0x000001e84fcbacd0 JavaThread "Worker-5" [_thread_blocked, id=24168, stack(0x0000009fd0000000,0x0000009fd0100000)]
  0x000001e84fcbc760 JavaThread "pool-2-thread-1" [_thread_in_native, id=26612, stack(0x0000009fd0100000,0x0000009fd0200000)]
  0x000001e84fcbb220 JavaThread "pool-1-thread-1" [_thread_in_native, id=26164, stack(0x0000009fd0200000,0x0000009fd0300000)]
  0x000001e84ef1a510 JavaThread "Worker-6" [_thread_blocked, id=13628, stack(0x0000009fd0700000,0x0000009fd0800000)]
  0x000001e84ef18fd0 JavaThread "FileSystemWatchService" daemon [_thread_in_native, id=22656, stack(0x0000009fcf800000,0x0000009fcf900000)]
  0x000001e84ef1afb0 JavaThread "Thread-5" daemon [_thread_blocked, id=25120, stack(0x0000009fcff00000,0x0000009fd0000000)]
  0x000001e84ef19fc0 JavaThread "Worker-7" [_thread_blocked, id=20348, stack(0x0000009fd0400000,0x0000009fd0500000)]
  0x000001e84ef17540 JavaThread "Thread-10" daemon [_thread_blocked, id=15204, stack(0x0000009fd0500000,0x0000009fd0600000)]
  0x000001e84ef1b500 JavaThread "ForkJoinPool.commonPool-worker-2" daemon [_thread_blocked, id=22952, stack(0x0000009fd0800000,0x0000009fd0900000)]
  0x000001e84ef19a70 JavaThread "ForkJoinPool.commonPool-worker-3" daemon [_thread_blocked, id=21620, stack(0x0000009fd0b00000,0x0000009fd0c00000)]
  0x000001e84ef17fe0 JavaThread "Shell reader (stdout)" daemon [_thread_in_native, id=20488, stack(0x0000009fd0600000,0x0000009fd0700000)]
  0x000001e84ef1bfa0 JavaThread "Shell reader (stderr)" daemon [_thread_in_native, id=17892, stack(0x0000009fd0900000,0x0000009fd0a00000)]

Other Threads:
  0x000001e84aac1aa0 VMThread "VM Thread" [stack: 0x0000009fcdf00000,0x0000009fce000000] [id=23188]
  0x000001e84ee5c740 WatcherThread "VM Periodic Task Thread" [stack: 0x0000009fceb00000,0x0000009fcec00000] [id=256]
  0x000001e8313072f0 WorkerThread "GC Thread#0" [stack: 0x0000009fcd900000,0x0000009fcda00000] [id=20840]
  0x000001e84f439d10 WorkerThread "GC Thread#1" [stack: 0x0000009fcee00000,0x0000009fcef00000] [id=20980]
  0x000001e84f58ad20 WorkerThread "GC Thread#2" [stack: 0x0000009fcef00000,0x0000009fcf000000] [id=22644]
  0x000001e84f58b8b0 WorkerThread "GC Thread#3" [stack: 0x0000009fcf000000,0x0000009fcf100000] [id=22512]
  0x000001e84f58be50 WorkerThread "GC Thread#4" [stack: 0x0000009fcf100000,0x0000009fcf200000] [id=28624]
  0x000001e84f58c120 WorkerThread "GC Thread#5" [stack: 0x0000009fcf200000,0x0000009fcf300000] [id=23644]
  0x000001e84f58bb80 WorkerThread "GC Thread#6" [stack: 0x0000009fcf300000,0x0000009fcf400000] [id=13752]
  0x000001e84f58b040 WorkerThread "GC Thread#7" [stack: 0x0000009fcf400000,0x0000009fcf500000] [id=18296]
  0x000001e831310160 ConcurrentGCThread "G1 Main Marker" [stack: 0x0000009fcda00000,0x0000009fcdb00000] [id=12416]
  0x000001e831312780 WorkerThread "G1 Conc#0" [stack: 0x0000009fcdb00000,0x0000009fcdc00000] [id=29480]
  0x000001e850913620 WorkerThread "G1 Conc#1" [stack: 0x0000009fcec00000,0x0000009fced00000] [id=29224]
  0x000001e84a97b100 ConcurrentGCThread "G1 Refine#0" [stack: 0x0000009fcdc00000,0x0000009fcdd00000] [id=13068]
  0x000001e84a97ba50 ConcurrentGCThread "G1 Service" [stack: 0x0000009fcdd00000,0x0000009fcde00000] [id=24732]
  0x000001e84aabbde0 ConcurrentGCThread "StringDedupProcessor" [stack: 0x0000009fcde00000,0x0000009fcdf00000] [id=19712]

Threads with active compile tasks:
C2 CompilerThread0   150721 6470   !   4       org.python.pydev.core.docutils.StringSubstitution::initialize (258 bytes)

VM state: not at safepoint (normal execution)

VM Mutex/Monitor currently owned by a thread: None

Heap address: 0x00000000c0000000, size: 1024 MB, Compressed Oops mode: 32-bit

CDS archive(s) mapped at: [0x0000000800000000-0x0000000800ad0000-0x0000000800ad0000), size 11337728, SharedBaseAddress: 0x0000000800000000, ArchiveRelocationMode: 0.
Compressed class space mapped at: 0x0000000800c00000-0x0000000840c00000, reserved size: 1073741824
Narrow klass base: 0x0000000800000000, Narrow klass shift: 0, Narrow klass range: 0x100000000

GC Precious Log:
 CardTable entry size: 512
 Card Set container configuration: InlinePtr #cards 5 size 8 Array Of Cards #cards 12 size 40 Howl #buckets 4 coarsen threshold 1843 Howl Bitmap #cards 512 size 80 coarsen threshold 460 Card regions per heap region 1 cards per card region 2048
 CPUs: 8 total, 8 available
 Memory: 7502M
 Large Page Support: Disabled
 NUMA Support: Disabled
 Compressed Oops: Enabled (32-bit)
 Heap Region Size: 1M
 Heap Min Capacity: 8M
 Heap Initial Capacity: 118M
 Heap Max Capacity: 1G
 Pre-touch: Disabled
 Parallel Workers: 8
 Concurrent Workers: 2
 Concurrent Refinement Workers: 8
 Periodic GC: Disabled
 String Deduplication is enabled

Heap:
 garbage-first heap   total 194560K, used 114202K [0x00000000c0000000, 0x0000000100000000)
  region size 1024K, 52 young (53248K), 2 survivors (2048K)
 Metaspace       used 27580K, committed 28352K, reserved 1114112K
  class space    used 2719K, committed 3072K, reserved 1048576K

Heap Regions: E=young(eden), S=young(survivor), O=old, HS=humongous(starts), HC=humongous(continues), CS=collection set, F=free, OA=open archive, CA=closed archive, TAMS=top-at-mark-start (previous, next)
|   0|0x00000000c0000000, 0x00000000c0100000, 0x00000000c0100000|100%| O|  |TAMS 0x00000000c0100000, 0x00000000c0000000| Untracked 
|   1|0x00000000c0100000, 0x00000000c0200000, 0x00000000c0200000|100%| O|  |TAMS 0x00000000c0200000, 0x00000000c0100000| Untracked 
|   2|0x00000000c0200000, 0x00000000c0300000, 0x00000000c0300000|100%| O|  |TAMS 0x00000000c0300000, 0x00000000c0200000| Untracked 
|   3|0x00000000c0300000, 0x00000000c0400000, 0x00000000c0400000|100%| O|  |TAMS 0x00000000c0400000, 0x00000000c0300000| Untracked 
|   4|0x00000000c0400000, 0x00000000c0500000, 0x00000000c0500000|100%| O|  |TAMS 0x00000000c0500000, 0x00000000c0400000| Untracked 
|   5|0x00000000c0500000, 0x00000000c0600000, 0x00000000c0600000|100%| O|  |TAMS 0x00000000c0600000, 0x00000000c0500000| Untracked 
|   6|0x00000000c0600000, 0x00000000c0700000, 0x00000000c0700000|100%| O|  |TAMS 0x00000000c0600000, 0x00000000c0600000| Untracked 
|   7|0x00000000c0700000, 0x00000000c0800000, 0x00000000c0800000|100%| O|  |TAMS 0x00000000c0700000, 0x00000000c0700000| Untracked 
|   8|0x00000000c0800000, 0x00000000c0800000, 0x00000000c0900000|  0%| F|  |TAMS 0x00000000c0800000, 0x00000000c0800000| Untracked 
|   9|0x00000000c0900000, 0x00000000c0a00000, 0x00000000c0a00000|100%| O|  |TAMS 0x00000000c0a00000, 0x00000000c0900000| Untracked 
|  10|0x00000000c0a00000, 0x00000000c0b00000, 0x00000000c0b00000|100%| O|  |TAMS 0x00000000c0b00000, 0x00000000c0a00000| Untracked 
|  11|0x00000000c0b00000, 0x00000000c0b00000, 0x00000000c0c00000|  0%| F|  |TAMS 0x00000000c0b00000, 0x00000000c0b00000| Untracked 
|  12|0x00000000c0c00000, 0x00000000c0c00000, 0x00000000c0d00000|  0%| F|  |TAMS 0x00000000c0c00000, 0x00000000c0c00000| Untracked 
|  13|0x00000000c0d00000, 0x00000000c0e00000, 0x00000000c0e00000|100%| O|  |TAMS 0x00000000c0d00000, 0x00000000c0d00000| Untracked 
|  14|0x00000000c0e00000, 0x00000000c0f00000, 0x00000000c0f00000|100%| O|  |TAMS 0x00000000c0e00000, 0x00000000c0e00000| Untracked 
|  15|0x00000000c0f00000, 0x00000000c0fffff8, 0x00000000c1000000| 99%| O|  |TAMS 0x00000000c0fffff8, 0x00000000c0f00000| Untracked 
|  16|0x00000000c1000000, 0x00000000c1000000, 0x00000000c1100000|  0%| F|  |TAMS 0x00000000c1000000, 0x00000000c1000000| Untracked 
|  17|0x00000000c1100000, 0x00000000c1200000, 0x00000000c1200000|100%| O|  |TAMS 0x00000000c1100000, 0x00000000c1100000| Untracked 
|  18|0x00000000c1200000, 0x00000000c1200000, 0x00000000c1300000|  0%| F|  |TAMS 0x00000000c1200000, 0x00000000c1200000| Untracked 
|  19|0x00000000c1300000, 0x00000000c1400000, 0x00000000c1400000|100%| O|  |TAMS 0x00000000c1400000, 0x00000000c1300000| Untracked 
|  20|0x00000000c1400000, 0x00000000c1400000, 0x00000000c1500000|  0%| F|  |TAMS 0x00000000c1400000, 0x00000000c1400000| Untracked 
|  21|0x00000000c1500000, 0x00000000c1500000, 0x00000000c1600000|  0%| F|  |TAMS 0x00000000c1500000, 0x00000000c1500000| Untracked 
|  22|0x00000000c1600000, 0x00000000c1600000, 0x00000000c1700000|  0%| F|  |TAMS 0x00000000c1600000, 0x00000000c1600000| Untracked 
|  23|0x00000000c1700000, 0x00000000c1700000, 0x00000000c1800000|  0%| F|  |TAMS 0x00000000c1700000, 0x00000000c1700000| Untracked 
|  24|0x00000000c1800000, 0x00000000c1900000, 0x00000000c1900000|100%| O|  |TAMS 0x00000000c1900000, 0x00000000c1800000| Untracked 
|  25|0x00000000c1900000, 0x00000000c1a00000, 0x00000000c1a00000|100%| O|  |TAMS 0x00000000c1a00000, 0x00000000c1900000| Untracked 
|  26|0x00000000c1a00000, 0x00000000c1b00000, 0x00000000c1b00000|100%| O|  |TAMS 0x00000000c1b00000, 0x00000000c1a00000| Untracked 
|  27|0x00000000c1b00000, 0x00000000c1c00000, 0x00000000c1c00000|100%| O|  |TAMS 0x00000000c1c00000, 0x00000000c1b00000| Untracked 
|  28|0x00000000c1c00000, 0x00000000c1d00000, 0x00000000c1d00000|100%| O|  |TAMS 0x00000000c1d00000, 0x00000000c1c00000| Untracked 
|  29|0x00000000c1d00000, 0x00000000c1e00000, 0x00000000c1e00000|100%| O|  |TAMS 0x00000000c1e00000, 0x00000000c1d00000| Untracked 
|  30|0x00000000c1e00000, 0x00000000c1f00000, 0x00000000c1f00000|100%| O|  |TAMS 0x00000000c1f00000, 0x00000000c1e00000| Untracked 
|  31|0x00000000c1f00000, 0x00000000c2000000, 0x00000000c2000000|100%| O|  |TAMS 0x00000000c2000000, 0x00000000c1f00000| Untracked 
|  32|0x00000000c2000000, 0x00000000c2000000, 0x00000000c2100000|  0%| F|  |TAMS 0x00000000c2000000, 0x00000000c2000000| Untracked 
|  33|0x00000000c2100000, 0x00000000c2200000, 0x00000000c2200000|100%| O|  |TAMS 0x00000000c2200000, 0x00000000c2100000| Untracked 
|  34|0x00000000c2200000, 0x00000000c2300000, 0x00000000c2300000|100%| O|  |TAMS 0x00000000c2300000, 0x00000000c2200000| Untracked 
|  35|0x00000000c2300000, 0x00000000c2400000, 0x00000000c2400000|100%| O|  |TAMS 0x00000000c2400000, 0x00000000c2300000| Untracked 
|  36|0x00000000c2400000, 0x00000000c2400000, 0x00000000c2500000|  0%| F|  |TAMS 0x00000000c2400000, 0x00000000c2400000| Untracked 
|  37|0x00000000c2500000, 0x00000000c2500000, 0x00000000c2600000|  0%| F|  |TAMS 0x00000000c2500000, 0x00000000c2500000| Untracked 
|  38|0x00000000c2600000, 0x00000000c2700000, 0x00000000c2700000|100%| O|  |TAMS 0x00000000c2700000, 0x00000000c2600000| Untracked 
|  39|0x00000000c2700000, 0x00000000c2800000, 0x00000000c2800000|100%| O|  |TAMS 0x00000000c2800000, 0x00000000c2700000| Untracked 
|  40|0x00000000c2800000, 0x00000000c2900000, 0x00000000c2900000|100%| O|  |TAMS 0x00000000c2900000, 0x00000000c2800000| Untracked 
|  41|0x00000000c2900000, 0x00000000c2900000, 0x00000000c2a00000|  0%| F|  |TAMS 0x00000000c2900000, 0x00000000c2900000| Untracked 
|  42|0x00000000c2a00000, 0x00000000c2a00000, 0x00000000c2b00000|  0%| F|  |TAMS 0x00000000c2a00000, 0x00000000c2a00000| Untracked 
|  43|0x00000000c2b00000, 0x00000000c2b1e000, 0x00000000c2c00000| 11%| O|  |TAMS 0x00000000c2b00000, 0x00000000c2b00000| Untracked 
|  44|0x00000000c2c00000, 0x00000000c2d00000, 0x00000000c2d00000|100%| O|  |TAMS 0x00000000c2c00000, 0x00000000c2c00000| Untracked 
|  45|0x00000000c2d00000, 0x00000000c2e00000, 0x00000000c2e00000|100%| O|  |TAMS 0x00000000c2d00000, 0x00000000c2d00000| Untracked 
|  46|0x00000000c2e00000, 0x00000000c2f00000, 0x00000000c2f00000|100%| O|  |TAMS 0x00000000c2e00000, 0x00000000c2e00000| Untracked 
|  47|0x00000000c2f00000, 0x00000000c3000000, 0x00000000c3000000|100%| O|  |TAMS 0x00000000c2f00000, 0x00000000c2f00000| Untracked 
|  48|0x00000000c3000000, 0x00000000c3100000, 0x00000000c3100000|100%| O|  |TAMS 0x00000000c3000000, 0x00000000c3000000| Untracked 
|  49|0x00000000c3100000, 0x00000000c3200000, 0x00000000c3200000|100%| O|  |TAMS 0x00000000c3100000, 0x00000000c3100000| Untracked 
|  50|0x00000000c3200000, 0x00000000c3200000, 0x00000000c3300000|  0%| F|  |TAMS 0x00000000c3200000, 0x00000000c3200000| Untracked 
|  51|0x00000000c3300000, 0x00000000c3300000, 0x00000000c3400000|  0%| F|  |TAMS 0x00000000c3300000, 0x00000000c3300000| Untracked 
|  52|0x00000000c3400000, 0x00000000c3400000, 0x00000000c3500000|  0%| F|  |TAMS 0x00000000c3400000, 0x00000000c3400000| Untracked 
|  53|0x00000000c3500000, 0x00000000c3500000, 0x00000000c3600000|  0%| F|  |TAMS 0x00000000c3500000, 0x00000000c3500000| Untracked 
|  54|0x00000000c3600000, 0x00000000c3600000, 0x00000000c3700000|  0%| F|  |TAMS 0x00000000c3600000, 0x00000000c3600000| Untracked 
|  55|0x00000000c3700000, 0x00000000c3700000, 0x00000000c3800000|  0%| F|  |TAMS 0x00000000c3700000, 0x00000000c3700000| Untracked 
|  56|0x00000000c3800000, 0x00000000c3800000, 0x00000000c3900000|  0%| F|  |TAMS 0x00000000c3800000, 0x00000000c3800000| Untracked 
|  57|0x00000000c3900000, 0x00000000c3900000, 0x00000000c3a00000|  0%| F|  |TAMS 0x00000000c3900000, 0x00000000c3900000| Untracked 
|  58|0x00000000c3a00000, 0x00000000c3a00000, 0x00000000c3b00000|  0%| F|  |TAMS 0x00000000c3a00000, 0x00000000c3a00000| Untracked 
|  59|0x00000000c3b00000, 0x00000000c3b00000, 0x00000000c3c00000|  0%| F|  |TAMS 0x00000000c3b00000, 0x00000000c3b00000| Untracked 
|  60|0x00000000c3c00000, 0x00000000c3c00000, 0x00000000c3d00000|  0%| F|  |TAMS 0x00000000c3c00000, 0x00000000c3c00000| Untracked 
|  61|0x00000000c3d00000, 0x00000000c3d00000, 0x00000000c3e00000|  0%| F|  |TAMS 0x00000000c3d00000, 0x00000000c3d00000| Untracked 
|  62|0x00000000c3e00000, 0x00000000c3e00000, 0x00000000c3f00000|  0%| F|  |TAMS 0x00000000c3e00000, 0x00000000c3e00000| Untracked 
|  63|0x00000000c3f00000, 0x00000000c4000000, 0x00000000c4000000|100%| O|  |TAMS 0x00000000c4000000, 0x00000000c3f00000| Untracked 
|  64|0x00000000c4000000, 0x00000000c4100000, 0x00000000c4100000|100%| O|  |TAMS 0x00000000c4100000, 0x00000000c4000000| Untracked 
|  65|0x00000000c4100000, 0x00000000c4200000, 0x00000000c4200000|100%| O|  |TAMS 0x00000000c4200000, 0x00000000c4100000| Untracked 
|  66|0x00000000c4200000, 0x00000000c4300000, 0x00000000c4300000|100%| O|  |TAMS 0x00000000c4300000, 0x00000000c4200000| Untracked 
|  67|0x00000000c4300000, 0x00000000c4400000, 0x00000000c4400000|100%| O|  |TAMS 0x00000000c4400000, 0x00000000c4300000| Untracked 
|  68|0x00000000c4400000, 0x00000000c4400000, 0x00000000c4500000|  0%| F|  |TAMS 0x00000000c4400000, 0x00000000c4400000| Untracked 
|  69|0x00000000c4500000, 0x00000000c4500000, 0x00000000c4600000|  0%| F|  |TAMS 0x00000000c4500000, 0x00000000c4500000| Untracked 
|  70|0x00000000c4600000, 0x00000000c4700000, 0x00000000c4700000|100%| O|  |TAMS 0x00000000c4700000, 0x00000000c4600000| Untracked 
|  71|0x00000000c4700000, 0x00000000c4800000, 0x00000000c4800000|100%| O|  |TAMS 0x00000000c4800000, 0x00000000c4700000| Untracked 
|  72|0x00000000c4800000, 0x00000000c4900000, 0x00000000c4900000|100%| O|  |TAMS 0x00000000c4900000, 0x00000000c4800000| Untracked 
|  73|0x00000000c4900000, 0x00000000c4a00000, 0x00000000c4a00000|100%| O|  |TAMS 0x00000000c4a00000, 0x00000000c4900000| Untracked 
|  74|0x00000000c4a00000, 0x00000000c4b00000, 0x00000000c4b00000|100%| O|  |TAMS 0x00000000c4b00000, 0x00000000c4a00000| Untracked 
|  75|0x00000000c4b00000, 0x00000000c4c00000, 0x00000000c4c00000|100%| O|  |TAMS 0x00000000c4c00000, 0x00000000c4b00000| Untracked 
|  76|0x00000000c4c00000, 0x00000000c4c00000, 0x00000000c4d00000|  0%| F|  |TAMS 0x00000000c4c00000, 0x00000000c4c00000| Untracked 
|  77|0x00000000c4d00000, 0x00000000c4e00000, 0x00000000c4e00000|100%| O|  |TAMS 0x00000000c4e00000, 0x00000000c4d00000| Untracked 
|  78|0x00000000c4e00000, 0x00000000c4f00000, 0x00000000c4f00000|100%| O|  |TAMS 0x00000000c4f00000, 0x00000000c4e00000| Untracked 
|  79|0x00000000c4f00000, 0x00000000c5000000, 0x00000000c5000000|100%| O|  |TAMS 0x00000000c5000000, 0x00000000c4f00000| Untracked 
|  80|0x00000000c5000000, 0x00000000c5100000, 0x00000000c5100000|100%| O|  |TAMS 0x00000000c5100000, 0x00000000c5000000| Untracked 
|  81|0x00000000c5100000, 0x00000000c5200000, 0x00000000c5200000|100%| O|  |TAMS 0x00000000c5200000, 0x00000000c5100000| Untracked 
|  82|0x00000000c5200000, 0x00000000c5200000, 0x00000000c5300000|  0%| F|  |TAMS 0x00000000c5200000, 0x00000000c5200000| Untracked 
|  83|0x00000000c5300000, 0x00000000c5300000, 0x00000000c5400000|  0%| F|  |TAMS 0x00000000c5300000, 0x00000000c5300000| Untracked 
|  84|0x00000000c5400000, 0x00000000c5400000, 0x00000000c5500000|  0%| F|  |TAMS 0x00000000c5400000, 0x00000000c5400000| Untracked 
|  85|0x00000000c5500000, 0x00000000c5500000, 0x00000000c5600000|  0%| F|  |TAMS 0x00000000c5500000, 0x00000000c5500000| Untracked 
|  86|0x00000000c5600000, 0x00000000c5600000, 0x00000000c5700000|  0%| F|  |TAMS 0x00000000c5600000, 0x00000000c5600000| Untracked 
|  87|0x00000000c5700000, 0x00000000c5700000, 0x00000000c5800000|  0%| F|  |TAMS 0x00000000c5700000, 0x00000000c5700000| Untracked 
|  88|0x00000000c5800000, 0x00000000c5800000, 0x00000000c5900000|  0%| F|  |TAMS 0x00000000c5800000, 0x00000000c5800000| Untracked 
|  89|0x00000000c5900000, 0x00000000c5900000, 0x00000000c5a00000|  0%| F|  |TAMS 0x00000000c5900000, 0x00000000c5900000| Untracked 
|  90|0x00000000c5a00000, 0x00000000c5a00000, 0x00000000c5b00000|  0%| F|  |TAMS 0x00000000c5a00000, 0x00000000c5a00000| Untracked 
|  91|0x00000000c5b00000, 0x00000000c5b00000, 0x00000000c5c00000|  0%| F|  |TAMS 0x00000000c5b00000, 0x00000000c5b00000| Untracked 
|  92|0x00000000c5c00000, 0x00000000c5c00000, 0x00000000c5d00000|  0%| F|  |TAMS 0x00000000c5c00000, 0x00000000c5c00000| Untracked 
|  93|0x00000000c5d00000, 0x00000000c5d00000, 0x00000000c5e00000|  0%| F|  |TAMS 0x00000000c5d00000, 0x00000000c5d00000| Untracked 
|  94|0x00000000c5e00000, 0x00000000c5e68850, 0x00000000c5f00000| 40%| S|CS|TAMS 0x00000000c5e00000, 0x00000000c5e00000| Complete 
|  95|0x00000000c5f00000, 0x00000000c6000000, 0x00000000c6000000|100%| S|CS|TAMS 0x00000000c5f00000, 0x00000000c5f00000| Complete 
|  96|0x00000000c6000000, 0x00000000c6000000, 0x00000000c6100000|  0%| F|  |TAMS 0x00000000c6000000, 0x00000000c6000000| Untracked 
|  97|0x00000000c6100000, 0x00000000c6100000, 0x00000000c6200000|  0%| F|  |TAMS 0x00000000c6100000, 0x00000000c6100000| Untracked 
|  98|0x00000000c6200000, 0x00000000c6300000, 0x00000000c6300000|100%| O|  |TAMS 0x00000000c6200000, 0x00000000c6200000| Untracked 
|  99|0x00000000c6300000, 0x00000000c6400000, 0x00000000c6400000|100%| O|  |TAMS 0x00000000c6300000, 0x00000000c6300000| Untracked 
| 100|0x00000000c6400000, 0x00000000c6500000, 0x00000000c6500000|100%| O|  |TAMS 0x00000000c6400000, 0x00000000c6400000| Untracked 
| 101|0x00000000c6500000, 0x00000000c6600000, 0x00000000c6600000|100%| O|  |TAMS 0x00000000c6500000, 0x00000000c6500000| Untracked 
| 102|0x00000000c6600000, 0x00000000c6600000, 0x00000000c6700000|  0%| F|  |TAMS 0x00000000c6600000, 0x00000000c6600000| Untracked 
| 103|0x00000000c6700000, 0x00000000c6800000, 0x00000000c6800000|100%| O|  |TAMS 0x00000000c6700000, 0x00000000c6700000| Untracked 
| 104|0x00000000c6800000, 0x00000000c6900000, 0x00000000c6900000|100%| O|  |TAMS 0x00000000c6800000, 0x00000000c6800000| Untracked 
| 105|0x00000000c6900000, 0x00000000c6a00000, 0x00000000c6a00000|100%| O|  |TAMS 0x00000000c6900000, 0x00000000c6900000| Untracked 
| 106|0x00000000c6a00000, 0x00000000c6b00000, 0x00000000c6b00000|100%| O|  |TAMS 0x00000000c6a00000, 0x00000000c6a00000| Untracked 
| 107|0x00000000c6b00000, 0x00000000c6c00000, 0x00000000c6c00000|100%| O|  |TAMS 0x00000000c6b00000, 0x00000000c6b00000| Untracked 
| 108|0x00000000c6c00000, 0x00000000c6d00000, 0x00000000c6d00000|100%| O|  |TAMS 0x00000000c6c00000, 0x00000000c6c00000| Untracked 
| 109|0x00000000c6d00000, 0x00000000c6d00000, 0x00000000c6e00000|  0%| F|  |TAMS 0x00000000c6d00000, 0x00000000c6d00000| Untracked 
| 110|0x00000000c6e00000, 0x00000000c6e00000, 0x00000000c6f00000|  0%| F|  |TAMS 0x00000000c6e00000, 0x00000000c6e00000| Untracked 
| 111|0x00000000c6f00000, 0x00000000c6f00000, 0x00000000c7000000|  0%| F|  |TAMS 0x00000000c6f00000, 0x00000000c6f00000| Untracked 
| 112|0x00000000c7000000, 0x00000000c7000000, 0x00000000c7100000|  0%| F|  |TAMS 0x00000000c7000000, 0x00000000c7000000| Untracked 
| 113|0x00000000c7100000, 0x00000000c7100000, 0x00000000c7200000|  0%| F|  |TAMS 0x00000000c7100000, 0x00000000c7100000| Untracked 
| 114|0x00000000c7200000, 0x00000000c7200000, 0x00000000c7300000|  0%| F|  |TAMS 0x00000000c7200000, 0x00000000c7200000| Untracked 
| 115|0x00000000c7300000, 0x00000000c7300000, 0x00000000c7400000|  0%| F|  |TAMS 0x00000000c7300000, 0x00000000c7300000| Untracked 
| 116|0x00000000c7400000, 0x00000000c7400000, 0x00000000c7500000|  0%| F|  |TAMS 0x00000000c7400000, 0x00000000c7400000| Untracked 
| 117|0x00000000c7500000, 0x00000000c7500000, 0x00000000c7600000|  0%| F|  |TAMS 0x00000000c7500000, 0x00000000c7500000| Untracked 
| 118|0x00000000c7600000, 0x00000000c7600000, 0x00000000c7700000|  0%| F|  |TAMS 0x00000000c7600000, 0x00000000c7600000| Untracked 
| 119|0x00000000c7700000, 0x00000000c7700000, 0x00000000c7800000|  0%| F|  |TAMS 0x00000000c7700000, 0x00000000c7700000| Untracked 
| 120|0x00000000c7800000, 0x00000000c7800000, 0x00000000c7900000|  0%| F|  |TAMS 0x00000000c7800000, 0x00000000c7800000| Untracked 
| 121|0x00000000c7900000, 0x00000000c7900000, 0x00000000c7a00000|  0%| F|  |TAMS 0x00000000c7900000, 0x00000000c7900000| Untracked 
| 122|0x00000000c7a00000, 0x00000000c7a00000, 0x00000000c7b00000|  0%| F|  |TAMS 0x00000000c7a00000, 0x00000000c7a00000| Untracked 
| 123|0x00000000c7b00000, 0x00000000c7b00000, 0x00000000c7c00000|  0%| F|  |TAMS 0x00000000c7b00000, 0x00000000c7b00000| Untracked 
| 124|0x00000000c7c00000, 0x00000000c7c00000, 0x00000000c7d00000|  0%| F|  |TAMS 0x00000000c7c00000, 0x00000000c7c00000| Untracked 
| 125|0x00000000c7d00000, 0x00000000c7d00000, 0x00000000c7e00000|  0%| F|  |TAMS 0x00000000c7d00000, 0x00000000c7d00000| Untracked 
| 126|0x00000000c7e00000, 0x00000000c7e00000, 0x00000000c7f00000|  0%| F|  |TAMS 0x00000000c7e00000, 0x00000000c7e00000| Untracked 
| 127|0x00000000c7f00000, 0x00000000c7f00000, 0x00000000c8000000|  0%| F|  |TAMS 0x00000000c7f00000, 0x00000000c7f00000| Untracked 
| 128|0x00000000c8000000, 0x00000000c8000000, 0x00000000c8100000|  0%| F|  |TAMS 0x00000000c8000000, 0x00000000c8000000| Untracked 
| 129|0x00000000c8100000, 0x00000000c8100000, 0x00000000c8200000|  0%| F|  |TAMS 0x00000000c8100000, 0x00000000c8100000| Untracked 
| 130|0x00000000c8200000, 0x00000000c8200000, 0x00000000c8300000|  0%| F|  |TAMS 0x00000000c8200000, 0x00000000c8200000| Untracked 
| 131|0x00000000c8300000, 0x00000000c8300000, 0x00000000c8400000|  0%| F|  |TAMS 0x00000000c8300000, 0x00000000c8300000| Untracked 
| 132|0x00000000c8400000, 0x00000000c8400000, 0x00000000c8500000|  0%| F|  |TAMS 0x00000000c8400000, 0x00000000c8400000| Untracked 
| 133|0x00000000c8500000, 0x00000000c8500000, 0x00000000c8600000|  0%| F|  |TAMS 0x00000000c8500000, 0x00000000c8500000| Untracked 
| 134|0x00000000c8600000, 0x00000000c8600000, 0x00000000c8700000|  0%| F|  |TAMS 0x00000000c8600000, 0x00000000c8600000| Untracked 
| 135|0x00000000c8700000, 0x00000000c8700000, 0x00000000c8800000|  0%| F|  |TAMS 0x00000000c8700000, 0x00000000c8700000| Untracked 
| 136|0x00000000c8800000, 0x00000000c8800000, 0x00000000c8900000|  0%| F|  |TAMS 0x00000000c8800000, 0x00000000c8800000| Untracked 
| 137|0x00000000c8900000, 0x00000000c8900000, 0x00000000c8a00000|  0%| F|  |TAMS 0x00000000c8900000, 0x00000000c8900000| Untracked 
| 138|0x00000000c8a00000, 0x00000000c8a00000, 0x00000000c8b00000|  0%| F|  |TAMS 0x00000000c8a00000, 0x00000000c8a00000| Untracked 
| 139|0x00000000c8b00000, 0x00000000c8b00000, 0x00000000c8c00000|  0%| F|  |TAMS 0x00000000c8b00000, 0x00000000c8b00000| Untracked 
| 140|0x00000000c8c00000, 0x00000000c8c98718, 0x00000000c8d00000| 59%| E|  |TAMS 0x00000000c8c00000, 0x00000000c8c00000| Complete 
| 141|0x00000000c8d00000, 0x00000000c8e00000, 0x00000000c8e00000|100%| E|CS|TAMS 0x00000000c8d00000, 0x00000000c8d00000| Complete 
| 142|0x00000000c8e00000, 0x00000000c8f00000, 0x00000000c8f00000|100%| E|CS|TAMS 0x00000000c8e00000, 0x00000000c8e00000| Complete 
| 143|0x00000000c8f00000, 0x00000000c9000000, 0x00000000c9000000|100%| E|CS|TAMS 0x00000000c8f00000, 0x00000000c8f00000| Complete 
| 144|0x00000000c9000000, 0x00000000c9100000, 0x00000000c9100000|100%| E|CS|TAMS 0x00000000c9000000, 0x00000000c9000000| Complete 
| 145|0x00000000c9100000, 0x00000000c9200000, 0x00000000c9200000|100%| E|CS|TAMS 0x00000000c9100000, 0x00000000c9100000| Complete 
| 146|0x00000000c9200000, 0x00000000c9300000, 0x00000000c9300000|100%| E|CS|TAMS 0x00000000c9200000, 0x00000000c9200000| Complete 
| 147|0x00000000c9300000, 0x00000000c9400000, 0x00000000c9400000|100%| E|CS|TAMS 0x00000000c9300000, 0x00000000c9300000| Complete 
| 148|0x00000000c9400000, 0x00000000c9500000, 0x00000000c9500000|100%| E|CS|TAMS 0x00000000c9400000, 0x00000000c9400000| Complete 
| 149|0x00000000c9500000, 0x00000000c9600000, 0x00000000c9600000|100%| E|CS|TAMS 0x00000000c9500000, 0x00000000c9500000| Complete 
| 150|0x00000000c9600000, 0x00000000c9700000, 0x00000000c9700000|100%| E|CS|TAMS 0x00000000c9600000, 0x00000000c9600000| Complete 
| 151|0x00000000c9700000, 0x00000000c9800000, 0x00000000c9800000|100%| E|CS|TAMS 0x00000000c9700000, 0x00000000c9700000| Complete 
| 152|0x00000000c9800000, 0x00000000c9900000, 0x00000000c9900000|100%| E|CS|TAMS 0x00000000c9800000, 0x00000000c9800000| Complete 
| 153|0x00000000c9900000, 0x00000000c9a00000, 0x00000000c9a00000|100%| E|CS|TAMS 0x00000000c9900000, 0x00000000c9900000| Complete 
| 154|0x00000000c9a00000, 0x00000000c9b00000, 0x00000000c9b00000|100%| E|CS|TAMS 0x00000000c9a00000, 0x00000000c9a00000| Complete 
| 155|0x00000000c9b00000, 0x00000000c9c00000, 0x00000000c9c00000|100%| E|CS|TAMS 0x00000000c9b00000, 0x00000000c9b00000| Complete 
| 156|0x00000000c9c00000, 0x00000000c9d00000, 0x00000000c9d00000|100%| E|CS|TAMS 0x00000000c9c00000, 0x00000000c9c00000| Complete 
| 157|0x00000000c9d00000, 0x00000000c9e00000, 0x00000000c9e00000|100%| E|CS|TAMS 0x00000000c9d00000, 0x00000000c9d00000| Complete 
| 158|0x00000000c9e00000, 0x00000000c9f00000, 0x00000000c9f00000|100%| E|CS|TAMS 0x00000000c9e00000, 0x00000000c9e00000| Complete 
| 159|0x00000000c9f00000, 0x00000000ca000000, 0x00000000ca000000|100%| E|CS|TAMS 0x00000000c9f00000, 0x00000000c9f00000| Complete 
| 160|0x00000000ca000000, 0x00000000ca100000, 0x00000000ca100000|100%| E|CS|TAMS 0x00000000ca000000, 0x00000000ca000000| Complete 
| 161|0x00000000ca100000, 0x00000000ca200000, 0x00000000ca200000|100%| E|CS|TAMS 0x00000000ca100000, 0x00000000ca100000| Complete 
| 162|0x00000000ca200000, 0x00000000ca300000, 0x00000000ca300000|100%| E|CS|TAMS 0x00000000ca200000, 0x00000000ca200000| Complete 
| 163|0x00000000ca300000, 0x00000000ca400000, 0x00000000ca400000|100%| E|CS|TAMS 0x00000000ca300000, 0x00000000ca300000| Complete 
| 164|0x00000000ca400000, 0x00000000ca500000, 0x00000000ca500000|100%| E|CS|TAMS 0x00000000ca400000, 0x00000000ca400000| Complete 
| 165|0x00000000ca500000, 0x00000000ca600000, 0x00000000ca600000|100%| E|CS|TAMS 0x00000000ca500000, 0x00000000ca500000| Complete 
| 166|0x00000000ca600000, 0x00000000ca700000, 0x00000000ca700000|100%| E|CS|TAMS 0x00000000ca600000, 0x00000000ca600000| Complete 
| 167|0x00000000ca700000, 0x00000000ca800000, 0x00000000ca800000|100%| E|CS|TAMS 0x00000000ca700000, 0x00000000ca700000| Complete 
| 168|0x00000000ca800000, 0x00000000ca900000, 0x00000000ca900000|100%| E|CS|TAMS 0x00000000ca800000, 0x00000000ca800000| Complete 
| 169|0x00000000ca900000, 0x00000000caa00000, 0x00000000caa00000|100%| E|CS|TAMS 0x00000000ca900000, 0x00000000ca900000| Complete 
| 170|0x00000000caa00000, 0x00000000cab00000, 0x00000000cab00000|100%| E|CS|TAMS 0x00000000caa00000, 0x00000000caa00000| Complete 
| 171|0x00000000cab00000, 0x00000000cac00000, 0x00000000cac00000|100%| E|CS|TAMS 0x00000000cab00000, 0x00000000cab00000| Complete 
| 172|0x00000000cac00000, 0x00000000cad00000, 0x00000000cad00000|100%| E|CS|TAMS 0x00000000cac00000, 0x00000000cac00000| Complete 
| 173|0x00000000cad00000, 0x00000000cae00000, 0x00000000cae00000|100%| E|CS|TAMS 0x00000000cad00000, 0x00000000cad00000| Complete 
| 174|0x00000000cae00000, 0x00000000caf00000, 0x00000000caf00000|100%| E|CS|TAMS 0x00000000cae00000, 0x00000000cae00000| Complete 
| 175|0x00000000caf00000, 0x00000000cb000000, 0x00000000cb000000|100%| E|CS|TAMS 0x00000000caf00000, 0x00000000caf00000| Complete 
| 176|0x00000000cb000000, 0x00000000cb100000, 0x00000000cb100000|100%| E|CS|TAMS 0x00000000cb000000, 0x00000000cb000000| Complete 
| 177|0x00000000cb100000, 0x00000000cb200000, 0x00000000cb200000|100%| E|CS|TAMS 0x00000000cb100000, 0x00000000cb100000| Complete 
| 178|0x00000000cb200000, 0x00000000cb300000, 0x00000000cb300000|100%| E|CS|TAMS 0x00000000cb200000, 0x00000000cb200000| Complete 
| 179|0x00000000cb300000, 0x00000000cb400000, 0x00000000cb400000|100%| E|CS|TAMS 0x00000000cb300000, 0x00000000cb300000| Complete 
| 180|0x00000000cb400000, 0x00000000cb500000, 0x00000000cb500000|100%| E|CS|TAMS 0x00000000cb400000, 0x00000000cb400000| Complete 
| 181|0x00000000cb500000, 0x00000000cb600000, 0x00000000cb600000|100%| E|CS|TAMS 0x00000000cb500000, 0x00000000cb500000| Complete 
| 182|0x00000000cb600000, 0x00000000cb700000, 0x00000000cb700000|100%| E|CS|TAMS 0x00000000cb600000, 0x00000000cb600000| Complete 
| 183|0x00000000cb700000, 0x00000000cb800000, 0x00000000cb800000|100%| E|CS|TAMS 0x00000000cb700000, 0x00000000cb700000| Complete 
| 184|0x00000000cb800000, 0x00000000cb900000, 0x00000000cb900000|100%| E|CS|TAMS 0x00000000cb800000, 0x00000000cb800000| Complete 
| 185|0x00000000cb900000, 0x00000000cba00000, 0x00000000cba00000|100%| E|CS|TAMS 0x00000000cb900000, 0x00000000cb900000| Complete 
| 186|0x00000000cba00000, 0x00000000cbb00000, 0x00000000cbb00000|100%| E|CS|TAMS 0x00000000cba00000, 0x00000000cba00000| Complete 
| 187|0x00000000cbb00000, 0x00000000cbc00000, 0x00000000cbc00000|100%| E|CS|TAMS 0x00000000cbb00000, 0x00000000cbb00000| Complete 
| 188|0x00000000cbc00000, 0x00000000cbd00000, 0x00000000cbd00000|100%| E|CS|TAMS 0x00000000cbc00000, 0x00000000cbc00000| Complete 
|1023|0x00000000fff00000, 0x0000000100000000, 0x0000000100000000|100%| E|CS|TAMS 0x00000000fff00000, 0x00000000fff00000| Complete 

Card table byte_map: [0x000001e845cd0000,0x000001e845ed0000] _byte_map_base: 0x000001e8456d0000

Marking Bits (Prev, Next): (CMBitMap*) 0x000001e831307830, (CMBitMap*) 0x000001e831307870
 Prev Bits: [0x000001e8460d0000, 0x000001e8470d0000)
 Next Bits: [0x000001e8470d0000, 0x000001e8480d0000)

Polling page: 0x000001e830a80000

Metaspace:

Usage:
  Non-class:     24.28 MB used.
      Class:      2.66 MB used.
       Both:     26.93 MB used.

Virtual space:
  Non-class space:       64.00 MB reserved,      24.69 MB ( 39%) committed,  1 nodes.
      Class space:        1.00 GB reserved,       3.00 MB ( <1%) committed,  1 nodes.
             Both:        1.06 GB reserved,      27.69 MB (  3%) committed. 

Chunk freelists:
   Non-Class:  3.22 MB
       Class:  966.00 KB
        Both:  4.16 MB

MaxMetaspaceSize: unlimited
CompressedClassSpaceSize: 1.00 GB
Initial GC threshold: 21.00 MB
Current GC threshold: 44.06 MB
CDS: on
MetaspaceReclaimPolicy: balanced
 - commit_granule_bytes: 65536.
 - commit_granule_words: 8192.
 - virtual_space_node_default_size: 8388608.
 - enlarge_chunks_in_place: 1.
 - new_chunks_are_fully_committed: 0.
 - uncommit_free_chunks: 1.
 - use_allocation_guard: 0.


Internal statistics:

num_allocs_failed_limit: 3.
num_arena_births: 750.
num_arena_deaths: 0.
num_vsnodes_births: 2.
num_vsnodes_deaths: 0.
num_space_committed: 443.
num_space_uncommitted: 0.
num_chunks_returned_to_freelist: 3.
num_chunks_taken_from_freelist: 1843.
num_chunk_merges: 3.
num_chunk_splits: 1176.
num_chunks_enlarged: 711.
num_inconsistent_stats: 0.

CodeHeap 'non-profiled nmethods': size=120000Kb used=4747Kb max_used=4747Kb free=115252Kb
 bounds [0x000001e83e260000, 0x000001e83e710000, 0x000001e845790000]
CodeHeap 'profiled nmethods': size=120000Kb used=10786Kb max_used=10786Kb free=109213Kb
 bounds [0x000001e836790000, 0x000001e837220000, 0x000001e83dcc0000]
CodeHeap 'non-nmethods': size=5760Kb used=1363Kb max_used=1426Kb free=4396Kb
 bounds [0x000001e83dcc0000, 0x000001e83df30000, 0x000001e83e260000]
 total_blobs=5872 nmethods=5274 adapters=508
 compilation: enabled
              stopped_count=0, restarted_count=0
 full_count=0

Compilation events (20 events):
Event: 144.732 Thread 0x000001e84aafab00 nmethod 6458 0x000001e83e6f8e10 code [0x000001e83e6f8fa0, 0x000001e83e6f9198]
Event: 144.844 Thread 0x000001e84aafab00 6461       4       java.lang.String::split (327 bytes)
Event: 144.979 Thread 0x000001e84aafab00 nmethod 6461 0x000001e83e6f9290 code [0x000001e83e6f9560, 0x000001e83e6fb780]
Event: 145.510 Thread 0x000001e84aafab00 6462       4       java.net.URLStreamHandler::toExternalForm (156 bytes)
Event: 145.569 Thread 0x000001e84aafab00 nmethod 6462 0x000001e83e6fcf10 code [0x000001e83e6fd1e0, 0x000001e83e6feaa8]
Event: 147.422 Thread 0x000001e84aafab00 6463  s    4       java.util.Stack::pop (19 bytes)
Event: 147.425 Thread 0x000001e84aafab00 nmethod 6463 0x000001e83e6ff990 code [0x000001e83e6ffb20, 0x000001e83e6ffdf8]
Event: 148.705 Thread 0x000001e84aafab00 6464       4       org.eclipse.core.internal.resources.projectvariables.WorkspaceLocationVariableResolver::getVariableNames (11 bytes)
Event: 148.707 Thread 0x000001e84aafab00 nmethod 6464 0x000001e83e700010 code [0x000001e83e7001a0, 0x000001e83e700298]
Event: 148.707 Thread 0x000001e84aafab00 6465       4       org.eclipse.core.internal.resources.projectvariables.EclipseHomeProjectVariable::getVariableNames (11 bytes)
Event: 148.708 Thread 0x000001e84aafab00 nmethod 6465 0x000001e83e700390 code [0x000001e83e700520, 0x000001e83e700618]
Event: 148.722 Thread 0x000001e84aafab00 6466       4       org.python.pydev.shared_core.string.StringUtils::leftTrim (34 bytes)
Event: 148.732 Thread 0x000001e84aafab00 nmethod 6466 0x000001e83e700710 code [0x000001e83e7008c0, 0x000001e83e700e98]
Event: 148.732 Thread 0x000001e84aafab00 6467       4       org.python.pydev.shared_core.string.StringUtils::rightTrim (42 bytes)
Event: 148.742 Thread 0x000001e84aafab00 nmethod 6467 0x000001e83e701290 code [0x000001e83e701440, 0x000001e83e701a38]
Event: 148.763 Thread 0x000001e84aafab00 6468       4       org.python.pydev.shared_core.io.FileUtils::isPrefixOf (169 bytes)
Event: 148.775 Thread 0x000001e84aafab00 nmethod 6468 0x000001e83e701e10 code [0x000001e83e701fe0, 0x000001e83e702478]
Event: 149.141 Thread 0x000001e84aafab00 6469       4       org.eclipse.core.internal.resources.projectvariables.WorkspaceParentLocationVariableResolver::getVariableNames (11 bytes)
Event: 149.142 Thread 0x000001e84aafab00 nmethod 6469 0x000001e83e702a10 code [0x000001e83e702ba0, 0x000001e83e702c98]
Event: 149.469 Thread 0x000001e84aafab00 6470   !   4       org.python.pydev.core.docutils.StringSubstitution::initialize (258 bytes)

GC Heap History (20 events):
Event: 56.944 GC heap before
{Heap before GC invocations=60 (full 0):
 garbage-first heap   total 193536K, used 151379K [0x00000000c0000000, 0x0000000100000000)
  region size 1024K, 98 young (100352K), 15 survivors (15360K)
 Metaspace       used 24065K, committed 24768K, reserved 1114112K
  class space    used 2462K, committed 2816K, reserved 1048576K
}
Event: 56.966 GC heap after
{Heap after GC invocations=61 (full 0):
 garbage-first heap   total 193536K, used 69660K [0x00000000c0000000, 0x0000000100000000)
  region size 1024K, 4 young (4096K), 4 survivors (4096K)
 Metaspace       used 24065K, committed 24768K, reserved 1114112K
  class space    used 2462K, committed 2816K, reserved 1048576K
}
Event: 74.630 GC heap before
{Heap before GC invocations=61 (full 0):
 garbage-first heap   total 193536K, used 152604K [0x00000000c0000000, 0x0000000100000000)
  region size 1024K, 86 young (88064K), 4 survivors (4096K)
 Metaspace       used 25611K, committed 26304K, reserved 1114112K
  class space    used 2556K, committed 2880K, reserved 1048576K
}
Event: 74.642 GC heap after
{Heap after GC invocations=62 (full 0):
 garbage-first heap   total 193536K, used 72482K [0x00000000c0000000, 0x0000000100000000)
  region size 1024K, 7 young (7168K), 7 survivors (7168K)
 Metaspace       used 25611K, committed 26304K, reserved 1114112K
  class space    used 2556K, committed 2880K, reserved 1048576K
}
Event: 90.783 GC heap before
{Heap before GC invocations=62 (full 0):
 garbage-first heap   total 193536K, used 154402K [0x00000000c0000000, 0x0000000100000000)
  region size 1024K, 87 young (89088K), 7 survivors (7168K)
 Metaspace       used 25620K, committed 26368K, reserved 1114112K
  class space    used 2556K, committed 2880K, reserved 1048576K
}
Event: 90.792 GC heap after
{Heap after GC invocations=63 (full 0):
 garbage-first heap   total 193536K, used 72856K [0x00000000c0000000, 0x0000000100000000)
  region size 1024K, 4 young (4096K), 4 survivors (4096K)
 Metaspace       used 25620K, committed 26368K, reserved 1114112K
  class space    used 2556K, committed 2880K, reserved 1048576K
}
Event: 107.152 GC heap before
{Heap before GC invocations=63 (full 0):
 garbage-first heap   total 193536K, used 157848K [0x00000000c0000000, 0x0000000100000000)
  region size 1024K, 87 young (89088K), 4 survivors (4096K)
 Metaspace       used 25629K, committed 26368K, reserved 1114112K
  class space    used 2556K, committed 2880K, reserved 1048576K
}
Event: 107.156 GC heap after
{Heap after GC invocations=64 (full 0):
 garbage-first heap   total 193536K, used 72671K [0x00000000c0000000, 0x0000000100000000)
  region size 1024K, 4 young (4096K), 4 survivors (4096K)
 Metaspace       used 25629K, committed 26368K, reserved 1114112K
  class space    used 2556K, committed 2880K, reserved 1048576K
}
Event: 109.679 GC heap before
{Heap before GC invocations=64 (full 0):
 garbage-first heap   total 193536K, used 159711K [0x00000000c0000000, 0x0000000100000000)
  region size 1024K, 90 young (92160K), 4 survivors (4096K)
 Metaspace       used 26185K, committed 26816K, reserved 1114112K
  class space    used 2610K, committed 2880K, reserved 1048576K
}
Event: 109.735 GC heap after
{Heap after GC invocations=65 (full 0):
 garbage-first heap   total 194560K, used 101952K [0x00000000c0000000, 0x0000000100000000)
  region size 1024K, 12 young (12288K), 12 survivors (12288K)
 Metaspace       used 26185K, committed 26816K, reserved 1114112K
  class space    used 2610K, committed 2880K, reserved 1048576K
}
Event: 114.655 GC heap before
{Heap before GC invocations=65 (full 0):
 garbage-first heap   total 194560K, used 134720K [0x00000000c0000000, 0x0000000100000000)
  region size 1024K, 46 young (47104K), 12 survivors (12288K)
 Metaspace       used 26439K, committed 27072K, reserved 1114112K
  class space    used 2619K, committed 2880K, reserved 1048576K
}
Event: 114.674 GC heap after
{Heap after GC invocations=66 (full 0):
 garbage-first heap   total 194560K, used 101735K [0x00000000c0000000, 0x0000000100000000)
  region size 1024K, 2 young (2048K), 2 survivors (2048K)
 Metaspace       used 26439K, committed 27072K, reserved 1114112K
  class space    used 2619K, committed 2880K, reserved 1048576K
}
Event: 121.786 GC heap before
{Heap before GC invocations=67 (full 0):
 garbage-first heap   total 194560K, used 145767K [0x00000000c0000000, 0x0000000100000000)
  region size 1024K, 50 young (51200K), 2 survivors (2048K)
 Metaspace       used 27112K, committed 27904K, reserved 1114112K
  class space    used 2667K, committed 3008K, reserved 1048576K
}
Event: 121.793 GC heap after
{Heap after GC invocations=68 (full 0):
 garbage-first heap   total 194560K, used 90824K [0x00000000c0000000, 0x0000000100000000)
  region size 1024K, 4 young (4096K), 4 survivors (4096K)
 Metaspace       used 27112K, committed 27904K, reserved 1114112K
  class space    used 2667K, committed 3008K, reserved 1048576K
}
Event: 122.997 GC heap before
{Heap before GC invocations=68 (full 0):
 garbage-first heap   total 194560K, used 95944K [0x00000000c0000000, 0x0000000100000000)
  region size 1024K, 9 young (9216K), 4 survivors (4096K)
 Metaspace       used 27112K, committed 27904K, reserved 1114112K
  class space    used 2667K, committed 3008K, reserved 1048576K
}
Event: 123.007 GC heap after
{Heap after GC invocations=69 (full 0):
 garbage-first heap   total 194560K, used 74143K [0x00000000c0000000, 0x0000000100000000)
  region size 1024K, 1 young (1024K), 1 survivors (1024K)
 Metaspace       used 27112K, committed 27904K, reserved 1114112K
  class space    used 2667K, committed 3008K, reserved 1048576K
}
Event: 125.300 GC heap before
{Heap before GC invocations=69 (full 0):
 garbage-first heap   total 194560K, used 82335K [0x00000000c0000000, 0x0000000100000000)
  region size 1024K, 9 young (9216K), 1 survivors (1024K)
 Metaspace       used 27114K, committed 27904K, reserved 1114112K
  class space    used 2667K, committed 3008K, reserved 1048576K
}
Event: 125.314 GC heap after
{Heap after GC invocations=70 (full 0):
 garbage-first heap   total 194560K, used 62710K [0x00000000c0000000, 0x0000000100000000)
  region size 1024K, 1 young (1024K), 1 survivors (1024K)
 Metaspace       used 27114K, committed 27904K, reserved 1114112K
  class space    used 2667K, committed 3008K, reserved 1048576K
}
Event: 140.570 GC heap before
{Heap before GC invocations=70 (full 0):
 garbage-first heap   total 194560K, used 146678K [0x00000000c0000000, 0x0000000100000000)
  region size 1024K, 84 young (86016K), 1 survivors (1024K)
 Metaspace       used 27579K, committed 28352K, reserved 1114112K
  class space    used 2719K, committed 3072K, reserved 1048576K
}
Event: 140.573 GC heap after
{Heap after GC invocations=71 (full 0):
 garbage-first heap   total 194560K, used 64026K [0x00000000c0000000, 0x0000000100000000)
  region size 1024K, 2 young (2048K), 2 survivors (2048K)
 Metaspace       used 27579K, committed 28352K, reserved 1114112K
  class space    used 2719K, committed 3072K, reserved 1048576K
}

Dll operation events (10 events):
Event: 0.032 Loaded shared library C:\Users\ranij\.pydev_vscode\java19\jdk-19.0.2+7-jre\bin\java.dll
Event: 0.049 Loaded shared library C:\Users\ranij\.pydev_vscode\java19\jdk-19.0.2+7-jre\bin\jsvml.dll
Event: 0.360 Loaded shared library C:\Users\ranij\.pydev_vscode\java19\jdk-19.0.2+7-jre\bin\net.dll
Event: 0.368 Loaded shared library C:\Users\ranij\.pydev_vscode\java19\jdk-19.0.2+7-jre\bin\nio.dll
Event: 0.383 Loaded shared library C:\Users\ranij\.pydev_vscode\java19\jdk-19.0.2+7-jre\bin\zip.dll
Event: 0.852 Loaded shared library C:\Users\ranij\.pydev_vscode\java19\jdk-19.0.2+7-jre\bin\jimage.dll
Event: 2.313 Loaded shared library C:\Users\ranij\.vscode\extensions\fabioz.vscode-pydev-0.16.0\server\plugins\org.eclipse.equinox.launcher.win32.win32.x86_64_1.2.900.v20240213-1244\eclipse_11900.dll
Event: 3.580 Loaded shared library C:\Users\ranij\.vscode\extensions\fabioz.vscode-pydev-0.16.0\server\config_win\org.eclipse.osgi\13\0\.cp\os\win32\x86_64\localfile_1_0_0.dll
Event: 3.772 Loaded shared library C:\Users\ranij\.vscode\extensions\fabioz.vscode-pydev-0.16.0\server\config_win\org.eclipse.osgi\16\0\.cp\os\win32\x86_64\win32refresh.dll
Event: 108.133 Loaded shared library C:\Users\ranij\.pydev_vscode\java19\jdk-19.0.2+7-jre\bin\extnet.dll

Deoptimization events (20 events):
Event: 140.171 Thread 0x000001e84fcbccb0 DEOPT PACKING pc=0x000001e836cdfc56 sp=0x0000009fcfafd9e0
Event: 140.171 Thread 0x000001e84fcbccb0 DEOPT UNPACKING pc=0x000001e83dd27543 sp=0x0000009fcfafcea0 mode 0
Event: 140.173 Thread 0x000001e84fcbccb0 DEOPT PACKING pc=0x000001e836cdfc56 sp=0x0000009fcfafd9e0
Event: 140.173 Thread 0x000001e84fcbccb0 DEOPT UNPACKING pc=0x000001e83dd27543 sp=0x0000009fcfafcea0 mode 0
Event: 140.174 Thread 0x000001e84fcbccb0 DEOPT PACKING pc=0x000001e836cdfc56 sp=0x0000009fcfafd9e0
Event: 140.174 Thread 0x000001e84fcbccb0 DEOPT UNPACKING pc=0x000001e83dd27543 sp=0x0000009fcfafcea0 mode 0
Event: 140.175 Thread 0x000001e84fcbccb0 DEOPT PACKING pc=0x000001e836cdfc56 sp=0x0000009fcfafd9e0
Event: 140.175 Thread 0x000001e84fcbccb0 DEOPT UNPACKING pc=0x000001e83dd27543 sp=0x0000009fcfafcea0 mode 0
Event: 140.176 Thread 0x000001e84fcbccb0 DEOPT PACKING pc=0x000001e836cdfc56 sp=0x0000009fcfafd9e0
Event: 140.176 Thread 0x000001e84fcbccb0 DEOPT UNPACKING pc=0x000001e83dd27543 sp=0x0000009fcfafcea0 mode 0
Event: 140.177 Thread 0x000001e84fcbccb0 DEOPT PACKING pc=0x000001e836cdfc56 sp=0x0000009fcfafd9e0
Event: 140.177 Thread 0x000001e84fcbccb0 DEOPT UNPACKING pc=0x000001e83dd27543 sp=0x0000009fcfafcea0 mode 0
Event: 140.178 Thread 0x000001e84fcbccb0 DEOPT PACKING pc=0x000001e836cdfc56 sp=0x0000009fcfafd9e0
Event: 140.178 Thread 0x000001e84fcbccb0 DEOPT UNPACKING pc=0x000001e83dd27543 sp=0x0000009fcfafcea0 mode 0
Event: 140.179 Thread 0x000001e84fcbccb0 DEOPT PACKING pc=0x000001e836cdfc56 sp=0x0000009fcfafd9e0
Event: 140.179 Thread 0x000001e84fcbccb0 DEOPT UNPACKING pc=0x000001e83dd27543 sp=0x0000009fcfafcea0 mode 0
Event: 144.737 Thread 0x000001e84fcbd200 Uncommon trap: trap_request=0xffffffcc fr.pc=0x000001e83e6f6f6c relative=0x0000000000001b0c
Event: 144.737 Thread 0x000001e84fcbd200 Uncommon trap: reason=intrinsic_or_type_checked_inlining action=make_not_entrant pc=0x000001e83e6f6f6c method=java.util.ArrayList$SubList.toArray([Ljava/lang/Object;)[Ljava/lang/Object; @ 58 c2
Event: 144.738 Thread 0x000001e84fcbd200 DEOPT PACKING pc=0x000001e83e6f6f6c sp=0x0000009fcfefe340
Event: 144.738 Thread 0x000001e84fcbd200 DEOPT UNPACKING pc=0x000001e83dd26da3 sp=0x0000009fcfefe278 mode 2

Classes loaded (20 events):
Event: 116.835 Loading class jdk/internal/logger/LazyLoggers
Event: 116.836 Loading class jdk/internal/logger/LazyLoggers done
Event: 116.836 Loading class jdk/internal/logger/LazyLoggers$1
Event: 116.837 Loading class jdk/internal/logger/LazyLoggers$1 done
Event: 116.837 Loading class jdk/internal/logger/LazyLoggers$LazyLoggerFactories
Event: 116.837 Loading class jdk/internal/logger/LazyLoggers$LazyLoggerFactories done
Event: 116.840 Loading class jdk/internal/logger/LoggerFinderLoader
Event: 116.841 Loading class jdk/internal/logger/LoggerFinderLoader done
Event: 116.843 Loading class sun/util/logging/internal/LoggingProviderImpl$JULWrapper
Event: 116.846 Loading class sun/util/logging/internal/LoggingProviderImpl$JULWrapper done
Event: 116.849 Loading class java/io/ObjectInputFilter$Config$BuiltinFilterFactory
Event: 116.850 Loading class java/io/ObjectInputFilter$Config$BuiltinFilterFactory done
Event: 116.850 Loading class jdk/internal/access/JavaObjectInputFilterAccess
Event: 116.850 Loading class jdk/internal/access/JavaObjectInputFilterAccess done
Event: 116.852 Loading class jdk/internal/event/DeserializationEvent
Event: 116.853 Loading class jdk/internal/event/DeserializationEvent done
Event: 121.128 Loading class java/io/ObjectInputStream$FieldValues
Event: 121.131 Loading class java/io/ObjectInputStream$GetField
Event: 121.131 Loading class java/io/ObjectInputStream$GetField done
Event: 121.131 Loading class java/io/ObjectInputStream$FieldValues done

Classes unloaded (0 events):
No events

Classes redefined (0 events):
No events

Internal exceptions (20 events):
Event: 12.970 Thread 0x000001e84fcbccb0 Exception <a 'java/io/FileNotFoundException'{0x00000000c5fb9770}> (0x00000000c5fb9770) 
thrown [s\src\hotspot\share\prims\jni.cpp, line 517]
Event: 12.973 Thread 0x000001e84fcbccb0 Exception <a 'java/lang/NoSuchMethodError'{0x00000000c5fc1548}: 'void java.lang.invoke.DirectMethodHandle$Holder.invokeStaticInit(java.lang.Object, java.lang.Object, java.lang.Object)'> (0x00000000c5fc1548) 
thrown [s\src\hotspot\share\interpreter\linkResolver.cpp, line 774]
Event: 13.187 Thread 0x000001e84fcbb220 Exception <a 'java/lang/IncompatibleClassChangeError'{0x00000000c45fe868}: Found class java.lang.Object, but interface was expected> (0x00000000c45fe868) 
thrown [s\src\hotspot\share\interpreter\linkResolver.cpp, line 841]
Event: 16.878 Thread 0x000001e84fcbb220 Exception <a 'sun/nio/fs/WindowsException'{0x00000000c53a99f0}> (0x00000000c53a99f0) 
thrown [s\src\hotspot\share\prims\jni.cpp, line 517]
Event: 53.586 Thread 0x000001e84fcbb220 Exception <a 'java/lang/IncompatibleClassChangeError'{0x00000000c80048f8}: Found class java.lang.Object, but interface was expected> (0x00000000c80048f8) 
thrown [s\src\hotspot\share\interpreter\linkResolver.cpp, line 841]
Event: 53.625 Thread 0x000001e84fcbb220 Exception <a 'java/lang/ClassNotFoundException'{0x00000000c804f3f8}: sun/util/logging/resources/spi/loggingProvider> (0x00000000c804f3f8) 
thrown [s\src\hotspot\share\classfile\systemDictionary.cpp, line 255]
Event: 53.659 Thread 0x000001e84fcbb220 Exception <a 'java/lang/IncompatibleClassChangeError'{0x00000000c808a388}: Found class java.lang.Object, but interface was expected> (0x00000000c808a388) 
thrown [s\src\hotspot\share\interpreter\linkResolver.cpp, line 841]
Event: 53.667 Thread 0x000001e84fcbb220 Exception <a 'java/lang/IncompatibleClassChangeError'{0x00000000c809b008}: Found class java.lang.Object, but interface was expected> (0x00000000c809b008) 
thrown [s\src\hotspot\share\interpreter\linkResolver.cpp, line 841]
Event: 53.888 Thread 0x000001e84fcbb770 Exception <a 'java/lang/NoSuchMethodError'{0x00000000c7ebdd48}: 'int java.lang.invoke.Invokers$Holder.invokeExact_MT(java.lang.Object, java.lang.Object)'> (0x00000000c7ebdd48) 
thrown [s\src\hotspot\share\interpreter\linkResolver.cpp, line 774]
Event: 53.942 Thread 0x000001e84fcbb770 Exception <a 'java/lang/ArrayIndexOutOfBoundsException'{0x00000000c7eeed40}> (0x00000000c7eeed40) 
thrown [s\src\hotspot\share\runtime\sharedRuntime.cpp, line 630]
Event: 53.985 Thread 0x000001e84fcbb770 Exception <a 'java/lang/ArrayIndexOutOfBoundsException'{0x00000000c7c30b90}: Index 3017 out of bounds for length 3017> (0x00000000c7c30b90) 
thrown [s\src\hotspot\share\interpreter\interpreterRuntime.cpp, line 432]
Event: 53.994 Thread 0x000001e84ef1b500 Exception <a 'java/lang/ArrayIndexOutOfBoundsException'{0x00000000c7e469b0}: Index 3017 out of bounds for length 3017> (0x00000000c7e469b0) 
thrown [s\src\hotspot\share\interpreter\interpreterRuntime.cpp, line 432]
Event: 56.388 Thread 0x000001e84fdbd7a0 Implicit null exception at 0x000001e83e43c97a to 0x000001e83e43ca2a
Event: 56.389 Thread 0x000001e84fdbd7a0 Exception <a 'java/io/FileNotFoundException'{0x00000000c7dd1438}> (0x00000000c7dd1438) 
thrown [s\src\hotspot\share\prims\jni.cpp, line 517]
Event: 56.390 Thread 0x000001e84fdbd7a0 Exception <a 'java/io/FileNotFoundException'{0x00000000c7dd2400}> (0x00000000c7dd2400) 
thrown [s\src\hotspot\share\prims\jni.cpp, line 517]
Event: 56.391 Thread 0x000001e84fdbd7a0 Exception <a 'java/io/FileNotFoundException'{0x00000000c7dd3148}> (0x00000000c7dd3148) 
thrown [s\src\hotspot\share\prims\jni.cpp, line 517]
Event: 56.579 Thread 0x000001e84fcbccb0 Exception <a 'sun/nio/fs/WindowsException'{0x00000000c75be6e8}> (0x00000000c75be6e8) 
thrown [s\src\hotspot\share\prims\jni.cpp, line 517]
Event: 59.427 Thread 0x000001e84fcbd750 Implicit null exception at 0x000001e83e3d76f7 to 0x000001e83e3d7884
Event: 115.797 Thread 0x000001e84fcbc210 Exception <a 'java/lang/NoSuchMethodError'{0x00000000cb642298}: 'long java.lang.invoke.DirectMethodHandle$Holder.invokeSpecial(java.lang.Object, java.lang.Object)'> (0x00000000cb642298) 
thrown [s\src\hotspot\share\interpreter\linkResolver.cpp, line 774]
Event: 115.804 Thread 0x000001e84fcbc210 Exception <a 'java/lang/NoSuchMethodError'{0x00000000cb6464e0}: 'long java.lang.invoke.Invokers$Holder.invokeExact_MT(java.lang.Object, java.lang.Object)'> (0x00000000cb6464e0) 
thrown [s\src\hotspot\share\interpreter\linkResolver.cpp, line 774]

VM Operations (20 events):
Event: 128.709 Executing VM operation: HandshakeAllThreads
Event: 128.709 Executing VM operation: HandshakeAllThreads done
Event: 129.709 Executing VM operation: Cleanup
Event: 129.710 Executing VM operation: Cleanup done
Event: 130.710 Executing VM operation: Cleanup
Event: 130.710 Executing VM operation: Cleanup done
Event: 132.726 Executing VM operation: Cleanup
Event: 132.726 Executing VM operation: Cleanup done
Event: 133.727 Executing VM operation: Cleanup
Event: 133.727 Executing VM operation: Cleanup done
Event: 135.728 Executing VM operation: Cleanup
Event: 135.728 Executing VM operation: Cleanup done
Event: 138.730 Executing VM operation: Cleanup
Event: 138.730 Executing VM operation: Cleanup done
Event: 140.570 Executing VM operation: G1CollectForAllocation
Event: 140.573 Executing VM operation: G1CollectForAllocation done
Event: 144.580 Executing VM operation: Cleanup
Event: 144.581 Executing VM operation: Cleanup done
Event: 145.581 Executing VM operation: Cleanup
Event: 145.581 Executing VM operation: Cleanup done

Events (20 events):
Event: 128.712 Thread 0x000001e84ab278d0 flushing nmethod 0x000001e83e597090
Event: 128.726 Thread 0x000001e84ab278d0 flushing nmethod 0x000001e837189d10
Event: 129.873 Thread 0x000001e84fe10ba0 Thread exited: 0x000001e84fe10ba0
Event: 129.873 Thread 0x000001e84fe10080 Thread exited: 0x000001e84fe10080
Event: 133.300 Thread 0x000001e84fe10610 Thread added: 0x000001e84fe10610
Event: 133.302 Thread 0x000001e84fe12d00 Thread added: 0x000001e84fe12d00
Event: 133.338 Thread 0x000001e84ef1c4f0 Thread added: 0x000001e84ef1c4f0
Event: 133.376 Thread 0x000001e84ef1c4f0 Thread exited: 0x000001e84ef1c4f0
Event: 133.383 Thread 0x000001e84ef1da30 Thread added: 0x000001e84ef1da30
Event: 133.402 Thread 0x000001e84ef1c4f0 Thread added: 0x000001e84ef1c4f0
Event: 133.434 Thread 0x000001e84ef1da30 Thread exited: 0x000001e84ef1da30
Event: 133.518 Thread 0x000001e84ef1c4f0 Thread exited: 0x000001e84ef1c4f0
Event: 134.840 Thread 0x000001e84fe12d00 Thread exited: 0x000001e84fe12d00
Event: 134.842 Thread 0x000001e84fe10610 Thread exited: 0x000001e84fe10610
Event: 138.618 Thread 0x000001e84ef1c4f0 Thread added: 0x000001e84ef1c4f0
Event: 138.622 Thread 0x000001e84fe13290 Thread added: 0x000001e84fe13290
Event: 138.701 Thread 0x000001e84ef1c4f0 Thread exited: 0x000001e84ef1c4f0
Event: 139.926 Thread 0x000001e84fe13290 Thread exited: 0x000001e84fe13290
Event: 140.094 Thread 0x000001e84fe11130 Thread added: 0x000001e84fe11130
Event: 141.568 Thread 0x000001e84fe11130 Thread exited: 0x000001e84fe11130


Dynamic libraries:
0x00007ff6b4360000 - 0x00007ff6b436e000 	C:\Users\ranij\.pydev_vscode\java19\jdk-19.0.2+7-jre\bin\java.exe
0x00007ffa60900000 - 0x00007ffa60b67000 	C:\WINDOWS\SYSTEM32\ntdll.dll
0x00007ffa5fc00000 - 0x00007ffa5fcc9000 	C:\WINDOWS\System32\KERNEL32.DLL
0x00007ffa5e080000 - 0x00007ffa5e471000 	C:\WINDOWS\System32\KERNELBASE.dll
0x00007ffa5d6c0000 - 0x00007ffa5d80b000 	C:\WINDOWS\System32\ucrtbase.dll
0x00007ff9d86d0000 - 0x00007ff9d86e9000 	C:\Users\ranij\.pydev_vscode\java19\jdk-19.0.2+7-jre\bin\VCRUNTIME140.dll
0x00007ff9d6250000 - 0x00007ff9d6267000 	C:\Users\ranij\.pydev_vscode\java19\jdk-19.0.2+7-jre\bin\jli.dll
0x00007ffa5e8c0000 - 0x00007ffa5ea85000 	C:\WINDOWS\System32\USER32.dll
0x00007ffa40300000 - 0x00007ffa40593000 	C:\WINDOWS\WinSxS\amd64_microsoft.windows.common-controls_6595b64144ccf1df_6.0.26100.8037_none_3e092faae333b53b\COMCTL32.dll
0x00007ffa5e480000 - 0x00007ffa5e4a7000 	C:\WINDOWS\System32\win32u.dll
0x00007ffa5ec80000 - 0x00007ffa5ed29000 	C:\WINDOWS\System32\msvcrt.dll
0x00007ffa5fb50000 - 0x00007ffa5fb7b000 	C:\WINDOWS\System32\GDI32.dll
0x00007ffa5d1e0000 - 0x00007ffa5d30b000 	C:\WINDOWS\System32\gdi32full.dll
0x00007ffa5e4b0000 - 0x00007ffa5e553000 	C:\WINDOWS\System32\msvcp_win.dll
0x00007ffa5feb0000 - 0x00007ffa5fee1000 	C:\WINDOWS\System32\IMM32.DLL
0x00007ffa07710000 - 0x00007ffa0771c000 	C:\Users\ranij\.pydev_vscode\java19\jdk-19.0.2+7-jre\bin\vcruntime140_1.dll
0x00007ff9bfb70000 - 0x00007ff9bfc01000 	C:\Users\ranij\.pydev_vscode\java19\jdk-19.0.2+7-jre\bin\msvcp140.dll
0x00007ff9756b0000 - 0x00007ff9763a1000 	C:\Users\ranij\.pydev_vscode\java19\jdk-19.0.2+7-jre\bin\server\jvm.dll
0x00007ffa5f4f0000 - 0x00007ffa5f5ab000 	C:\WINDOWS\System32\ADVAPI32.dll
0x00007ffa60500000 - 0x00007ffa605a7000 	C:\WINDOWS\System32\sechost.dll
0x00007ffa5fef0000 - 0x00007ffa60008000 	C:\WINDOWS\System32\RPCRT4.dll
0x00007ffa588b0000 - 0x00007ffa588ba000 	C:\WINDOWS\SYSTEM32\WSOCK32.dll
0x00007ffa5fad0000 - 0x00007ffa5fb44000 	C:\WINDOWS\System32\WS2_32.dll
0x00007ffa56f00000 - 0x00007ffa56f0b000 	C:\WINDOWS\SYSTEM32\VERSION.dll
0x00007ffa56ec0000 - 0x00007ffa56ef5000 	C:\WINDOWS\SYSTEM32\WINMM.dll
0x00007ffa5bf70000 - 0x00007ffa5bf8b000 	C:\WINDOWS\SYSTEM32\kernel.appcore.dll
0x00007ffa05430000 - 0x00007ffa0543a000 	C:\Users\ranij\.pydev_vscode\java19\jdk-19.0.2+7-jre\bin\jimage.dll
0x00007ffa50e00000 - 0x00007ffa51042000 	C:\WINDOWS\SYSTEM32\DBGHELP.DLL
0x00007ffa600f0000 - 0x00007ffa60472000 	C:\WINDOWS\System32\combase.dll
0x00007ffa605b0000 - 0x00007ffa60687000 	C:\WINDOWS\System32\OLEAUT32.dll
0x00007ffa400a0000 - 0x00007ffa400db000 	C:\WINDOWS\SYSTEM32\dbgcore.DLL
0x00007ffa5e5f0000 - 0x00007ffa5e695000 	C:\WINDOWS\System32\bcryptPrimitives.dll
0x00007ff9d5e90000 - 0x00007ff9d5eb6000 	C:\Users\ranij\.pydev_vscode\java19\jdk-19.0.2+7-jre\bin\java.dll
0x00007ff9b4470000 - 0x00007ff9b4546000 	C:\Users\ranij\.pydev_vscode\java19\jdk-19.0.2+7-jre\bin\jsvml.dll
0x00007ffa5ed80000 - 0x00007ffa5f4df000 	C:\WINDOWS\System32\SHELL32.dll
0x00007ffa5d3d0000 - 0x00007ffa5d53a000 	C:\WINDOWS\System32\wintypes.dll
0x00007ffa5d810000 - 0x00007ffa5e074000 	C:\WINDOWS\System32\windows.storage.dll
0x00007ffa5e7b0000 - 0x00007ffa5e8a7000 	C:\WINDOWS\System32\SHCORE.dll
0x00007ffa5fb90000 - 0x00007ffa5fbf7000 	C:\WINDOWS\System32\shlwapi.dll
0x00007ffa5d100000 - 0x00007ffa5d129000 	C:\WINDOWS\SYSTEM32\profapi.dll
0x00007ff9cff80000 - 0x00007ff9cff93000 	C:\Users\ranij\.pydev_vscode\java19\jdk-19.0.2+7-jre\bin\net.dll
0x00007ffa53d60000 - 0x00007ffa53e87000 	C:\WINDOWS\SYSTEM32\WINHTTP.dll
0x00007ffa5c4e0000 - 0x00007ffa5c54b000 	C:\WINDOWS\system32\mswsock.dll
0x00007ff9ce8d0000 - 0x00007ff9ce8e6000 	C:\Users\ranij\.pydev_vscode\java19\jdk-19.0.2+7-jre\bin\nio.dll
0x00007ff9cae50000 - 0x00007ff9cae68000 	C:\Users\ranij\.pydev_vscode\java19\jdk-19.0.2+7-jre\bin\zip.dll
0x00007ff9ca6e0000 - 0x00007ff9ca71e000 	C:\Users\ranij\.vscode\extensions\fabioz.vscode-pydev-0.16.0\server\plugins\org.eclipse.equinox.launcher.win32.win32.x86_64_1.2.900.v20240213-1244\eclipse_11900.dll
0x00007ffa5ea90000 - 0x00007ffa5ec25000 	C:\WINDOWS\System32\ole32.dll
0x0000000180000000 - 0x0000000180012000 	C:\Users\ranij\.vscode\extensions\fabioz.vscode-pydev-0.16.0\server\config_win\org.eclipse.osgi\13\0\.cp\os\win32\x86_64\localfile_1_0_0.dll
0x00007ff9c9c20000 - 0x00007ff9c9c3b000 	C:\Users\ranij\.vscode\extensions\fabioz.vscode-pydev-0.16.0\server\config_win\org.eclipse.osgi\16\0\.cp\os\win32\x86_64\win32refresh.dll
0x00007ffa5c7c0000 - 0x00007ffa5c7cc000 	C:\WINDOWS\SYSTEM32\CRYPTBASE.DLL
0x00007ffa1cc00000 - 0x00007ffa1cc08000 	C:\Users\ranij\.pydev_vscode\java19\jdk-19.0.2+7-jre\bin\extnet.dll

dbghelp: loaded successfully - version: 4.0.5 - missing functions: none
symbol engine: initialized successfully - sym options: 0x614 - pdb path: .;C:\Users\ranij\.pydev_vscode\java19\jdk-19.0.2+7-jre\bin;C:\WINDOWS\SYSTEM32;C:\WINDOWS\WinSxS\amd64_microsoft.windows.common-controls_6595b64144ccf1df_6.0.26100.8037_none_3e092faae333b53b;C:\Users\ranij\.pydev_vscode\java19\jdk-19.0.2+7-jre\bin\server;C:\Users\ranij\.vscode\extensions\fabioz.vscode-pydev-0.16.0\server\plugins\org.eclipse.equinox.launcher.win32.win32.x86_64_1.2.900.v20240213-1244;C:\Users\ranij\.vscode\extensions\fabioz.vscode-pydev-0.16.0\server\config_win\org.eclipse.osgi\13\0\.cp\os\win32\x86_64;C:\Users\ranij\.vscode\extensions\fabioz.vscode-pydev-0.16.0\server\config_win\org.eclipse.osgi\16\0\.cp\os\win32\x86_64

VM Arguments:
jvm_args: --add-modules=ALL-SYSTEM --add-opens=java.base/java.util=ALL-UNNAMED --add-opens=java.base/java.lang=ALL-UNNAMED -Declipse.application=org.python.pydev.pydev_lsp.application -Dosgi.bundles.defaultStartLevel=4 -Declipse.product=org.python.pydev.pydev_lsp.product -Xmx1G -XX:+UseG1GC -XX:+UseStringDeduplication 
java_command: c:\Users\ranij\.vscode\extensions\fabioz.vscode-pydev-0.16.0\server\plugins\org.eclipse.equinox.launcher_1.6.700.v20240213-1244.jar -configuration c:\Users\ranij\.vscode\extensions\fabioz.vscode-pydev-0.16.0\server\config_win -data c:\Users\ranij\AppData\Roaming\Code\User\workspaceStorage\fd8b2cb8ee5520f83ed8649ec1cc86b8\fabioz.vscode-pydev\pydev_ws
java_class_path (initial): c:\Users\ranij\.vscode\extensions\fabioz.vscode-pydev-0.16.0\server\plugins\org.eclipse.equinox.launcher_1.6.700.v20240213-1244.jar
Launcher Type: SUN_STANDARD

[Global flags]
     intx CICompilerCount                          = 4                                         {product} {ergonomic}
     uint ConcGCThreads                            = 2                                         {product} {ergonomic}
     uint G1ConcRefinementThreads                  = 8                                         {product} {ergonomic}
   size_t G1HeapRegionSize                         = 1048576                                   {product} {ergonomic}
    uintx GCDrainStackTargetSize                   = 64                                        {product} {ergonomic}
   size_t InitialHeapSize                          = 123731968                                 {product} {ergonomic}
   size_t MarkStackSize                            = 4194304                                   {product} {ergonomic}
   size_t MaxHeapSize                              = 1073741824                                {product} {command line}
   size_t MaxNewSize                               = 643825664                                 {product} {ergonomic}
   size_t MinHeapDeltaBytes                        = 1048576                                   {product} {ergonomic}
   size_t MinHeapSize                              = 8388608                                   {product} {ergonomic}
    uintx NonNMethodCodeHeapSize                   = 5839372                                {pd product} {ergonomic}
    uintx NonProfiledCodeHeapSize                  = 122909434                              {pd product} {ergonomic}
    uintx ProfiledCodeHeapSize                     = 122909434                              {pd product} {ergonomic}
    uintx ReservedCodeCacheSize                    = 251658240                              {pd product} {ergonomic}
     bool SegmentedCodeCache                       = true                                      {product} {ergonomic}
   size_t SoftMaxHeapSize                          = 1073741824                             {manageable} {ergonomic}
     bool UseCompressedClassPointers               = true                           {product lp64_product} {ergonomic}
     bool UseCompressedOops                        = true                           {product lp64_product} {ergonomic}
     bool UseG1GC                                  = true                                      {product} {command line}
     bool UseLargePagesIndividualAllocation        = false                                  {pd product} {ergonomic}
     bool UseStringDeduplication                   = true                                      {product} {command line}

Logging:
Log output configuration:
 #0: stdout all=warning uptime,level,tags foldmultilines=false
 #1: stderr all=off uptime,level,tags foldmultilines=false

Environment Variables:
PATH=C:\Users\ranij\AppData\Local\Programs\Microsoft VS Code;C:\Program Files\Common Files\Oracle\Java\javapath;C:\Program Files (x86)\Common Files\Oracle\Java\java8path;C:\MinGW\bin;C:\Program Files\Python312\Scripts\;C:\Program Files\Python312\;C:\WINDOWS\system32;C:\WINDOWS;C:\WINDOWS\System32\Wbem;C:\WINDOWS\System32\WindowsPowerShell\v1.0\;C:\WINDOWS\System32\OpenSSH\;C:\Program Files\dotnet\;C:\Program Files\MySQL\MySQL Server 5.5\bin;C:\Program Files (x86)\Touch Portal\plugins\adb\platform-tools;C:\Program Files\HP\HP One Agent;C:\ProgramData\chocolatey\bin;C:\WINDOWS\system32;C:\WINDOWS;C:\WINDOWS\System32\Wbem;C:\WINDOWS\System32\WindowsPowerShell\v1.0\;C:\WINDOWS\System32\OpenSSH\;C:\Program Files\nodejs\;C:\Users\ranij\AppData\Roaming\Python\Python312\Scripts;C:\Program Files\Git\cmd;C:\Program Files\Git\mingw64\bin;C:\Program Files\Git\usr\bin;C:\iverilog\bin;C:\Program Files\PostgreSQL\18\bin;C:\Users\ranij\.local\bin;C:\Program Files\MySQL\MySQL Shell 8.0\bin\;C:\Users\ranij\AppData\Local\Programs\Python\Python310\Scripts\;C:\Users\ranij\AppData\Local\Programs\Python\Python310\;C:\Users\ranij\AppData\Local\Programs\Python\Python310\python.exe;C:\msys64\ucrt64\bin;C:\Program Files\JetBrains\PyCharm 2024.2.1\bin;;C:\FFmpeg;C:\Users\ranij\AppData\Local\Microsoft\WindowsApps;C:\Users\ranij\AppData\Local\Programs\Microsoft VS Code\bin;C:\Users\ranij\AppData\Roaming\npm;C:\ProgramData\ranij\GitHubDesktop\bin;C:\Users\ranij\AppData\Local\GitHubDesktop\bin;C:\Users\ranij\AppData\Local\Programs\MiKTeX\miktex\bin\x64\;C:\Program Files\JetBrains\IntelliJ IDEA 2025.1.2\bin;;C:\Program Files\JetBrains\IntelliJ IDEA Community Edition 2025.1.2\bin;;C:\Program Files\mongosh\;C:\Users\ranij\AppData\Local\Programs\Antigravity\bin
USERNAME=ranij
OS=Windows_NT
PROCESSOR_IDENTIFIER=AMD64 Family 23 Model 104 Stepping 1, AuthenticAMD
TMP=C:\Users\ranij\AppData\Local\Temp
TEMP=C:\Users\ranij\AppData\Local\Temp



---------------  S Y S T E M  ---------------

OS:
 Windows 11 , 64 bit Build 26100 (10.0.26100.7920)
OS uptime: 0 days 8:41 hours
Hyper-V role detected

CPU: total 8 (initial active 8) (8 cores per cpu, 2 threads per core) family 23 model 104 stepping 1 microcode 0x8608107, cx8, cmov, fxsr, ht, mmx, 3dnowpref, sse, sse2, sse3, ssse3, sse4a, sse4.1, sse4.2, popcnt, lzcnt, tsc, tscinvbit, avx, avx2, aes, clmul, bmi1, bmi2, adx, sha, fma, vzeroupper, clflush, clflushopt, hv, rdtscp, rdpid

Memory: 4k page, system-wide physical 7502M (599M free)
TotalPageFile size 30030M (AvailPageFile size 1M)
current process WorkingSet (physical memory assigned to process): 205M, peak: 327M
current process commit charge ("private bytes"): 359M, peak: 414M

vm_info: OpenJDK 64-Bit Server VM (19.0.2+7) for windows-amd64 JRE (19.0.2+7), built on 2023-01-17T00:00:00Z by "temurin" with MS VC++ 16.7 (VS2019)

END.
