#
# There is insufficient memory for the Java Runtime Environment to continue.
# Native memory allocation (malloc) failed to allocate 1120096 bytes for Chunk::new
# Possible reasons:
#   The system is out of physical RAM or swap space
#   The process is running with CompressedOops enabled, and the Java Heap may be blocking the growth of the native heap
# Possible solutions:
#   Reduce memory load on the system
#   Increase physical memory or swap space
#   Check if swap backing store is full
#   Decrease Java heap size (-Xmx/-Xms)
#   Decrease number of Java threads
#   Decrease Java thread stack sizes (-Xss)
#   Set larger code cache with -XX:ReservedCodeCacheSize=
#   JVM is running with Unscaled Compressed Oops mode in which the Java heap is
#     placed in the first 4GB address space. The Java Heap base address is the
#     maximum limit for the native heap growth. Please use -XX:HeapBaseMinAddress
#     to set the Java Heap base and to place the Java Heap above 4GB virtual address.
# This output file may be truncated or incomplete.
#
#  Out of Memory Error (arena.cpp:184), pid=5280, tid=30364
#
# JRE version: OpenJDK Runtime Environment Temurin-19.0.2+7 (19.0.2+7) (build 19.0.2+7)
# Java VM: OpenJDK 64-Bit Server VM Temurin-19.0.2+7 (19.0.2+7, mixed mode, sharing, tiered, compressed oops, compressed class ptrs, g1 gc, windows-amd64)
# No core dump will be written. Minidumps are not enabled by default on client versions of Windows
#

---------------  S U M M A R Y ------------

Command Line: --add-modules=ALL-SYSTEM --add-opens=java.base/java.util=ALL-UNNAMED --add-opens=java.base/java.lang=ALL-UNNAMED -Declipse.application=org.python.pydev.pydev_lsp.application -Dosgi.bundles.defaultStartLevel=4 -Declipse.product=org.python.pydev.pydev_lsp.product -Xmx1G -XX:+UseG1GC -XX:+UseStringDeduplication c:\Users\ranij\.vscode\extensions\fabioz.vscode-pydev-0.16.0\server\plugins\org.eclipse.equinox.launcher_1.6.700.v20240213-1244.jar -configuration c:\Users\ranij\.vscode\extensions\fabioz.vscode-pydev-0.16.0\server\config_win -data c:\Users\ranij\AppData\Roaming\Code\User\workspaceStorage\fd8b2cb8ee5520f83ed8649ec1cc86b8\fabioz.vscode-pydev\pydev_ws

Host: AMD Ryzen 3 5300U with Radeon Graphics         , 8 cores, 7G,  Windows 11 , 64 bit Build 26100 (10.0.26100.7920)
Time: Fri Mar 20 20:52:07 2026 India Standard Time elapsed time: 55.597611 seconds (0d 0h 0m 55s)

---------------  T H R E A D  ---------------

Current thread (0x0000011de5ee3340):  JavaThread "C2 CompilerThread0" daemon [_thread_in_native, id=30364, stack(0x000000182a700000,0x000000182a800000)]


Current CompileTask:
C2:  55598 5494   !   4       org.python.pydev.parser.grammar312.TreeBuilder312::onCloseNode (5409 bytes)

Stack: [0x000000182a700000,0x000000182a800000]
Native frames: (J=compiled Java code, j=interpreted, Vv=VM code, C=native code)
V  [jvm.dll+0x6e9e1a]
V  [jvm.dll+0x8a36c0]
V  [jvm.dll+0x8a50ae]
V  [jvm.dll+0x8a5763]
V  [jvm.dll+0x27bcdf]
V  [jvm.dll+0xc221f]
V  [jvm.dll+0xc2595]
V  [jvm.dll+0x2f2acf]
V  [jvm.dll+0x5ea39e]
V  [jvm.dll+0x24e6be]
V  [jvm.dll+0x2470ac]
V  [jvm.dll+0x244565]
V  [jvm.dll+0x1cf4b1]
V  [jvm.dll+0x254229]
V  [jvm.dll+0x252418]
V  [jvm.dll+0x85403d]
V  [jvm.dll+0x84de3a]
V  [jvm.dll+0x6e8abb]
C  [ucrtbase.dll+0x37b0]
C  [KERNEL32.DLL+0x2e8d7]
C  [ntdll.dll+0x8c48c]


---------------  P R O C E S S  ---------------

Threads class SMR info:
_java_thread_list=0x0000011ded8bf850, length=45, elements={
0x0000011dcc6841f0, 0x0000011de5ec6500, 0x0000011de5ec6f30, 0x0000011de5ecf0c0,
0x0000011de5ed3ac0, 0x0000011de5ed5c50, 0x0000011de5ed61a0, 0x0000011de5ee3340,
0x0000011de5f0dd80, 0x0000011de5ed5700, 0x0000011de5ed7c30, 0x0000011de5ed7190,
0x0000011de5ed76e0, 0x0000011de5ed8180, 0x0000011de5ed51b0, 0x0000011de5ed4c60,
0x0000011de5ed6c40, 0x0000011deb256db0, 0x0000011deb257300, 0x0000011deb2582f0,
0x0000011deb257da0, 0x0000011deb256860, 0x0000011deb258840, 0x0000011deb259830,
0x0000011deb258d90, 0x0000011deb259d80, 0x0000011deb256310, 0x0000011deb25a2d0,
0x0000011deb2592e0, 0x0000011deb25b2c0, 0x0000011deb257850, 0x0000011deb25b810,
0x0000011deb25d7f0, 0x0000011deb25d2a0, 0x0000011deb25c2b0, 0x0000011deb25a820,
0x0000011deb25ad70, 0x0000011deb25bd60, 0x0000011deb25c800, 0x0000011deab718a0,
0x0000011deab6e8d0, 0x0000011deab6de30, 0x0000011ded772280, 0x0000011deab708b0,
0x0000011deab70e00
}

Java Threads: ( => current thread )
  0x0000011dcc6841f0 JavaThread "main" [_thread_blocked, id=2136, stack(0x0000001829900000,0x0000001829a00000)]
  0x0000011de5ec6500 JavaThread "Reference Handler" daemon [_thread_blocked, id=2980, stack(0x000000182a100000,0x000000182a200000)]
  0x0000011de5ec6f30 JavaThread "Finalizer" daemon [_thread_blocked, id=16424, stack(0x000000182a200000,0x000000182a300000)]
  0x0000011de5ecf0c0 JavaThread "Signal Dispatcher" daemon [_thread_blocked, id=23464, stack(0x000000182a300000,0x000000182a400000)]
  0x0000011de5ed3ac0 JavaThread "Attach Listener" daemon [_thread_blocked, id=3012, stack(0x000000182a400000,0x000000182a500000)]
  0x0000011de5ed5c50 JavaThread "Service Thread" daemon [_thread_blocked, id=26644, stack(0x000000182a500000,0x000000182a600000)]
  0x0000011de5ed61a0 JavaThread "Monitor Deflation Thread" daemon [_thread_blocked, id=27612, stack(0x000000182a600000,0x000000182a700000)]
=>0x0000011de5ee3340 JavaThread "C2 CompilerThread0" daemon [_thread_in_native, id=30364, stack(0x000000182a700000,0x000000182a800000)]
  0x0000011de5f0dd80 JavaThread "C1 CompilerThread0" daemon [_thread_blocked, id=18500, stack(0x000000182a800000,0x000000182a900000)]
  0x0000011de5ed5700 JavaThread "Sweeper thread" daemon [_thread_blocked, id=18832, stack(0x000000182a900000,0x000000182aa00000)]
  0x0000011de5ed7c30 JavaThread "Common-Cleaner" daemon [_thread_blocked, id=9336, stack(0x000000182aa00000,0x000000182ab00000)]
  0x0000011de5ed7190 JavaThread "Notification Thread" daemon [_thread_blocked, id=26800, stack(0x000000182ab00000,0x000000182ac00000)]
  0x0000011de5ed76e0 JavaThread "Active Thread: Equinox Container: a2bf6f67-30db-4908-b03b-443a18452b04" [_thread_blocked, id=27616, stack(0x000000182ae00000,0x000000182af00000)]
  0x0000011de5ed8180 JavaThread "Framework Event Dispatcher: Equinox Container: a2bf6f67-30db-4908-b03b-443a18452b04" daemon [_thread_blocked, id=21420, stack(0x000000182af00000,0x000000182b000000)]
  0x0000011de5ed51b0 JavaThread "Start Level: Equinox Container: a2bf6f67-30db-4908-b03b-443a18452b04" daemon [_thread_blocked, id=15896, stack(0x000000182b700000,0x000000182b800000)]
  0x0000011de5ed4c60 JavaThread "SCR Component Actor" daemon [_thread_blocked, id=23848, stack(0x000000182b800000,0x000000182b900000)]
  0x0000011de5ed6c40 JavaThread "Worker-JM" [_thread_blocked, id=12816, stack(0x000000182ba00000,0x000000182bb00000)]
  0x0000011deb256db0 JavaThread "Worker-0: Refreshing workspace" [_thread_in_native, id=14984, stack(0x000000182bb00000,0x000000182bc00000)]
  0x0000011deb257300 JavaThread "Worker-1" [_thread_blocked, id=27232, stack(0x000000182bc00000,0x000000182bd00000)]
  0x0000011deb2582f0 JavaThread "Worker-2" [_thread_blocked, id=25248, stack(0x000000182be00000,0x000000182bf00000)]
  0x0000011deb257da0 JavaThread "Worker-3" [_thread_blocked, id=13972, stack(0x000000182ad00000,0x000000182ae00000)]
  0x0000011deb256860 JavaThread "pool-2-thread-1" [_thread_blocked, id=24936, stack(0x000000182bf00000,0x000000182c000000)]
  0x0000011deb258840 JavaThread "pool-1-thread-1" [_thread_in_native, id=2656, stack(0x000000182bd00000,0x000000182be00000)]
  0x0000011deb259830 JavaThread "ForkJoinPool.commonPool-worker-1" daemon [_thread_blocked, id=15392, stack(0x000000182c100000,0x000000182c200000)]
  0x0000011deb258d90 JavaThread "Worker-4: PyDev: Code Analysis:file:///c:/Mridul%20Joy/Programming/College%20Projects/Program%20Elective/Assignment%20Program%20Elective/visualization.py" [_thread_blocked, id=6804, stack(0x000000182c000000,0x000000182c100000)]
  0x0000011deb259d80 JavaThread "FileSystemWatchService" daemon [_thread_in_native, id=15604, stack(0x000000182c200000,0x000000182c300000)]
  0x0000011deb256310 JavaThread "Thread-5" daemon [_thread_blocked, id=21808, stack(0x000000182c300000,0x000000182c400000)]
  0x0000011deb25a2d0 JavaThread "Thread-10" daemon [_thread_blocked, id=4184, stack(0x000000182c400000,0x000000182c500000)]
  0x0000011deb2592e0 JavaThread "Worker-5" [_thread_blocked, id=30260, stack(0x000000182c600000,0x000000182c700000)]
  0x0000011deb25b2c0 JavaThread "Worker-6" [_thread_blocked, id=8476, stack(0x000000182c900000,0x000000182ca00000)]
  0x0000011deb257850 JavaThread "Worker-7" [_thread_blocked, id=16188, stack(0x000000182ca00000,0x000000182cb00000)]
  0x0000011deb25b810 JavaThread "Worker-8" [_thread_blocked, id=18236, stack(0x000000182cb00000,0x000000182cc00000)]
  0x0000011deb25d7f0 JavaThread "Worker-9" [_thread_blocked, id=26336, stack(0x000000182c500000,0x000000182c600000)]
  0x0000011deb25d2a0 JavaThread "Worker-10" [_thread_blocked, id=15564, stack(0x000000182c700000,0x000000182c800000)]
  0x0000011deb25c2b0 JavaThread "Worker-11" [_thread_blocked, id=29824, stack(0x000000182c800000,0x000000182c900000)]
  0x0000011deb25a820 JavaThread "Worker-12" [_thread_blocked, id=30660, stack(0x000000182cc00000,0x000000182cd00000)]
  0x0000011deb25ad70 JavaThread "Worker-13" [_thread_blocked, id=30340, stack(0x000000182cf00000,0x000000182d000000)]
  0x0000011deb25bd60 JavaThread "Worker-14: PyDev: Code Analysis:file:///c:/Mridul%20Joy/Programming/College%20Projects/Program%20Elective/Assignment%20Program%20Elective/training.py" [_thread_blocked, id=30572, stack(0x000000182d000000,0x000000182d100000)]
  0x0000011deb25c800 JavaThread "Worker-15: Check index integrity for: d07p989r8t_Program Elective_Assignment Program Elective" [_thread_in_native, id=12792, stack(0x000000182d100000,0x000000182d200000)]
  0x0000011deab718a0 JavaThread "Worker-16" [_thread_blocked, id=7116, stack(0x000000182d200000,0x000000182d300000)]
  0x0000011deab6e8d0 JavaThread "Worker-17: PyDev: Code Analysis:file:///c:/Mridul%20Joy/Programming/College%20Projects/Program%20Elective/Assignment%20Program%20Elective/main.py" [_thread_blocked, id=23180, stack(0x000000182d400000,0x000000182d500000)]
  0x0000011deab6de30 JavaThread "Worker-18" [_thread_blocked, id=3368, stack(0x000000182ce00000,0x000000182cf00000)]
  0x0000011ded772280 JavaThread "C2 CompilerThread1" daemon [_thread_in_native, id=28380, stack(0x000000182d300000,0x000000182d400000)]
  0x0000011deab708b0 JavaThread "Shell reader (stdout)" daemon [_thread_in_native, id=17852, stack(0x000000182cd00000,0x000000182ce00000)]
  0x0000011deab70e00 JavaThread "Shell reader (stderr)" daemon [_thread_in_native, id=28712, stack(0x000000182d500000,0x000000182d600000)]

Other Threads:
  0x0000011de5ea82f0 VMThread "VM Thread" [stack: 0x000000182a000000,0x000000182a100000] [id=18032]
  0x0000011dea274580 WatcherThread "VM Periodic Task Thread" [stack: 0x000000182ac00000,0x000000182ad00000] [id=8548]
  0x0000011dcc6c8a20 WorkerThread "GC Thread#0" [stack: 0x0000001829a00000,0x0000001829b00000] [id=28016]
  0x0000011dea500050 WorkerThread "GC Thread#1" [stack: 0x000000182b000000,0x000000182b100000] [id=12668]
  0x0000011dea6c9300 WorkerThread "GC Thread#2" [stack: 0x000000182b100000,0x000000182b200000] [id=14832]
  0x0000011dea6d8fb0 WorkerThread "GC Thread#3" [stack: 0x000000182b200000,0x000000182b300000] [id=22940]
  0x0000011dea6d9dc0 WorkerThread "GC Thread#4" [stack: 0x000000182b300000,0x000000182b400000] [id=720]
  0x0000011dea6d8ce0 WorkerThread "GC Thread#5" [stack: 0x000000182b400000,0x000000182b500000] [id=13776]
  0x0000011dea6d9280 WorkerThread "GC Thread#6" [stack: 0x000000182b500000,0x000000182b600000] [id=28316]
  0x0000011dea6d9550 WorkerThread "GC Thread#7" [stack: 0x000000182b600000,0x000000182b700000] [id=28128]
  0x0000011dcc6d2700 ConcurrentGCThread "G1 Main Marker" [stack: 0x0000001829b00000,0x0000001829c00000] [id=21972]
  0x0000011dcc6d4690 WorkerThread "G1 Conc#0" [stack: 0x0000001829c00000,0x0000001829d00000] [id=1936]
  0x0000011deb91d810 WorkerThread "G1 Conc#1" [stack: 0x000000182b900000,0x000000182ba00000] [id=23104]
  0x0000011de5d60140 ConcurrentGCThread "G1 Refine#0" [stack: 0x0000001829d00000,0x0000001829e00000] [id=28260]
  0x0000011de5d60930 ConcurrentGCThread "G1 Service" [stack: 0x0000001829e00000,0x0000001829f00000] [id=14676]
  0x0000011de5ea4470 ConcurrentGCThread "StringDedupProcessor" [stack: 0x0000001829f00000,0x000000182a000000] [id=2040]

Threads with active compile tasks:
C2 CompilerThread0    55660 5494   !   4       org.python.pydev.parser.grammar312.TreeBuilder312::onCloseNode (5409 bytes)
C2 CompilerThread1    55660 5515 % !   4       org.python.pydev.shared_core.partitioner.FastPartitioner::initialize @ 45 (128 bytes)

VM state: not at safepoint (normal execution)

VM Mutex/Monitor currently owned by a thread: None

Heap address: 0x00000000c0000000, size: 1024 MB, Compressed Oops mode: 32-bit

CDS archive(s) mapped at: [0x0000000800000000-0x0000000800ad0000-0x0000000800ad0000), size 11337728, SharedBaseAddress: 0x0000000800000000, ArchiveRelocationMode: 0.
Compressed class space mapped at: 0x0000000800c00000-0x0000000840c00000, reserved size: 1073741824
Narrow klass base: 0x0000000800000000, Narrow klass shift: 0, Narrow klass range: 0x100000000

GC Precious Log:
 CardTable entry size: 512
 Card Set container configuration: InlinePtr #cards 5 size 8 Array Of Cards #cards 12 size 40 Howl #buckets 4 coarsen threshold 1843 Howl Bitmap #cards 512 size 80 coarsen threshold 460 Card regions per heap region 1 cards per card region 2048
 CPUs: 8 total, 8 available
 Memory: 7502M
 Large Page Support: Disabled
 NUMA Support: Disabled
 Compressed Oops: Enabled (32-bit)
 Heap Region Size: 1M
 Heap Min Capacity: 8M
 Heap Initial Capacity: 118M
 Heap Max Capacity: 1G
 Pre-touch: Disabled
 Parallel Workers: 8
 Concurrent Workers: 2
 Concurrent Refinement Workers: 8
 Periodic GC: Disabled
 String Deduplication is enabled

Heap:
 garbage-first heap   total 171008K, used 109146K [0x00000000c0000000, 0x0000000100000000)
  region size 1024K, 24 young (24576K), 6 survivors (6144K)
 Metaspace       used 26566K, committed 27392K, reserved 1114112K
  class space    used 2654K, committed 3008K, reserved 1048576K

Heap Regions: E=young(eden), S=young(survivor), O=old, HS=humongous(starts), HC=humongous(continues), CS=collection set, F=free, OA=open archive, CA=closed archive, TAMS=top-at-mark-start (previous, next)
|   0|0x00000000c0000000, 0x00000000c0100000, 0x00000000c0100000|100%| O|  |TAMS 0x00000000c0100000, 0x00000000c0000000| Untracked 
|   1|0x00000000c0100000, 0x00000000c0200000, 0x00000000c0200000|100%| O|  |TAMS 0x00000000c0200000, 0x00000000c0100000| Untracked 
|   2|0x00000000c0200000, 0x00000000c0300000, 0x00000000c0300000|100%| O|  |TAMS 0x00000000c0300000, 0x00000000c0200000| Untracked 
|   3|0x00000000c0300000, 0x00000000c0400000, 0x00000000c0400000|100%| O|  |TAMS 0x00000000c0400000, 0x00000000c0300000| Untracked 
|   4|0x00000000c0400000, 0x00000000c0500000, 0x00000000c0500000|100%| O|  |TAMS 0x00000000c0500000, 0x00000000c0400000| Untracked 
|   5|0x00000000c0500000, 0x00000000c0600000, 0x00000000c0600000|100%| O|  |TAMS 0x00000000c0600000, 0x00000000c0500000| Untracked 
|   6|0x00000000c0600000, 0x00000000c0700000, 0x00000000c0700000|100%| O|  |TAMS 0x00000000c0700000, 0x00000000c0600000| Complete 
|   7|0x00000000c0700000, 0x00000000c0800000, 0x00000000c0800000|100%| O|  |TAMS 0x00000000c0800000, 0x00000000c0700000| Complete 
|   8|0x00000000c0800000, 0x00000000c0900000, 0x00000000c0900000|100%| O|  |TAMS 0x00000000c0900000, 0x00000000c0800000| Complete 
|   9|0x00000000c0900000, 0x00000000c0a00000, 0x00000000c0a00000|100%| O|  |TAMS 0x00000000c0a00000, 0x00000000c0900000| Complete 
|  10|0x00000000c0a00000, 0x00000000c0b00000, 0x00000000c0b00000|100%| O|  |TAMS 0x00000000c0b00000, 0x00000000c0a00000| Complete 
|  11|0x00000000c0b00000, 0x00000000c0c00000, 0x00000000c0c00000|100%| O|  |TAMS 0x00000000c0c00000, 0x00000000c0b00000| Untracked 
|  12|0x00000000c0c00000, 0x00000000c0d00000, 0x00000000c0d00000|100%| O|  |TAMS 0x00000000c0d00000, 0x00000000c0c00000| Untracked 
|  13|0x00000000c0d00000, 0x00000000c0e00000, 0x00000000c0e00000|100%| O|  |TAMS 0x00000000c0e00000, 0x00000000c0d00000| Untracked 
|  14|0x00000000c0e00000, 0x00000000c0f00000, 0x00000000c0f00000|100%| O|  |TAMS 0x00000000c0f00000, 0x00000000c0e00000| Untracked 
|  15|0x00000000c0f00000, 0x00000000c1000000, 0x00000000c1000000|100%| O|  |TAMS 0x00000000c1000000, 0x00000000c0f00000| Complete 
|  16|0x00000000c1000000, 0x00000000c1100000, 0x00000000c1100000|100%| O|  |TAMS 0x00000000c1100000, 0x00000000c1000000| Untracked 
|  17|0x00000000c1100000, 0x00000000c1200000, 0x00000000c1200000|100%| O|  |TAMS 0x00000000c1200000, 0x00000000c1100000| Untracked 
|  18|0x00000000c1200000, 0x00000000c1300000, 0x00000000c1300000|100%| O|  |TAMS 0x00000000c1300000, 0x00000000c1200000| Untracked 
|  19|0x00000000c1300000, 0x00000000c1400000, 0x00000000c1400000|100%| O|  |TAMS 0x00000000c1400000, 0x00000000c1300000| Untracked 
|  20|0x00000000c1400000, 0x00000000c1500000, 0x00000000c1500000|100%| O|  |TAMS 0x00000000c1500000, 0x00000000c1400000| Complete 
|  21|0x00000000c1500000, 0x00000000c1600000, 0x00000000c1600000|100%| O|  |TAMS 0x00000000c1600000, 0x00000000c1500000| Complete 
|  22|0x00000000c1600000, 0x00000000c1700000, 0x00000000c1700000|100%| O|  |TAMS 0x00000000c1700000, 0x00000000c1600000| Complete 
|  23|0x00000000c1700000, 0x00000000c1800000, 0x00000000c1800000|100%| O|  |TAMS 0x00000000c1800000, 0x00000000c1700000| Untracked 
|  24|0x00000000c1800000, 0x00000000c1900000, 0x00000000c1900000|100%| O|  |TAMS 0x00000000c1900000, 0x00000000c1800000| Untracked 
|  25|0x00000000c1900000, 0x00000000c1a00000, 0x00000000c1a00000|100%| O|  |TAMS 0x00000000c1a00000, 0x00000000c1900000| Untracked 
|  26|0x00000000c1a00000, 0x00000000c1b00000, 0x00000000c1b00000|100%| O|  |TAMS 0x00000000c1b00000, 0x00000000c1a00000| Untracked 
|  27|0x00000000c1b00000, 0x00000000c1c00000, 0x00000000c1c00000|100%| O|  |TAMS 0x00000000c1c00000, 0x00000000c1b00000| Untracked 
|  28|0x00000000c1c00000, 0x00000000c1d00000, 0x00000000c1d00000|100%| O|  |TAMS 0x00000000c1d00000, 0x00000000c1c00000| Complete 
|  29|0x00000000c1d00000, 0x00000000c1e00000, 0x00000000c1e00000|100%| O|  |TAMS 0x00000000c1e00000, 0x00000000c1d00000| Complete 
|  30|0x00000000c1e00000, 0x00000000c1f00000, 0x00000000c1f00000|100%| O|  |TAMS 0x00000000c1f00000, 0x00000000c1e00000| Complete 
|  31|0x00000000c1f00000, 0x00000000c1f00000, 0x00000000c2000000|  0%| F|  |TAMS 0x00000000c1f00000, 0x00000000c1f00000| Untracked 
|  32|0x00000000c2000000, 0x00000000c2100000, 0x00000000c2100000|100%| O|  |TAMS 0x00000000c2100000, 0x00000000c2000000| Complete 
|  33|0x00000000c2100000, 0x00000000c2200000, 0x00000000c2200000|100%| O|  |TAMS 0x00000000c2200000, 0x00000000c2100000| Complete 
|  34|0x00000000c2200000, 0x00000000c2200000, 0x00000000c2300000|  0%| F|  |TAMS 0x00000000c2200000, 0x00000000c2200000| Untracked 
|  35|0x00000000c2300000, 0x00000000c2300000, 0x00000000c2400000|  0%| F|  |TAMS 0x00000000c2300000, 0x00000000c2300000| Untracked 
|  36|0x00000000c2400000, 0x00000000c2500000, 0x00000000c2500000|100%| O|  |TAMS 0x00000000c2500000, 0x00000000c2400000| Complete 
|  37|0x00000000c2500000, 0x00000000c2600000, 0x00000000c2600000|100%| O|  |TAMS 0x00000000c2600000, 0x00000000c2500000| Complete 
|  38|0x00000000c2600000, 0x00000000c2700000, 0x00000000c2700000|100%| O|  |TAMS 0x00000000c2700000, 0x00000000c2600000| Complete 
|  39|0x00000000c2700000, 0x00000000c2800000, 0x00000000c2800000|100%| O|  |TAMS 0x00000000c2800000, 0x00000000c2700000| Complete 
|  40|0x00000000c2800000, 0x00000000c2900000, 0x00000000c2900000|100%| O|  |TAMS 0x00000000c2900000, 0x00000000c2800000| Complete 
|  41|0x00000000c2900000, 0x00000000c2a00000, 0x00000000c2a00000|100%| O|  |TAMS 0x00000000c2a00000, 0x00000000c2900000| Complete 
|  42|0x00000000c2a00000, 0x00000000c2b00000, 0x00000000c2b00000|100%| O|  |TAMS 0x00000000c2b00000, 0x00000000c2a00000| Complete 
|  43|0x00000000c2b00000, 0x00000000c2c00000, 0x00000000c2c00000|100%| O|  |TAMS 0x00000000c2c00000, 0x00000000c2b00000| Complete 
|  44|0x00000000c2c00000, 0x00000000c2d00000, 0x00000000c2d00000|100%| O|  |TAMS 0x00000000c2d00000, 0x00000000c2c00000| Complete 
|  45|0x00000000c2d00000, 0x00000000c2e00000, 0x00000000c2e00000|100%| O|  |TAMS 0x00000000c2e00000, 0x00000000c2d00000| Complete 
|  46|0x00000000c2e00000, 0x00000000c2f00000, 0x00000000c2f00000|100%| O|  |TAMS 0x00000000c2f00000, 0x00000000c2e00000| Untracked 
|  47|0x00000000c2f00000, 0x00000000c3000000, 0x00000000c3000000|100%| O|  |TAMS 0x00000000c3000000, 0x00000000c2f00000| Complete 
|  48|0x00000000c3000000, 0x00000000c3100000, 0x00000000c3100000|100%| O|  |TAMS 0x00000000c3100000, 0x00000000c3000000| Complete 
|  49|0x00000000c3100000, 0x00000000c3200000, 0x00000000c3200000|100%| O|  |TAMS 0x00000000c3200000, 0x00000000c3100000| Complete 
|  50|0x00000000c3200000, 0x00000000c3300000, 0x00000000c3300000|100%| O|  |TAMS 0x00000000c3300000, 0x00000000c3200000| Complete 
|  51|0x00000000c3300000, 0x00000000c3400000, 0x00000000c3400000|100%| O|  |TAMS 0x00000000c3400000, 0x00000000c3300000| Complete 
|  52|0x00000000c3400000, 0x00000000c3500000, 0x00000000c3500000|100%| O|  |TAMS 0x00000000c3500000, 0x00000000c3400000| Untracked 
|  53|0x00000000c3500000, 0x00000000c3600000, 0x00000000c3600000|100%| O|  |TAMS 0x00000000c3600000, 0x00000000c3500000| Complete 
|  54|0x00000000c3600000, 0x00000000c3700000, 0x00000000c3700000|100%| O|  |TAMS 0x00000000c3700000, 0x00000000c3600000| Untracked 
|  55|0x00000000c3700000, 0x00000000c3800000, 0x00000000c3800000|100%| O|  |TAMS 0x00000000c3800000, 0x00000000c3700000| Untracked 
|  56|0x00000000c3800000, 0x00000000c3900000, 0x00000000c3900000|100%| O|  |TAMS 0x00000000c3900000, 0x00000000c3800000| Complete 
|  57|0x00000000c3900000, 0x00000000c3a00000, 0x00000000c3a00000|100%| O|  |TAMS 0x00000000c3a00000, 0x00000000c3900000| Untracked 
|  58|0x00000000c3a00000, 0x00000000c3b00000, 0x00000000c3b00000|100%| O|  |TAMS 0x00000000c3b00000, 0x00000000c3a00000| Complete 
|  59|0x00000000c3b00000, 0x00000000c3c00000, 0x00000000c3c00000|100%| O|  |TAMS 0x00000000c3c00000, 0x00000000c3b00000| Complete 
|  60|0x00000000c3c00000, 0x00000000c3d00000, 0x00000000c3d00000|100%| O|  |TAMS 0x00000000c3d00000, 0x00000000c3c00000| Complete 
|  61|0x00000000c3d00000, 0x00000000c3e00000, 0x00000000c3e00000|100%| O|  |TAMS 0x00000000c3e00000, 0x00000000c3d00000| Untracked 
|  62|0x00000000c3e00000, 0x00000000c3f00000, 0x00000000c3f00000|100%| O|  |TAMS 0x00000000c3f00000, 0x00000000c3e00000| Untracked 
|  63|0x00000000c3f00000, 0x00000000c4000000, 0x00000000c4000000|100%| O|  |TAMS 0x00000000c4000000, 0x00000000c3f00000| Complete 
|  64|0x00000000c4000000, 0x00000000c4100000, 0x00000000c4100000|100%| O|  |TAMS 0x00000000c4100000, 0x00000000c4000000| Untracked 
|  65|0x00000000c4100000, 0x00000000c4200000, 0x00000000c4200000|100%| O|  |TAMS 0x00000000c4100000, 0x00000000c4100000| Untracked 
|  66|0x00000000c4200000, 0x00000000c4300000, 0x00000000c4300000|100%| O|  |TAMS 0x00000000c4200000, 0x00000000c4200000| Untracked 
|  67|0x00000000c4300000, 0x00000000c4400000, 0x00000000c4400000|100%| O|  |TAMS 0x00000000c4300000, 0x00000000c4300000| Untracked 
|  68|0x00000000c4400000, 0x00000000c4500000, 0x00000000c4500000|100%| O|  |TAMS 0x00000000c4400000, 0x00000000c4400000| Untracked 
|  69|0x00000000c4500000, 0x00000000c4600000, 0x00000000c4600000|100%| O|  |TAMS 0x00000000c4500000, 0x00000000c4500000| Untracked 
|  70|0x00000000c4600000, 0x00000000c4700000, 0x00000000c4700000|100%| O|  |TAMS 0x00000000c4600000, 0x00000000c4600000| Untracked 
|  71|0x00000000c4700000, 0x00000000c4800000, 0x00000000c4800000|100%| O|  |TAMS 0x00000000c4700000, 0x00000000c4700000| Untracked 
|  72|0x00000000c4800000, 0x00000000c4900000, 0x00000000c4900000|100%| O|  |TAMS 0x00000000c4800000, 0x00000000c4800000| Untracked 
|  73|0x00000000c4900000, 0x00000000c4a00000, 0x00000000c4a00000|100%| O|  |TAMS 0x00000000c4900000, 0x00000000c4900000| Untracked 
|  74|0x00000000c4a00000, 0x00000000c4b00000, 0x00000000c4b00000|100%| O|  |TAMS 0x00000000c4a00000, 0x00000000c4a00000| Untracked 
|  75|0x00000000c4b00000, 0x00000000c4b96a00, 0x00000000c4c00000| 58%| O|  |TAMS 0x00000000c4b00000, 0x00000000c4b00000| Untracked 
|  76|0x00000000c4c00000, 0x00000000c4d00000, 0x00000000c4d00000|100%| O|  |TAMS 0x00000000c4d00000, 0x00000000c4c00000| Untracked 
|  77|0x00000000c4d00000, 0x00000000c4e00000, 0x00000000c4e00000|100%| O|  |TAMS 0x00000000c4e00000, 0x00000000c4d00000| Untracked 
|  78|0x00000000c4e00000, 0x00000000c4f00000, 0x00000000c4f00000|100%| O|  |TAMS 0x00000000c4f00000, 0x00000000c4e00000| Untracked 
|  79|0x00000000c4f00000, 0x00000000c5000000, 0x00000000c5000000|100%| O|  |TAMS 0x00000000c5000000, 0x00000000c4f00000| Untracked 
|  80|0x00000000c5000000, 0x00000000c5100000, 0x00000000c5100000|100%| O|  |TAMS 0x00000000c5100000, 0x00000000c5000000| Complete 
|  81|0x00000000c5100000, 0x00000000c5200000, 0x00000000c5200000|100%| O|  |TAMS 0x00000000c5200000, 0x00000000c5100000| Untracked 
|  82|0x00000000c5200000, 0x00000000c5300000, 0x00000000c5300000|100%| O|  |TAMS 0x00000000c5300000, 0x00000000c5200000| Untracked 
|  83|0x00000000c5300000, 0x00000000c5400000, 0x00000000c5400000|100%| O|  |TAMS 0x00000000c5400000, 0x00000000c5300000| Complete 
|  84|0x00000000c5400000, 0x00000000c5400000, 0x00000000c5500000|  0%| F|  |TAMS 0x00000000c5400000, 0x00000000c5400000| Untracked 
|  85|0x00000000c5500000, 0x00000000c5500000, 0x00000000c5600000|  0%| F|  |TAMS 0x00000000c5500000, 0x00000000c5500000| Untracked 
|  86|0x00000000c5600000, 0x00000000c5600000, 0x00000000c5700000|  0%| F|  |TAMS 0x00000000c5600000, 0x00000000c5600000| Untracked 
|  87|0x00000000c5700000, 0x00000000c5700000, 0x00000000c5800000|  0%| F|  |TAMS 0x00000000c5700000, 0x00000000c5700000| Untracked 
|  88|0x00000000c5800000, 0x00000000c5800000, 0x00000000c5900000|  0%| F|  |TAMS 0x00000000c5800000, 0x00000000c5800000| Untracked 
|  89|0x00000000c5900000, 0x00000000c5900000, 0x00000000c5a00000|  0%| F|  |TAMS 0x00000000c5900000, 0x00000000c5900000| Untracked 
|  90|0x00000000c5a00000, 0x00000000c5a00000, 0x00000000c5b00000|  0%| F|  |TAMS 0x00000000c5a00000, 0x00000000c5a00000| Untracked 
|  91|0x00000000c5b00000, 0x00000000c5b00000, 0x00000000c5c00000|  0%| F|  |TAMS 0x00000000c5b00000, 0x00000000c5b00000| Untracked 
|  92|0x00000000c5c00000, 0x00000000c5c00000, 0x00000000c5d00000|  0%| F|  |TAMS 0x00000000c5c00000, 0x00000000c5c00000| Untracked 
|  93|0x00000000c5d00000, 0x00000000c5d00000, 0x00000000c5e00000|  0%| F|  |TAMS 0x00000000c5d00000, 0x00000000c5d00000| Untracked 
|  94|0x00000000c5e00000, 0x00000000c5e00000, 0x00000000c5f00000|  0%| F|  |TAMS 0x00000000c5e00000, 0x00000000c5e00000| Untracked 
|  95|0x00000000c5f00000, 0x00000000c5f00000, 0x00000000c6000000|  0%| F|  |TAMS 0x00000000c5f00000, 0x00000000c5f00000| Untracked 
|  96|0x00000000c6000000, 0x00000000c6000000, 0x00000000c6100000|  0%| F|  |TAMS 0x00000000c6000000, 0x00000000c6000000| Untracked 
|  97|0x00000000c6100000, 0x00000000c6100000, 0x00000000c6200000|  0%| F|  |TAMS 0x00000000c6100000, 0x00000000c6100000| Untracked 
|  98|0x00000000c6200000, 0x00000000c6200000, 0x00000000c6300000|  0%| F|  |TAMS 0x00000000c6200000, 0x00000000c6200000| Untracked 
|  99|0x00000000c6300000, 0x00000000c6300000, 0x00000000c6400000|  0%| F|  |TAMS 0x00000000c6300000, 0x00000000c6300000| Untracked 
| 100|0x00000000c6400000, 0x00000000c6400000, 0x00000000c6500000|  0%| F|  |TAMS 0x00000000c6400000, 0x00000000c6400000| Untracked 
| 101|0x00000000c6500000, 0x00000000c6500000, 0x00000000c6600000|  0%| F|  |TAMS 0x00000000c6500000, 0x00000000c6500000| Untracked 
| 102|0x00000000c6600000, 0x00000000c6600000, 0x00000000c6700000|  0%| F|  |TAMS 0x00000000c6600000, 0x00000000c6600000| Untracked 
| 103|0x00000000c6700000, 0x00000000c6700000, 0x00000000c6800000|  0%| F|  |TAMS 0x00000000c6700000, 0x00000000c6700000| Untracked 
| 104|0x00000000c6800000, 0x00000000c6800000, 0x00000000c6900000|  0%| F|  |TAMS 0x00000000c6800000, 0x00000000c6800000| Untracked 
| 105|0x00000000c6900000, 0x00000000c6900000, 0x00000000c6a00000|  0%| F|  |TAMS 0x00000000c6900000, 0x00000000c6900000| Untracked 
| 106|0x00000000c6a00000, 0x00000000c6a00000, 0x00000000c6b00000|  0%| F|  |TAMS 0x00000000c6a00000, 0x00000000c6a00000| Untracked 
| 107|0x00000000c6b00000, 0x00000000c6b00000, 0x00000000c6c00000|  0%| F|  |TAMS 0x00000000c6b00000, 0x00000000c6b00000| Untracked 
| 108|0x00000000c6c00000, 0x00000000c6c00000, 0x00000000c6d00000|  0%| F|  |TAMS 0x00000000c6c00000, 0x00000000c6c00000| Untracked 
| 109|0x00000000c6d00000, 0x00000000c6d00000, 0x00000000c6e00000|  0%| F|  |TAMS 0x00000000c6d00000, 0x00000000c6d00000| Untracked 
| 110|0x00000000c6e00000, 0x00000000c6e00000, 0x00000000c6f00000|  0%| F|  |TAMS 0x00000000c6e00000, 0x00000000c6e00000| Untracked 
| 111|0x00000000c6f00000, 0x00000000c6f00000, 0x00000000c7000000|  0%| F|  |TAMS 0x00000000c6f00000, 0x00000000c6f00000| Untracked 
| 112|0x00000000c7000000, 0x00000000c7000000, 0x00000000c7100000|  0%| F|  |TAMS 0x00000000c7000000, 0x00000000c7000000| Untracked 
| 113|0x00000000c7100000, 0x00000000c7100000, 0x00000000c7200000|  0%| F|  |TAMS 0x00000000c7100000, 0x00000000c7100000| Untracked 
| 114|0x00000000c7200000, 0x00000000c7200000, 0x00000000c7300000|  0%| F|  |TAMS 0x00000000c7200000, 0x00000000c7200000| Untracked 
| 115|0x00000000c7300000, 0x00000000c7300000, 0x00000000c7400000|  0%| F|  |TAMS 0x00000000c7300000, 0x00000000c7300000| Untracked 
| 116|0x00000000c7400000, 0x00000000c7400000, 0x00000000c7500000|  0%| F|  |TAMS 0x00000000c7400000, 0x00000000c7400000| Untracked 
| 117|0x00000000c7500000, 0x00000000c7500000, 0x00000000c7600000|  0%| F|  |TAMS 0x00000000c7500000, 0x00000000c7500000| Untracked 
| 118|0x00000000c7600000, 0x00000000c7600000, 0x00000000c7700000|  0%| F|  |TAMS 0x00000000c7600000, 0x00000000c7600000| Untracked 
| 119|0x00000000c7700000, 0x00000000c7700000, 0x00000000c7800000|  0%| F|  |TAMS 0x00000000c7700000, 0x00000000c7700000| Untracked 
| 120|0x00000000c7800000, 0x00000000c7900000, 0x00000000c7900000|100%| S|CS|TAMS 0x00000000c7800000, 0x00000000c7800000| Complete 
| 121|0x00000000c7900000, 0x00000000c7a00000, 0x00000000c7a00000|100%| S|CS|TAMS 0x00000000c7900000, 0x00000000c7900000| Complete 
| 122|0x00000000c7a00000, 0x00000000c7b00000, 0x00000000c7b00000|100%| S|CS|TAMS 0x00000000c7a00000, 0x00000000c7a00000| Complete 
| 123|0x00000000c7b00000, 0x00000000c7c00000, 0x00000000c7c00000|100%| S|CS|TAMS 0x00000000c7b00000, 0x00000000c7b00000| Complete 
| 124|0x00000000c7c00000, 0x00000000c7d00000, 0x00000000c7d00000|100%| S|CS|TAMS 0x00000000c7c00000, 0x00000000c7c00000| Complete 
| 125|0x00000000c7d00000, 0x00000000c7e00000, 0x00000000c7e00000|100%| S|CS|TAMS 0x00000000c7d00000, 0x00000000c7d00000| Complete 
| 126|0x00000000c7e00000, 0x00000000c7e00000, 0x00000000c7f00000|  0%| F|  |TAMS 0x00000000c7e00000, 0x00000000c7e00000| Untracked 
| 127|0x00000000c7f00000, 0x00000000c7f00000, 0x00000000c8000000|  0%| F|  |TAMS 0x00000000c7f00000, 0x00000000c7f00000| Untracked 
| 128|0x00000000c8000000, 0x00000000c8000000, 0x00000000c8100000|  0%| F|  |TAMS 0x00000000c8000000, 0x00000000c8000000| Untracked 
| 129|0x00000000c8100000, 0x00000000c8100000, 0x00000000c8200000|  0%| F|  |TAMS 0x00000000c8100000, 0x00000000c8100000| Untracked 
| 130|0x00000000c8200000, 0x00000000c8200000, 0x00000000c8300000|  0%| F|  |TAMS 0x00000000c8200000, 0x00000000c8200000| Untracked 
| 131|0x00000000c8300000, 0x00000000c8300000, 0x00000000c8400000|  0%| F|  |TAMS 0x00000000c8300000, 0x00000000c8300000| Untracked 
| 132|0x00000000c8400000, 0x00000000c8400000, 0x00000000c8500000|  0%| F|  |TAMS 0x00000000c8400000, 0x00000000c8400000| Untracked 
| 133|0x00000000c8500000, 0x00000000c8500000, 0x00000000c8600000|  0%| F|  |TAMS 0x00000000c8500000, 0x00000000c8500000| Untracked 
| 134|0x00000000c8600000, 0x00000000c8600000, 0x00000000c8700000|  0%| F|  |TAMS 0x00000000c8600000, 0x00000000c8600000| Untracked 
| 135|0x00000000c8700000, 0x00000000c8700000, 0x00000000c8800000|  0%| F|  |TAMS 0x00000000c8700000, 0x00000000c8700000| Untracked 
| 136|0x00000000c8800000, 0x00000000c8800000, 0x00000000c8900000|  0%| F|  |TAMS 0x00000000c8800000, 0x00000000c8800000| Untracked 
| 137|0x00000000c8900000, 0x00000000c8900000, 0x00000000c8a00000|  0%| F|  |TAMS 0x00000000c8900000, 0x00000000c8900000| Untracked 
| 138|0x00000000c8a00000, 0x00000000c8a00000, 0x00000000c8b00000|  0%| F|  |TAMS 0x00000000c8a00000, 0x00000000c8a00000| Untracked 
| 139|0x00000000c8b00000, 0x00000000c8b00000, 0x00000000c8c00000|  0%| F|  |TAMS 0x00000000c8b00000, 0x00000000c8b00000| Untracked 
| 140|0x00000000c8c00000, 0x00000000c8c00000, 0x00000000c8d00000|  0%| F|  |TAMS 0x00000000c8c00000, 0x00000000c8c00000| Untracked 
| 141|0x00000000c8d00000, 0x00000000c8d00000, 0x00000000c8e00000|  0%| F|  |TAMS 0x00000000c8d00000, 0x00000000c8d00000| Untracked 
| 142|0x00000000c8e00000, 0x00000000c8e00000, 0x00000000c8f00000|  0%| F|  |TAMS 0x00000000c8e00000, 0x00000000c8e00000| Untracked 
| 143|0x00000000c8f00000, 0x00000000c8f00000, 0x00000000c9000000|  0%| F|  |TAMS 0x00000000c8f00000, 0x00000000c8f00000| Untracked 
| 144|0x00000000c9000000, 0x00000000c9000000, 0x00000000c9100000|  0%| F|  |TAMS 0x00000000c9000000, 0x00000000c9000000| Untracked 
| 145|0x00000000c9100000, 0x00000000c9118ed8, 0x00000000c9200000|  9%| E|  |TAMS 0x00000000c9100000, 0x00000000c9100000| Complete 
| 178|0x00000000cb200000, 0x00000000cb300000, 0x00000000cb300000|100%| O|  |TAMS 0x00000000cb300000, 0x00000000cb200000| Untracked 
| 189|0x00000000cbd00000, 0x00000000cbe00000, 0x00000000cbe00000|100%| O|  |TAMS 0x00000000cbe00000, 0x00000000cbd00000| Untracked 
| 190|0x00000000cbe00000, 0x00000000cbf00000, 0x00000000cbf00000|100%| O|  |TAMS 0x00000000cbf00000, 0x00000000cbe00000| Untracked 
| 191|0x00000000cbf00000, 0x00000000cc000000, 0x00000000cc000000|100%| O|  |TAMS 0x00000000cc000000, 0x00000000cbf00000| Untracked 
| 380|0x00000000d7c00000, 0x00000000d7d00000, 0x00000000d7d00000|100%| E|CS|TAMS 0x00000000d7c00000, 0x00000000d7c00000| Complete 
| 381|0x00000000d7d00000, 0x00000000d7e00000, 0x00000000d7e00000|100%| E|CS|TAMS 0x00000000d7d00000, 0x00000000d7d00000| Complete 
| 382|0x00000000d7e00000, 0x00000000d7f00000, 0x00000000d7f00000|100%| E|CS|TAMS 0x00000000d7e00000, 0x00000000d7e00000| Complete 
| 383|0x00000000d7f00000, 0x00000000d8000000, 0x00000000d8000000|100%| E|CS|TAMS 0x00000000d7f00000, 0x00000000d7f00000| Complete 
| 384|0x00000000d8000000, 0x00000000d8100000, 0x00000000d8100000|100%| E|CS|TAMS 0x00000000d8000000, 0x00000000d8000000| Complete 
| 385|0x00000000d8100000, 0x00000000d8200000, 0x00000000d8200000|100%| E|CS|TAMS 0x00000000d8100000, 0x00000000d8100000| Complete 
| 386|0x00000000d8200000, 0x00000000d82fff48, 0x00000000d8300000| 99%| E|  |TAMS 0x00000000d8200000, 0x00000000d8200000| Complete 
| 387|0x00000000d8300000, 0x00000000d8400000, 0x00000000d8400000|100%| E|CS|TAMS 0x00000000d8300000, 0x00000000d8300000| Complete 
| 415|0x00000000d9f00000, 0x00000000da000000, 0x00000000da000000|100%| E|CS|TAMS 0x00000000d9f00000, 0x00000000d9f00000| Complete 
| 416|0x00000000da000000, 0x00000000da100000, 0x00000000da100000|100%| E|CS|TAMS 0x00000000da000000, 0x00000000da000000| Complete 
| 417|0x00000000da100000, 0x00000000da200000, 0x00000000da200000|100%| E|CS|TAMS 0x00000000da100000, 0x00000000da100000| Complete 
| 418|0x00000000da200000, 0x00000000da300000, 0x00000000da300000|100%| E|CS|TAMS 0x00000000da200000, 0x00000000da200000| Complete 
| 419|0x00000000da300000, 0x00000000da400000, 0x00000000da400000|100%| E|CS|TAMS 0x00000000da300000, 0x00000000da300000| Complete 
| 420|0x00000000da400000, 0x00000000da500000, 0x00000000da500000|100%| E|CS|TAMS 0x00000000da400000, 0x00000000da400000| Complete 
| 421|0x00000000da500000, 0x00000000da600000, 0x00000000da600000|100%| E|CS|TAMS 0x00000000da500000, 0x00000000da500000| Complete 
| 422|0x00000000da600000, 0x00000000da700000, 0x00000000da700000|100%| E|CS|TAMS 0x00000000da600000, 0x00000000da600000| Complete 
| 423|0x00000000da700000, 0x00000000da800000, 0x00000000da800000|100%| E|CS|TAMS 0x00000000da700000, 0x00000000da700000| Complete 

Card table byte_map: [0x0000011de1080000,0x0000011de1280000] _byte_map_base: 0x0000011de0a80000

Marking Bits (Prev, Next): (CMBitMap*) 0x0000011dcc6c8f60, (CMBitMap*) 0x0000011dcc6c8fa0
 Prev Bits: [0x0000011de1480000, 0x0000011de2480000)
 Next Bits: [0x0000011de2480000, 0x0000011de3480000)

Polling page: 0x0000011dca520000

Metaspace:

Usage:
  Non-class:     23.35 MB used.
      Class:      2.59 MB used.
       Both:     25.94 MB used.

Virtual space:
  Non-class space:       64.00 MB reserved,      23.81 MB ( 37%) committed,  1 nodes.
      Class space:        1.00 GB reserved,       2.94 MB ( <1%) committed,  1 nodes.
             Both:        1.06 GB reserved,      26.75 MB (  2%) committed. 

Chunk freelists:
   Non-Class:  3.72 MB
       Class:  1.09 MB
        Both:  4.81 MB

MaxMetaspaceSize: unlimited
CompressedClassSpaceSize: 1.00 GB
Initial GC threshold: 21.00 MB
Current GC threshold: 44.06 MB
CDS: on
MetaspaceReclaimPolicy: balanced
 - commit_granule_bytes: 65536.
 - commit_granule_words: 8192.
 - virtual_space_node_default_size: 8388608.
 - enlarge_chunks_in_place: 1.
 - new_chunks_are_fully_committed: 0.
 - uncommit_free_chunks: 1.
 - use_allocation_guard: 0.


Internal statistics:

num_allocs_failed_limit: 3.
num_arena_births: 808.
num_arena_deaths: 76.
num_vsnodes_births: 2.
num_vsnodes_deaths: 0.
num_space_committed: 428.
num_space_uncommitted: 0.
num_chunks_returned_to_freelist: 106.
num_chunks_taken_from_freelist: 1886.
num_chunk_merges: 34.
num_chunk_splits: 1185.
num_chunks_enlarged: 711.
num_inconsistent_stats: 0.

CodeHeap 'non-profiled nmethods': size=120000Kb used=3038Kb max_used=3038Kb free=116961Kb
 bounds [0x0000011dd9620000, 0x0000011dd9920000, 0x0000011de0b50000]
CodeHeap 'profiled nmethods': size=120000Kb used=11132Kb max_used=11132Kb free=108867Kb
 bounds [0x0000011dd1b50000, 0x0000011dd2630000, 0x0000011dd9080000]
CodeHeap 'non-nmethods': size=5760Kb used=1356Kb max_used=1401Kb free=4403Kb
 bounds [0x0000011dd9080000, 0x0000011dd92f0000, 0x0000011dd9620000]
 total_blobs=5341 nmethods=4749 adapters=502
 compilation: enabled
              stopped_count=0, restarted_count=0
 full_count=0

Compilation events (20 events):
Event: 54.433 Thread 0x0000011de5f0dd80 nmethod 5507 0x0000011dd2622690 code [0x0000011dd26228e0, 0x0000011dd2623278]
Event: 54.433 Thread 0x0000011de5f0dd80 5511       3       org.eclipse.core.runtime.ListenerList$ListenerListIterator::next (39 bytes)
Event: 54.434 Thread 0x0000011de5f0dd80 nmethod 5511 0x0000011dd2623590 code [0x0000011dd2623740, 0x0000011dd2623988]
Event: 54.434 Thread 0x0000011de5f0dd80 5510       3       org.eclipse.core.internal.jobs.JobListeners::queueEvent (15 bytes)
Event: 54.434 Thread 0x0000011de5f0dd80 nmethod 5510 0x0000011dd2623a90 code [0x0000011dd2623c40, 0x0000011dd2623e28]
Event: 54.434 Thread 0x0000011de5f0dd80 5508       3       sun.util.calendar.CalendarDate::setYear (20 bytes)
Event: 54.434 Thread 0x0000011de5f0dd80 nmethod 5508 0x0000011dd2623f10 code [0x0000011dd26240a0, 0x0000011dd26241f8]
Event: 54.543 Thread 0x0000011ded772280 nmethod 5509 0x0000011dd9912b90 code [0x0000011dd9912e60, 0x0000011dd9915d20]
Event: 54.543 Thread 0x0000011ded772280 5513       4       sun.nio.fs.WindowsFileAttributes::<init> (57 bytes)
Event: 54.544 Thread 0x0000011ded772280 nmethod 5513 0x0000011dd9917310 code [0x0000011dd9917480, 0x0000011dd9917538]
Event: 54.544 Thread 0x0000011ded772280 5512       4       sun.nio.fs.WindowsPath$WindowsPathWithAttributes::getFileSystem (5 bytes)
Event: 54.545 Thread 0x0000011ded772280 nmethod 5512 0x0000011dd9917610 code [0x0000011dd9917780, 0x0000011dd99177f8]
Event: 54.594 Thread 0x0000011de5f0dd80 5514       3       java.net.URI::normalizedHash (84 bytes)
Event: 54.594 Thread 0x0000011ded772280 5515 % !   4       org.python.pydev.shared_core.partitioner.FastPartitioner::initialize @ 45 (128 bytes)
Event: 54.597 Thread 0x0000011de5f0dd80 nmethod 5514 0x0000011dd2624290 code [0x0000011dd2624520, 0x0000011dd26252f8]
Event: 54.604 Thread 0x0000011de5f0dd80 5516       3       java.io.PrintStream::ensureOpen (18 bytes)
Event: 54.604 Thread 0x0000011de5f0dd80 nmethod 5516 0x0000011dd2625890 code [0x0000011dd2625a40, 0x0000011dd2625c48]
Event: 54.615 Thread 0x0000011de5f0dd80 5517       3       java.util.Calendar::isFieldSet (14 bytes)
Event: 54.615 Thread 0x0000011de5f0dd80 nmethod 5517 0x0000011dd2625d10 code [0x0000011dd2625ea0, 0x0000011dd2625ff8]
Event: 54.757 Thread 0x0000011de5f0dd80 5521   !   3       org.python.pydev.ast.listing_utils.PyFileListing::getPyFilesBelowDirectory (482 bytes)

GC Heap History (20 events):
Event: 3.948 GC heap before
{Heap before GC invocations=20 (full 0):
 garbage-first heap   total 434176K, used 191544K [0x00000000c0000000, 0x0000000100000000)
  region size 1024K, 2 young (2048K), 1 survivors (1024K)
 Metaspace       used 12843K, committed 13312K, reserved 1114112K
  class space    used 1281K, committed 1472K, reserved 1048576K
}
Event: 3.949 GC heap after
{Heap after GC invocations=21 (full 0):
 garbage-first heap   total 434176K, used 13366K [0x00000000c0000000, 0x0000000100000000)
  region size 1024K, 1 young (1024K), 1 survivors (1024K)
 Metaspace       used 12843K, committed 13312K, reserved 1114112K
  class space    used 1281K, committed 1472K, reserved 1048576K
}
Event: 16.837 GC heap before
{Heap before GC invocations=21 (full 0):
 garbage-first heap   total 434176K, used 338998K [0x00000000c0000000, 0x0000000100000000)
  region size 1024K, 254 young (260096K), 1 survivors (1024K)
 Metaspace       used 20585K, committed 21248K, reserved 1114112K
  class space    used 2136K, committed 2432K, reserved 1048576K
}
Event: 16.863 GC heap after
{Heap after GC invocations=22 (full 0):
 garbage-first heap   total 434176K, used 37982K [0x00000000c0000000, 0x0000000100000000)
  region size 1024K, 31 young (31744K), 31 survivors (31744K)
 Metaspace       used 20585K, committed 21248K, reserved 1114112K
  class space    used 2136K, committed 2432K, reserved 1048576K
}
Event: 20.340 GC heap before
{Heap before GC invocations=22 (full 0):
 garbage-first heap   total 434176K, used 73822K [0x00000000c0000000, 0x0000000100000000)
  region size 1024K, 67 young (68608K), 31 survivors (31744K)
 Metaspace       used 20801K, committed 21504K, reserved 1114112K
  class space    used 2164K, committed 2496K, reserved 1048576K
}
Event: 20.369 GC heap after
{Heap after GC invocations=23 (full 0):
 garbage-first heap   total 434176K, used 41381K [0x00000000c0000000, 0x0000000100000000)
  region size 1024K, 8 young (8192K), 8 survivors (8192K)
 Metaspace       used 20801K, committed 21504K, reserved 1114112K
  class space    used 2164K, committed 2496K, reserved 1048576K
}
Event: 23.194 GC heap before
{Heap before GC invocations=24 (full 0):
 garbage-first heap   total 171008K, used 70053K [0x00000000c0000000, 0x0000000100000000)
  region size 1024K, 37 young (37888K), 8 survivors (8192K)
 Metaspace       used 20812K, committed 21568K, reserved 1114112K
  class space    used 2164K, committed 2496K, reserved 1048576K
}
Event: 23.207 GC heap after
{Heap after GC invocations=25 (full 0):
 garbage-first heap   total 171008K, used 45937K [0x00000000c0000000, 0x0000000100000000)
  region size 1024K, 5 young (5120K), 5 survivors (5120K)
 Metaspace       used 20812K, committed 21568K, reserved 1114112K
  class space    used 2164K, committed 2496K, reserved 1048576K
}
Event: 23.684 GC heap before
{Heap before GC invocations=25 (full 0):
 garbage-first heap   total 171008K, used 49009K [0x00000000c0000000, 0x0000000100000000)
  region size 1024K, 8 young (8192K), 5 survivors (5120K)
 Metaspace       used 20812K, committed 21568K, reserved 1114112K
  class space    used 2164K, committed 2496K, reserved 1048576K
}
Event: 23.690 GC heap after
{Heap after GC invocations=26 (full 0):
 garbage-first heap   total 171008K, used 46770K [0x00000000c0000000, 0x0000000100000000)
  region size 1024K, 1 young (1024K), 1 survivors (1024K)
 Metaspace       used 20812K, committed 21568K, reserved 1114112K
  class space    used 2164K, committed 2496K, reserved 1048576K
}
Event: 33.086 GC heap before
{Heap before GC invocations=26 (full 0):
 garbage-first heap   total 171008K, used 124594K [0x00000000c0000000, 0x0000000100000000)
  region size 1024K, 78 young (79872K), 1 survivors (1024K)
 Metaspace       used 20812K, committed 21568K, reserved 1114112K
  class space    used 2164K, committed 2496K, reserved 1048576K
}
Event: 33.096 GC heap after
{Heap after GC invocations=27 (full 0):
 garbage-first heap   total 171008K, used 49111K [0x00000000c0000000, 0x0000000100000000)
  region size 1024K, 4 young (4096K), 4 survivors (4096K)
 Metaspace       used 20812K, committed 21568K, reserved 1114112K
  class space    used 2164K, committed 2496K, reserved 1048576K
}
Event: 46.453 GC heap before
{Heap before GC invocations=27 (full 0):
 garbage-first heap   total 171008K, used 130007K [0x00000000c0000000, 0x0000000100000000)
  region size 1024K, 83 young (84992K), 4 survivors (4096K)
 Metaspace       used 21139K, committed 21888K, reserved 1114112K
  class space    used 2202K, committed 2560K, reserved 1048576K
}
Event: 46.456 GC heap after
{Heap after GC invocations=28 (full 0):
 garbage-first heap   total 171008K, used 47266K [0x00000000c0000000, 0x0000000100000000)
  region size 1024K, 2 young (2048K), 2 survivors (2048K)
 Metaspace       used 21139K, committed 21888K, reserved 1114112K
  class space    used 2202K, committed 2560K, reserved 1048576K
}
Event: 50.855 GC heap before
{Heap before GC invocations=28 (full 0):
 garbage-first heap   total 171008K, used 133282K [0x00000000c0000000, 0x0000000100000000)
  region size 1024K, 87 young (89088K), 2 survivors (2048K)
 Metaspace       used 24529K, committed 25344K, reserved 1114112K
  class space    used 2464K, committed 2816K, reserved 1048576K
}
Event: 50.891 GC heap after
{Heap after GC invocations=29 (full 0):
 garbage-first heap   total 171008K, used 68825K [0x00000000c0000000, 0x0000000100000000)
  region size 1024K, 11 young (11264K), 11 survivors (11264K)
 Metaspace       used 24529K, committed 25344K, reserved 1114112K
  class space    used 2464K, committed 2816K, reserved 1048576K
}
Event: 51.682 GC heap before
{Heap before GC invocations=29 (full 0):
 garbage-first heap   total 171008K, used 125145K [0x00000000c0000000, 0x0000000100000000)
  region size 1024K, 67 young (68608K), 11 survivors (11264K)
 Metaspace       used 25263K, committed 26048K, reserved 1114112K
  class space    used 2541K, committed 2880K, reserved 1048576K
}
Event: 51.707 GC heap after
{Heap after GC invocations=30 (full 0):
 garbage-first heap   total 171008K, used 88064K [0x00000000c0000000, 0x0000000100000000)
  region size 1024K, 9 young (9216K), 9 survivors (9216K)
 Metaspace       used 25263K, committed 26048K, reserved 1114112K
  class space    used 2541K, committed 2880K, reserved 1048576K
}
Event: 52.670 GC heap before
{Heap before GC invocations=30 (full 0):
 garbage-first heap   total 171008K, used 124928K [0x00000000c0000000, 0x0000000100000000)
  region size 1024K, 46 young (47104K), 9 survivors (9216K)
 Metaspace       used 26260K, committed 27072K, reserved 1114112K
  class space    used 2620K, committed 2944K, reserved 1048576K
}
Event: 52.686 GC heap after
{Heap after GC invocations=31 (full 0):
 garbage-first heap   total 171008K, used 95834K [0x00000000c0000000, 0x0000000100000000)
  region size 1024K, 6 young (6144K), 6 survivors (6144K)
 Metaspace       used 26260K, committed 27072K, reserved 1114112K
  class space    used 2620K, committed 2944K, reserved 1048576K
}

Dll operation events (10 events):
Event: 0.017 Loaded shared library C:\Users\ranij\.pydev_vscode\java19\jdk-19.0.2+7-jre\bin\java.dll
Event: 0.036 Loaded shared library C:\Users\ranij\.pydev_vscode\java19\jdk-19.0.2+7-jre\bin\jsvml.dll
Event: 0.174 Loaded shared library C:\Users\ranij\.pydev_vscode\java19\jdk-19.0.2+7-jre\bin\net.dll
Event: 0.178 Loaded shared library C:\Users\ranij\.pydev_vscode\java19\jdk-19.0.2+7-jre\bin\nio.dll
Event: 0.189 Loaded shared library C:\Users\ranij\.pydev_vscode\java19\jdk-19.0.2+7-jre\bin\zip.dll
Event: 0.341 Loaded shared library C:\Users\ranij\.pydev_vscode\java19\jdk-19.0.2+7-jre\bin\jimage.dll
Event: 1.551 Loaded shared library C:\Users\ranij\.vscode\extensions\fabioz.vscode-pydev-0.16.0\server\plugins\org.eclipse.equinox.launcher.win32.win32.x86_64_1.2.900.v20240213-1244\eclipse_11900.dll
Event: 4.151 Loaded shared library C:\Users\ranij\.vscode\extensions\fabioz.vscode-pydev-0.16.0\server\config_win\org.eclipse.osgi\13\0\.cp\os\win32\x86_64\localfile_1_0_0.dll
Event: 4.378 Loaded shared library C:\Users\ranij\.vscode\extensions\fabioz.vscode-pydev-0.16.0\server\config_win\org.eclipse.osgi\16\0\.cp\os\win32\x86_64\win32refresh.dll
Event: 51.957 Loaded shared library C:\Users\ranij\.pydev_vscode\java19\jdk-19.0.2+7-jre\bin\extnet.dll

Deoptimization events (20 events):
Event: 54.028 Thread 0x0000011deb25a820 DEOPT PACKING pc=0x0000011dd96f05bc sp=0x000000182ccfec80
Event: 54.028 Thread 0x0000011deb25a820 DEOPT UNPACKING pc=0x0000011dd90e6da3 sp=0x000000182ccfec40 mode 2
Event: 54.254 Thread 0x0000011deb258840 Uncommon trap: trap_request=0xffffffbe fr.pc=0x0000011dd971cb6c relative=0x00000000000005cc
Event: 54.254 Thread 0x0000011deb258840 Uncommon trap: reason=profile_predicate action=maybe_recompile pc=0x0000011dd971cb6c method=org.eclipse.jface.text.DefaultLineTracker.nextDelimiterInfo(Ljava/lang/String;I)Lorg/eclipse/jface/text/AbstractLineTracker$DelimiterInfo; @ 162 c2
Event: 54.254 Thread 0x0000011deb258840 DEOPT PACKING pc=0x0000011dd971cb6c sp=0x000000182bdfe820
Event: 54.254 Thread 0x0000011deb258840 DEOPT UNPACKING pc=0x0000011dd90e6da3 sp=0x000000182bdfe760 mode 2
Event: 54.254 Thread 0x0000011deb258840 Uncommon trap: trap_request=0xffffffbe fr.pc=0x0000011dd971cb6c relative=0x00000000000005cc
Event: 54.254 Thread 0x0000011deb258840 Uncommon trap: reason=profile_predicate action=maybe_recompile pc=0x0000011dd971cb6c method=org.eclipse.jface.text.DefaultLineTracker.nextDelimiterInfo(Ljava/lang/String;I)Lorg/eclipse/jface/text/AbstractLineTracker$DelimiterInfo; @ 162 c2
Event: 54.254 Thread 0x0000011deb258840 DEOPT PACKING pc=0x0000011dd971cb6c sp=0x000000182bdfe820
Event: 54.254 Thread 0x0000011deb258840 DEOPT UNPACKING pc=0x0000011dd90e6da3 sp=0x000000182bdfe760 mode 2
Event: 54.254 Thread 0x0000011deb258840 Uncommon trap: trap_request=0xffffffbe fr.pc=0x0000011dd971cb6c relative=0x00000000000005cc
Event: 54.254 Thread 0x0000011deb258840 Uncommon trap: reason=profile_predicate action=maybe_recompile pc=0x0000011dd971cb6c method=org.eclipse.jface.text.DefaultLineTracker.nextDelimiterInfo(Ljava/lang/String;I)Lorg/eclipse/jface/text/AbstractLineTracker$DelimiterInfo; @ 162 c2
Event: 54.254 Thread 0x0000011deb258840 DEOPT PACKING pc=0x0000011dd971cb6c sp=0x000000182bdfe820
Event: 54.254 Thread 0x0000011deb258840 DEOPT UNPACKING pc=0x0000011dd90e6da3 sp=0x000000182bdfe760 mode 2
Event: 54.254 Thread 0x0000011deb258840 Uncommon trap: trap_request=0xffffffbe fr.pc=0x0000011dd971cb6c relative=0x00000000000005cc
Event: 54.254 Thread 0x0000011deb258840 Uncommon trap: reason=profile_predicate action=maybe_recompile pc=0x0000011dd971cb6c method=org.eclipse.jface.text.DefaultLineTracker.nextDelimiterInfo(Ljava/lang/String;I)Lorg/eclipse/jface/text/AbstractLineTracker$DelimiterInfo; @ 162 c2
Event: 54.254 Thread 0x0000011deb258840 DEOPT PACKING pc=0x0000011dd971cb6c sp=0x000000182bdfe820
Event: 54.254 Thread 0x0000011deb258840 DEOPT UNPACKING pc=0x0000011dd90e6da3 sp=0x000000182bdfe760 mode 2
Event: 54.430 Thread 0x0000011deb25d2a0 DEOPT PACKING pc=0x0000011dd2290e4e sp=0x000000182c7fe580
Event: 54.430 Thread 0x0000011deb25d2a0 DEOPT UNPACKING pc=0x0000011dd90e7543 sp=0x000000182c7fda88 mode 0

Classes loaded (20 events):
Event: 51.967 Loading class java/net/SocketOptions
Event: 51.967 Loading class java/net/SocketOptions done
Event: 51.967 Loading class java/net/SocketImpl done
Event: 51.967 Loading class sun/nio/ch/DummySocketImpl done
Event: 52.456 Loading class java/util/TreeMap$AscendingSubMap
Event: 52.467 Loading class java/util/TreeMap$NavigableSubMap
Event: 52.471 Loading class java/util/TreeMap$NavigableSubMap done
Event: 52.471 Loading class java/util/TreeMap$AscendingSubMap done
Event: 52.472 Loading class java/util/AbstractMap$2
Event: 52.485 Loading class java/util/AbstractMap$2 done
Event: 52.485 Loading class java/util/AbstractMap$2$1
Event: 52.485 Loading class java/util/AbstractMap$2$1 done
Event: 52.485 Loading class java/util/TreeMap$AscendingSubMap$AscendingEntrySetView
Event: 52.488 Loading class java/util/TreeMap$NavigableSubMap$EntrySetView
Event: 52.493 Loading class java/util/TreeMap$NavigableSubMap$EntrySetView done
Event: 52.493 Loading class java/util/TreeMap$AscendingSubMap$AscendingEntrySetView done
Event: 52.502 Loading class java/util/TreeMap$NavigableSubMap$SubMapEntryIterator
Event: 52.502 Loading class java/util/TreeMap$NavigableSubMap$SubMapIterator
Event: 52.502 Loading class java/util/TreeMap$NavigableSubMap$SubMapIterator done
Event: 52.502 Loading class java/util/TreeMap$NavigableSubMap$SubMapEntryIterator done

Classes unloaded (20 events):
Event: 52.798 Thread 0x0000011de5ea82f0 Unloading class 0x0000000800ea9800 'java/lang/invoke/LambdaForm$MH+0x0000000800ea9800'
Event: 52.798 Thread 0x0000011de5ea82f0 Unloading class 0x0000000800ea9000 'java/lang/invoke/LambdaForm$MH+0x0000000800ea9000'
Event: 52.799 Thread 0x0000011de5ea82f0 Unloading class 0x0000000800ea8c00 'java/lang/invoke/LambdaForm$MH+0x0000000800ea8c00'
Event: 52.799 Thread 0x0000011de5ea82f0 Unloading class 0x0000000800ea8400 'java/lang/invoke/LambdaForm$MH+0x0000000800ea8400'
Event: 52.799 Thread 0x0000011de5ea82f0 Unloading class 0x0000000800ea8000 'java/lang/invoke/LambdaForm$MH+0x0000000800ea8000'
Event: 52.799 Thread 0x0000011de5ea82f0 Unloading class 0x0000000800ea7c00 'java/lang/invoke/LambdaForm$MH+0x0000000800ea7c00'
Event: 52.799 Thread 0x0000011de5ea82f0 Unloading class 0x0000000800ea7800 'java/lang/invoke/LambdaForm$MH+0x0000000800ea7800'
Event: 52.799 Thread 0x0000011de5ea82f0 Unloading class 0x0000000800ea7000 'java/lang/invoke/LambdaForm$MH+0x0000000800ea7000'
Event: 52.799 Thread 0x0000011de5ea82f0 Unloading class 0x0000000800ea6c00 'java/lang/invoke/LambdaForm$MH+0x0000000800ea6c00'
Event: 52.799 Thread 0x0000011de5ea82f0 Unloading class 0x0000000800ea6800 'java/lang/invoke/LambdaForm$MH+0x0000000800ea6800'
Event: 52.799 Thread 0x0000011de5ea82f0 Unloading class 0x0000000800ea6400 'java/lang/invoke/LambdaForm$MH+0x0000000800ea6400'
Event: 52.799 Thread 0x0000011de5ea82f0 Unloading class 0x0000000800ea6000 'java/lang/invoke/LambdaForm$MH+0x0000000800ea6000'
Event: 52.799 Thread 0x0000011de5ea82f0 Unloading class 0x0000000800ea5c00 'java/lang/invoke/LambdaForm$MH+0x0000000800ea5c00'
Event: 52.799 Thread 0x0000011de5ea82f0 Unloading class 0x0000000800ea5400 'java/lang/invoke/LambdaForm$MH+0x0000000800ea5400'
Event: 52.799 Thread 0x0000011de5ea82f0 Unloading class 0x0000000800ea5000 'java/lang/invoke/LambdaForm$MH+0x0000000800ea5000'
Event: 52.799 Thread 0x0000011de5ea82f0 Unloading class 0x0000000800ea4c00 'java/lang/invoke/LambdaForm$MH+0x0000000800ea4c00'
Event: 52.799 Thread 0x0000011de5ea82f0 Unloading class 0x0000000800ea4800 'java/lang/invoke/LambdaForm$MH+0x0000000800ea4800'
Event: 52.799 Thread 0x0000011de5ea82f0 Unloading class 0x0000000800ea4000 'java/lang/invoke/LambdaForm$MH+0x0000000800ea4000'
Event: 52.799 Thread 0x0000011de5ea82f0 Unloading class 0x0000000800e90800 'java/lang/invoke/LambdaForm$MH+0x0000000800e90800'
Event: 52.799 Thread 0x0000011de5ea82f0 Unloading class 0x0000000800e90000 'java/lang/invoke/LambdaForm$MH+0x0000000800e90000'

Classes redefined (0 events):
No events

Internal exceptions (20 events):
Event: 47.443 Thread 0x0000011deb256db0 Exception <a 'java/io/FileNotFoundException'{0x00000000d7dc7618}> (0x00000000d7dc7618) 
thrown [s\src\hotspot\share\prims\jni.cpp, line 517]
Event: 47.444 Thread 0x0000011deb256db0 Exception <a 'java/io/FileNotFoundException'{0x00000000d7dc8360}> (0x00000000d7dc8360) 
thrown [s\src\hotspot\share\prims\jni.cpp, line 517]
Event: 47.507 Thread 0x0000011deb256db0 Implicit null exception at 0x0000011dd97cab5c to 0x0000011dd97cd37c
Event: 47.957 Thread 0x0000011deb25d7f0 Exception <a 'java/lang/NoSuchMethodError'{0x00000000d7ca00b8}: 'int java.lang.invoke.Invokers$Holder.invokeExact_MT(java.lang.Object, java.lang.Object)'> (0x00000000d7ca00b8) 
thrown [s\src\hotspot\share\interpreter\linkResolver.cpp, line 774]
Event: 47.957 Thread 0x0000011deb25b810 Exception <a 'java/lang/NoSuchMethodError'{0x00000000c8ce3ba0}: 'int java.lang.invoke.Invokers$Holder.invokeExact_MT(java.lang.Object, java.lang.Object)'> (0x00000000c8ce3ba0) 
thrown [s\src\hotspot\share\interpreter\linkResolver.cpp, line 774]
Event: 47.957 Thread 0x0000011deb25c2b0 Exception <a 'java/lang/NoSuchMethodError'{0x00000000c8b01b30}: 'int java.lang.invoke.Invokers$Holder.invokeExact_MT(java.lang.Object, java.lang.Object)'> (0x00000000c8b01b30) 
thrown [s\src\hotspot\share\interpreter\linkResolver.cpp, line 774]
Event: 47.988 Thread 0x0000011deb25c2b0 Exception <a 'java/lang/ArrayIndexOutOfBoundsException'{0x00000000c8b22f88}> (0x00000000c8b22f88) 
thrown [s\src\hotspot\share\runtime\sharedRuntime.cpp, line 630]
Event: 48.011 Thread 0x0000011deb25d7f0 Exception <a 'java/lang/ArrayIndexOutOfBoundsException'{0x00000000c8b61948}> (0x00000000c8b61948) 
thrown [s\src\hotspot\share\runtime\sharedRuntime.cpp, line 630]
Event: 48.077 Thread 0x0000011deb25a820 Exception <a 'java/lang/ArrayIndexOutOfBoundsException'{0x00000000c8ca5578}: Index 2424 out of bounds for length 2424> (0x00000000c8ca5578) 
thrown [s\src\hotspot\share\interpreter\interpreterRuntime.cpp, line 432]
Event: 50.511 Thread 0x0000011deb25bd60 Exception <a 'java/io/FileNotFoundException'{0x00000000c7207d50}> (0x00000000c7207d50) 
thrown [s\src\hotspot\share\prims\jni.cpp, line 517]
Event: 50.514 Thread 0x0000011deb25bd60 Exception <a 'java/io/FileNotFoundException'{0x00000000c72092a0}> (0x00000000c72092a0) 
thrown [s\src\hotspot\share\prims\jni.cpp, line 517]
Event: 50.517 Thread 0x0000011deb25bd60 Exception <a 'java/lang/NoSuchMethodError'{0x00000000c7211328}: 'void java.lang.invoke.DirectMethodHandle$Holder.invokeStaticInit(java.lang.Object, java.lang.Object, java.lang.Object)'> (0x00000000c7211328) 
thrown [s\src\hotspot\share\interpreter\linkResolver.cpp, line 774]
Event: 51.419 Thread 0x0000011deb258d90 Exception <a 'java/lang/NoSuchMethodError'{0x00000000c7f0a528}: 'long java.lang.invoke.DirectMethodHandle$Holder.invokeSpecial(java.lang.Object, java.lang.Object)'> (0x00000000c7f0a528) 
thrown [s\src\hotspot\share\interpreter\linkResolver.cpp, line 774]
Event: 51.419 Thread 0x0000011deb25ad70 Exception <a 'java/lang/NoSuchMethodError'{0x00000000c8066530}: 'long java.lang.invoke.DirectMethodHandle$Holder.invokeSpecial(java.lang.Object, java.lang.Object)'> (0x00000000c8066530) 
thrown [s\src\hotspot\share\interpreter\linkResolver.cpp, line 774]
Event: 51.420 Thread 0x0000011deb25d2a0 Exception <a 'java/lang/NoSuchMethodError'{0x00000000c80ece50}: 'long java.lang.invoke.DirectMethodHandle$Holder.invokeSpecial(java.lang.Object, java.lang.Object)'> (0x00000000c80ece50) 
thrown [s\src\hotspot\share\interpreter\linkResolver.cpp, line 774]
Event: 51.421 Thread 0x0000011deb258d90 Exception <a 'java/lang/NoSuchMethodError'{0x00000000c7f0de30}: 'long java.lang.invoke.Invokers$Holder.invokeExact_MT(java.lang.Object, java.lang.Object)'> (0x00000000c7f0de30) 
thrown [s\src\hotspot\share\interpreter\linkResolver.cpp, line 774]
Event: 51.421 Thread 0x0000011deb25d2a0 Exception <a 'java/lang/NoSuchMethodError'{0x00000000c80f05a8}: 'long java.lang.invoke.Invokers$Holder.invokeExact_MT(java.lang.Object, java.lang.Object)'> (0x00000000c80f05a8) 
thrown [s\src\hotspot\share\interpreter\linkResolver.cpp, line 774]
Event: 51.422 Thread 0x0000011deb25ad70 Exception <a 'java/lang/NoSuchMethodError'{0x00000000c7a83430}: 'long java.lang.invoke.Invokers$Holder.invokeExact_MT(java.lang.Object, java.lang.Object)'> (0x00000000c7a83430) 
thrown [s\src\hotspot\share\interpreter\linkResolver.cpp, line 774]
Event: 52.241 Thread 0x0000011deb257300 Implicit null exception at 0x0000011dd96c6ab8 to 0x0000011dd96c8c54
Event: 52.796 Thread 0x0000011deb257300 Implicit null exception at 0x0000011dd9762413 to 0x0000011dd9766034

VM Operations (20 events):
Event: 50.896 Executing VM operation: G1CollectForAllocation done
Event: 51.648 Executing VM operation: G1CollectForAllocation
Event: 51.682 Executing VM operation: G1CollectForAllocation done
Event: 51.682 Executing VM operation: G1CollectForAllocation
Event: 51.723 Executing VM operation: G1CollectForAllocation done
Event: 51.923 Executing VM operation: HandshakeAllThreads
Event: 51.941 Executing VM operation: HandshakeAllThreads done
Event: 52.416 Executing VM operation: ICBufferFull
Event: 52.460 Executing VM operation: ICBufferFull done
Event: 52.601 Executing VM operation: HandshakeAllThreads
Event: 52.624 Executing VM operation: HandshakeAllThreads done
Event: 52.655 Executing VM operation: G1CollectForAllocation
Event: 52.713 Executing VM operation: G1CollectForAllocation done
Event: 52.797 Executing VM operation: G1PauseRemark
Event: 52.835 Executing VM operation: G1PauseRemark done
Event: 52.902 Executing VM operation: G1PauseCleanup
Event: 52.913 Executing VM operation: G1PauseCleanup done
Event: 53.913 Executing VM operation: Cleanup
Event: 53.934 Executing VM operation: Cleanup done
Event: 54.934 Executing VM operation: Cleanup

Events (20 events):
Event: 50.899 Thread 0x0000011de5ed5700 flushing nmethod 0x0000011dd23baa90
Event: 50.899 Thread 0x0000011de5ed5700 flushing nmethod 0x0000011dd23bb010
Event: 50.899 Thread 0x0000011de5ed5700 flushing nmethod 0x0000011dd23bb590
Event: 50.901 Thread 0x0000011de5ed5700 flushing nmethod 0x0000011dd248a090
Event: 50.901 Thread 0x0000011de5ed5700 flushing nmethod 0x0000011dd24a4190
Event: 50.949 Thread 0x0000011deab708b0 Thread added: 0x0000011deab708b0
Event: 51.245 Thread 0x0000011deab708b0 Thread exited: 0x0000011deab708b0
Event: 51.967 Thread 0x0000011deb25dd40 Thread exited: 0x0000011deb25dd40
Event: 52.093 Thread 0x0000011deab708b0 Thread added: 0x0000011deab708b0
Event: 52.093 Thread 0x0000011deab70e00 Thread added: 0x0000011deab70e00
Event: 52.626 Thread 0x0000011de5ed5700 flushing nmethod 0x0000011dd9812a10
Event: 52.627 Thread 0x0000011de5ed5700 flushing nmethod 0x0000011dd1b53510
Event: 52.634 Thread 0x0000011de5ed5700 flushing nmethod 0x0000011dd2011990
Event: 52.638 Thread 0x0000011de5ed5700 flushing nmethod 0x0000011dd23bd210
Event: 52.638 Thread 0x0000011de5ed5700 flushing nmethod 0x0000011dd23bd810
Event: 52.640 Thread 0x0000011de5ed5700 flushing nmethod 0x0000011dd24adf90
Event: 53.783 Thread 0x0000011deab72de0 Thread added: 0x0000011deab72de0
Event: 53.841 Thread 0x0000011deab72de0 Thread exited: 0x0000011deab72de0
Event: 54.336 Thread 0x0000011deab72340 Thread added: 0x0000011deab72340
Event: 54.428 Thread 0x0000011deab72340 Thread exited: 0x0000011deab72340


Dynamic libraries:
0x00007ff75ca60000 - 0x00007ff75ca6e000 	C:\Users\ranij\.pydev_vscode\java19\jdk-19.0.2+7-jre\bin\java.exe
0x00007ffa60900000 - 0x00007ffa60b67000 	C:\WINDOWS\SYSTEM32\ntdll.dll
0x00007ffa5fc00000 - 0x00007ffa5fcc9000 	C:\WINDOWS\System32\KERNEL32.DLL
0x00007ffa5e080000 - 0x00007ffa5e471000 	C:\WINDOWS\System32\KERNELBASE.dll
0x00007ffa5d6c0000 - 0x00007ffa5d80b000 	C:\WINDOWS\System32\ucrtbase.dll
0x00007ffa07780000 - 0x00007ffa07799000 	C:\Users\ranij\.pydev_vscode\java19\jdk-19.0.2+7-jre\bin\VCRUNTIME140.dll
0x00007ff9f2360000 - 0x00007ff9f2377000 	C:\Users\ranij\.pydev_vscode\java19\jdk-19.0.2+7-jre\bin\jli.dll
0x00007ffa5e8c0000 - 0x00007ffa5ea85000 	C:\WINDOWS\System32\USER32.dll
0x00007ffa40300000 - 0x00007ffa40593000 	C:\WINDOWS\WinSxS\amd64_microsoft.windows.common-controls_6595b64144ccf1df_6.0.26100.8037_none_3e092faae333b53b\COMCTL32.dll
0x00007ffa5e480000 - 0x00007ffa5e4a7000 	C:\WINDOWS\System32\win32u.dll
0x00007ffa5ec80000 - 0x00007ffa5ed29000 	C:\WINDOWS\System32\msvcrt.dll
0x00007ffa5fb50000 - 0x00007ffa5fb7b000 	C:\WINDOWS\System32\GDI32.dll
0x00007ffa5d1e0000 - 0x00007ffa5d30b000 	C:\WINDOWS\System32\gdi32full.dll
0x00007ffa5e4b0000 - 0x00007ffa5e553000 	C:\WINDOWS\System32\msvcp_win.dll
0x00007ffa5feb0000 - 0x00007ffa5fee1000 	C:\WINDOWS\System32\IMM32.DLL
0x00007ffa115f0000 - 0x00007ffa115fc000 	C:\Users\ranij\.pydev_vscode\java19\jdk-19.0.2+7-jre\bin\vcruntime140_1.dll
0x00007ff9d0050000 - 0x00007ff9d00e1000 	C:\Users\ranij\.pydev_vscode\java19\jdk-19.0.2+7-jre\bin\msvcp140.dll
0x00007ff977930000 - 0x00007ff978621000 	C:\Users\ranij\.pydev_vscode\java19\jdk-19.0.2+7-jre\bin\server\jvm.dll
0x00007ffa5f4f0000 - 0x00007ffa5f5ab000 	C:\WINDOWS\System32\ADVAPI32.dll
0x00007ffa60500000 - 0x00007ffa605a7000 	C:\WINDOWS\System32\sechost.dll
0x00007ffa5fef0000 - 0x00007ffa60008000 	C:\WINDOWS\System32\RPCRT4.dll
0x00007ffa588b0000 - 0x00007ffa588ba000 	C:\WINDOWS\SYSTEM32\WSOCK32.dll
0x00007ffa56f00000 - 0x00007ffa56f0b000 	C:\WINDOWS\SYSTEM32\VERSION.dll
0x00007ffa5fad0000 - 0x00007ffa5fb44000 	C:\WINDOWS\System32\WS2_32.dll
0x00007ffa56ec0000 - 0x00007ffa56ef5000 	C:\WINDOWS\SYSTEM32\WINMM.dll
0x00007ffa5bf70000 - 0x00007ffa5bf8b000 	C:\WINDOWS\SYSTEM32\kernel.appcore.dll
0x00007ffa10e40000 - 0x00007ffa10e4a000 	C:\Users\ranij\.pydev_vscode\java19\jdk-19.0.2+7-jre\bin\jimage.dll
0x00007ffa50e00000 - 0x00007ffa51042000 	C:\WINDOWS\SYSTEM32\DBGHELP.DLL
0x00007ffa600f0000 - 0x00007ffa60472000 	C:\WINDOWS\System32\combase.dll
0x00007ffa605b0000 - 0x00007ffa60687000 	C:\WINDOWS\System32\OLEAUT32.dll
0x00007ffa400a0000 - 0x00007ffa400db000 	C:\WINDOWS\SYSTEM32\dbgcore.DLL
0x00007ffa5e5f0000 - 0x00007ffa5e695000 	C:\WINDOWS\System32\bcryptPrimitives.dll
0x00007ff9eb180000 - 0x00007ff9eb1a6000 	C:\Users\ranij\.pydev_vscode\java19\jdk-19.0.2+7-jre\bin\java.dll
0x00007ff9ba8a0000 - 0x00007ff9ba976000 	C:\Users\ranij\.pydev_vscode\java19\jdk-19.0.2+7-jre\bin\jsvml.dll
0x00007ffa5ed80000 - 0x00007ffa5f4df000 	C:\WINDOWS\System32\SHELL32.dll
0x00007ffa5d3d0000 - 0x00007ffa5d53a000 	C:\WINDOWS\System32\wintypes.dll
0x00007ffa5d810000 - 0x00007ffa5e074000 	C:\WINDOWS\System32\windows.storage.dll
0x00007ffa5e7b0000 - 0x00007ffa5e8a7000 	C:\WINDOWS\System32\SHCORE.dll
0x00007ffa5fb90000 - 0x00007ffa5fbf7000 	C:\WINDOWS\System32\shlwapi.dll
0x00007ffa5d100000 - 0x00007ffa5d129000 	C:\WINDOWS\SYSTEM32\profapi.dll
0x00007ff9eaf90000 - 0x00007ff9eafa3000 	C:\Users\ranij\.pydev_vscode\java19\jdk-19.0.2+7-jre\bin\net.dll
0x00007ffa53d60000 - 0x00007ffa53e87000 	C:\WINDOWS\SYSTEM32\WINHTTP.dll
0x00007ffa5c4e0000 - 0x00007ffa5c54b000 	C:\WINDOWS\system32\mswsock.dll
0x00007ff9ea810000 - 0x00007ff9ea826000 	C:\Users\ranij\.pydev_vscode\java19\jdk-19.0.2+7-jre\bin\nio.dll
0x00007ff9ea760000 - 0x00007ff9ea778000 	C:\Users\ranij\.pydev_vscode\java19\jdk-19.0.2+7-jre\bin\zip.dll
0x00007ff9d6d80000 - 0x00007ff9d6dbe000 	C:\Users\ranij\.vscode\extensions\fabioz.vscode-pydev-0.16.0\server\plugins\org.eclipse.equinox.launcher.win32.win32.x86_64_1.2.900.v20240213-1244\eclipse_11900.dll
0x00007ffa5ea90000 - 0x00007ffa5ec25000 	C:\WINDOWS\System32\ole32.dll
0x0000000180000000 - 0x0000000180012000 	C:\Users\ranij\.vscode\extensions\fabioz.vscode-pydev-0.16.0\server\config_win\org.eclipse.osgi\13\0\.cp\os\win32\x86_64\localfile_1_0_0.dll
0x00007ff9dc7e0000 - 0x00007ff9dc7fb000 	C:\Users\ranij\.vscode\extensions\fabioz.vscode-pydev-0.16.0\server\config_win\org.eclipse.osgi\16\0\.cp\os\win32\x86_64\win32refresh.dll
0x00007ffa5c7c0000 - 0x00007ffa5c7cc000 	C:\WINDOWS\SYSTEM32\CRYPTBASE.DLL
0x00007ffa16910000 - 0x00007ffa16918000 	C:\Users\ranij\.pydev_vscode\java19\jdk-19.0.2+7-jre\bin\extnet.dll

dbghelp: loaded successfully - version: 4.0.5 - missing functions: none
symbol engine: initialized successfully - sym options: 0x614 - pdb path: .;C:\Users\ranij\.pydev_vscode\java19\jdk-19.0.2+7-jre\bin;C:\WINDOWS\SYSTEM32;C:\WINDOWS\WinSxS\amd64_microsoft.windows.common-controls_6595b64144ccf1df_6.0.26100.8037_none_3e092faae333b53b;C:\Users\ranij\.pydev_vscode\java19\jdk-19.0.2+7-jre\bin\server;C:\Users\ranij\.vscode\extensions\fabioz.vscode-pydev-0.16.0\server\plugins\org.eclipse.equinox.launcher.win32.win32.x86_64_1.2.900.v20240213-1244;C:\Users\ranij\.vscode\extensions\fabioz.vscode-pydev-0.16.0\server\config_win\org.eclipse.osgi\13\0\.cp\os\win32\x86_64;C:\Users\ranij\.vscode\extensions\fabioz.vscode-pydev-0.16.0\server\config_win\org.eclipse.osgi\16\0\.cp\os\win32\x86_64

VM Arguments:
jvm_args: --add-modules=ALL-SYSTEM --add-opens=java.base/java.util=ALL-UNNAMED --add-opens=java.base/java.lang=ALL-UNNAMED -Declipse.application=org.python.pydev.pydev_lsp.application -Dosgi.bundles.defaultStartLevel=4 -Declipse.product=org.python.pydev.pydev_lsp.product -Xmx1G -XX:+UseG1GC -XX:+UseStringDeduplication 
java_command: c:\Users\ranij\.vscode\extensions\fabioz.vscode-pydev-0.16.0\server\plugins\org.eclipse.equinox.launcher_1.6.700.v20240213-1244.jar -configuration c:\Users\ranij\.vscode\extensions\fabioz.vscode-pydev-0.16.0\server\config_win -data c:\Users\ranij\AppData\Roaming\Code\User\workspaceStorage\fd8b2cb8ee5520f83ed8649ec1cc86b8\fabioz.vscode-pydev\pydev_ws
java_class_path (initial): c:\Users\ranij\.vscode\extensions\fabioz.vscode-pydev-0.16.0\server\plugins\org.eclipse.equinox.launcher_1.6.700.v20240213-1244.jar
Launcher Type: SUN_STANDARD

[Global flags]
     intx CICompilerCount                          = 4                                         {product} {ergonomic}
     uint ConcGCThreads                            = 2                                         {product} {ergonomic}
     uint G1ConcRefinementThreads                  = 8                                         {product} {ergonomic}
   size_t G1HeapRegionSize                         = 1048576                                   {product} {ergonomic}
    uintx GCDrainStackTargetSize                   = 64                                        {product} {ergonomic}
   size_t InitialHeapSize                          = 123731968                                 {product} {ergonomic}
   size_t MarkStackSize                            = 4194304                                   {product} {ergonomic}
   size_t MaxHeapSize                              = 1073741824                                {product} {command line}
   size_t MaxNewSize                               = 643825664                                 {product} {ergonomic}
   size_t MinHeapDeltaBytes                        = 1048576                                   {product} {ergonomic}
   size_t MinHeapSize                              = 8388608                                   {product} {ergonomic}
    uintx NonNMethodCodeHeapSize                   = 5839372                                {pd product} {ergonomic}
    uintx NonProfiledCodeHeapSize                  = 122909434                              {pd product} {ergonomic}
    uintx ProfiledCodeHeapSize                     = 122909434                              {pd product} {ergonomic}
    uintx ReservedCodeCacheSize                    = 251658240                              {pd product} {ergonomic}
     bool SegmentedCodeCache                       = true                                      {product} {ergonomic}
   size_t SoftMaxHeapSize                          = 1073741824                             {manageable} {ergonomic}
     bool UseCompressedClassPointers               = true                           {product lp64_product} {ergonomic}
     bool UseCompressedOops                        = true                           {product lp64_product} {ergonomic}
     bool UseG1GC                                  = true                                      {product} {command line}
     bool UseLargePagesIndividualAllocation        = false                                  {pd product} {ergonomic}
     bool UseStringDeduplication                   = true                                      {product} {command line}

Logging:
Log output configuration:
 #0: stdout all=warning uptime,level,tags foldmultilines=false
 #1: stderr all=off uptime,level,tags foldmultilines=false

Environment Variables:
PATH=C:\Users\ranij\AppData\Local\Programs\Microsoft VS Code;C:\Program Files\Common Files\Oracle\Java\javapath;C:\Program Files (x86)\Common Files\Oracle\Java\java8path;C:\MinGW\bin;C:\Program Files\Python312\Scripts\;C:\Program Files\Python312\;C:\WINDOWS\system32;C:\WINDOWS;C:\WINDOWS\System32\Wbem;C:\WINDOWS\System32\WindowsPowerShell\v1.0\;C:\WINDOWS\System32\OpenSSH\;C:\Program Files\dotnet\;C:\Program Files\MySQL\MySQL Server 5.5\bin;C:\Program Files (x86)\Touch Portal\plugins\adb\platform-tools;C:\Program Files\HP\HP One Agent;C:\ProgramData\chocolatey\bin;C:\WINDOWS\system32;C:\WINDOWS;C:\WINDOWS\System32\Wbem;C:\WINDOWS\System32\WindowsPowerShell\v1.0\;C:\WINDOWS\System32\OpenSSH\;C:\Program Files\nodejs\;C:\Users\ranij\AppData\Roaming\Python\Python312\Scripts;C:\Program Files\Git\cmd;C:\Program Files\Git\mingw64\bin;C:\Program Files\Git\usr\bin;C:\iverilog\bin;C:\Program Files\PostgreSQL\18\bin;C:\Users\ranij\.local\bin;C:\Program Files\MySQL\MySQL Shell 8.0\bin\;C:\Users\ranij\AppData\Local\Programs\Python\Python310\Scripts\;C:\Users\ranij\AppData\Local\Programs\Python\Python310\;C:\Users\ranij\AppData\Local\Programs\Python\Python310\python.exe;C:\msys64\ucrt64\bin;C:\Program Files\JetBrains\PyCharm 2024.2.1\bin;;C:\FFmpeg;C:\Users\ranij\AppData\Local\Microsoft\WindowsApps;C:\Users\ranij\AppData\Local\Programs\Microsoft VS Code\bin;C:\Users\ranij\AppData\Roaming\npm;C:\ProgramData\ranij\GitHubDesktop\bin;C:\Users\ranij\AppData\Local\GitHubDesktop\bin;C:\Users\ranij\AppData\Local\Programs\MiKTeX\miktex\bin\x64\;C:\Program Files\JetBrains\IntelliJ IDEA 2025.1.2\bin;;C:\Program Files\JetBrains\IntelliJ IDEA Community Edition 2025.1.2\bin;;C:\Program Files\mongosh\;C:\Users\ranij\AppData\Local\Programs\Antigravity\bin
USERNAME=ranij
OS=Windows_NT
PROCESSOR_IDENTIFIER=AMD64 Family 23 Model 104 Stepping 1, AuthenticAMD
TMP=C:\Users\ranij\AppData\Local\Temp
TEMP=C:\Users\ranij\AppData\Local\Temp



---------------  S Y S T E M  ---------------

OS:
 Windows 11 , 64 bit Build 26100 (10.0.26100.7920)
OS uptime: 0 days 11:53 hours
Hyper-V role detected

CPU: total 8 (initial active 8) (8 cores per cpu, 2 threads per core) family 23 model 104 stepping 1 microcode 0x8608107, cx8, cmov, fxsr, ht, mmx, 3dnowpref, sse, sse2, sse3, ssse3, sse4a, sse4.1, sse4.2, popcnt, lzcnt, tsc, tscinvbit, avx, avx2, aes, clmul, bmi1, bmi2, adx, sha, fma, vzeroupper, clflush, clflushopt, hv, rdtscp, rdpid

Memory: 4k page, system-wide physical 7502M (539M free)
TotalPageFile size 30030M (AvailPageFile size 15M)
current process WorkingSet (physical memory assigned to process): 305M, peak: 521M
current process commit charge ("private bytes"): 364M, peak: 593M

vm_info: OpenJDK 64-Bit Server VM (19.0.2+7) for windows-amd64 JRE (19.0.2+7), built on 2023-01-17T00:00:00Z by "temurin" with MS VC++ 16.7 (VS2019)

END.
